Archive member included to satisfy reference by file (symbol)

c:/program files (x86)/stm32cubeide_1.12.1/stm32cubeide/plugins/com.st.stm32cube.ide.mcu.externaltools.gnu-tools-for-stm32.10.3-2021.10.win32_1.0.200.202301161003/tools/bin/../lib/gcc/arm-none-eabi/10.3.1/../../../../arm-none-eabi/lib/thumb/v7e-m+fp/hard\libc_nano.a(lib_a-exit.o)
                              c:/program files (x86)/stm32cubeide_1.12.1/stm32cubeide/plugins/com.st.stm32cube.ide.mcu.externaltools.gnu-tools-for-stm32.10.3-2021.10.win32_1.0.200.202301161003/tools/bin/../lib/gcc/arm-none-eabi/10.3.1/../../../../arm-none-eabi/lib/thumb/v7e-m+fp/hard/crt0.o (exit)
c:/program files (x86)/stm32cubeide_1.12.1/stm32cubeide/plugins/com.st.stm32cube.ide.mcu.externaltools.gnu-tools-for-stm32.10.3-2021.10.win32_1.0.200.202301161003/tools/bin/../lib/gcc/arm-none-eabi/10.3.1/../../../../arm-none-eabi/lib/thumb/v7e-m+fp/hard\libc_nano.a(lib_a-impure.o)
                              c:/program files (x86)/stm32cubeide_1.12.1/stm32cubeide/plugins/com.st.stm32cube.ide.mcu.externaltools.gnu-tools-for-stm32.10.3-2021.10.win32_1.0.200.202301161003/tools/bin/../lib/gcc/arm-none-eabi/10.3.1/../../../../arm-none-eabi/lib/thumb/v7e-m+fp/hard\libc_nano.a(lib_a-exit.o) (_global_impure_ptr)
c:/program files (x86)/stm32cubeide_1.12.1/stm32cubeide/plugins/com.st.stm32cube.ide.mcu.externaltools.gnu-tools-for-stm32.10.3-2021.10.win32_1.0.200.202301161003/tools/bin/../lib/gcc/arm-none-eabi/10.3.1/../../../../arm-none-eabi/lib/thumb/v7e-m+fp/hard\libc_nano.a(lib_a-init.o)
                              c:/program files (x86)/stm32cubeide_1.12.1/stm32cubeide/plugins/com.st.stm32cube.ide.mcu.externaltools.gnu-tools-for-stm32.10.3-2021.10.win32_1.0.200.202301161003/tools/bin/../lib/gcc/arm-none-eabi/10.3.1/../../../../arm-none-eabi/lib/thumb/v7e-m+fp/hard/crt0.o (__libc_init_array)
c:/program files (x86)/stm32cubeide_1.12.1/stm32cubeide/plugins/com.st.stm32cube.ide.mcu.externaltools.gnu-tools-for-stm32.10.3-2021.10.win32_1.0.200.202301161003/tools/bin/../lib/gcc/arm-none-eabi/10.3.1/../../../../arm-none-eabi/lib/thumb/v7e-m+fp/hard\libc_nano.a(lib_a-memset.o)
                              c:/program files (x86)/stm32cubeide_1.12.1/stm32cubeide/plugins/com.st.stm32cube.ide.mcu.externaltools.gnu-tools-for-stm32.10.3-2021.10.win32_1.0.200.202301161003/tools/bin/../lib/gcc/arm-none-eabi/10.3.1/../../../../arm-none-eabi/lib/thumb/v7e-m+fp/hard/crt0.o (memset)
c:/program files (x86)/stm32cubeide_1.12.1/stm32cubeide/plugins/com.st.stm32cube.ide.mcu.externaltools.gnu-tools-for-stm32.10.3-2021.10.win32_1.0.200.202301161003/tools/bin/../lib/gcc/arm-none-eabi/10.3.1/thumb/v7e-m+fp/hard\libgcc.a(_arm_muldf3.o)
                              ./Core/Src/UART.o (__aeabi_dmul)
c:/program files (x86)/stm32cubeide_1.12.1/stm32cubeide/plugins/com.st.stm32cube.ide.mcu.externaltools.gnu-tools-for-stm32.10.3-2021.10.win32_1.0.200.202301161003/tools/bin/../lib/gcc/arm-none-eabi/10.3.1/thumb/v7e-m+fp/hard\libgcc.a(_arm_addsubdf3.o)
                              ./Core/Src/UART.o (__aeabi_i2d)
c:/program files (x86)/stm32cubeide_1.12.1/stm32cubeide/plugins/com.st.stm32cube.ide.mcu.externaltools.gnu-tools-for-stm32.10.3-2021.10.win32_1.0.200.202301161003/tools/bin/../lib/gcc/arm-none-eabi/10.3.1/thumb/v7e-m+fp/hard\libgcc.a(_arm_muldivdf3.o)
                              ./Core/Src/UART.o (__aeabi_ddiv)
c:/program files (x86)/stm32cubeide_1.12.1/stm32cubeide/plugins/com.st.stm32cube.ide.mcu.externaltools.gnu-tools-for-stm32.10.3-2021.10.win32_1.0.200.202301161003/tools/bin/../lib/gcc/arm-none-eabi/10.3.1/thumb/v7e-m+fp/hard\libgcc.a(_arm_cmpdf2.o)
                              ./Core/Src/UART.o (__aeabi_dcmplt)
c:/program files (x86)/stm32cubeide_1.12.1/stm32cubeide/plugins/com.st.stm32cube.ide.mcu.externaltools.gnu-tools-for-stm32.10.3-2021.10.win32_1.0.200.202301161003/tools/bin/../lib/gcc/arm-none-eabi/10.3.1/thumb/v7e-m+fp/hard\libgcc.a(_arm_fixdfsi.o)
                              ./Core/Src/UART.o (__aeabi_d2iz)
c:/program files (x86)/stm32cubeide_1.12.1/stm32cubeide/plugins/com.st.stm32cube.ide.mcu.externaltools.gnu-tools-for-stm32.10.3-2021.10.win32_1.0.200.202301161003/tools/bin/../lib/gcc/arm-none-eabi/10.3.1/thumb/v7e-m+fp/hard\libgcc.a(_aeabi_ldivmod.o)
                              ./Core/Src/UART.o (__aeabi_ldivmod)
c:/program files (x86)/stm32cubeide_1.12.1/stm32cubeide/plugins/com.st.stm32cube.ide.mcu.externaltools.gnu-tools-for-stm32.10.3-2021.10.win32_1.0.200.202301161003/tools/bin/../lib/gcc/arm-none-eabi/10.3.1/thumb/v7e-m+fp/hard\libgcc.a(_udivmoddi4.o)
                              c:/program files (x86)/stm32cubeide_1.12.1/stm32cubeide/plugins/com.st.stm32cube.ide.mcu.externaltools.gnu-tools-for-stm32.10.3-2021.10.win32_1.0.200.202301161003/tools/bin/../lib/gcc/arm-none-eabi/10.3.1/thumb/v7e-m+fp/hard\libgcc.a(_aeabi_ldivmod.o) (__udivmoddi4)
[...]
Memory Configuration

Name             Origin             Length             Attributes
RAM              0x0000000020000000 0x0000000000008000 xrw
FLASH            0x0000000008000000 0x0000000000020000 xr
*default*        0x0000000000000000 0xffffffffffffffff

Linker script and memory map

LOAD c:/program files (x86)/stm32cubeide_1.12.1/stm32cubeide/plugins/com.st.stm32cube.ide.mcu.externaltools.gnu-tools-for-stm32.10.3-2021.10.win32_1.0.200.202301161003/tools/bin/../lib/gcc/arm-none-eabi/10.3.1/thumb/v7e-m+fp/hard/crti.o
LOAD c:/program files (x86)/stm32cubeide_1.12.1/stm32cubeide/plugins/com.st.stm32cube.ide.mcu.externaltools.gnu-tools-for-stm32.10.3-2021.10.win32_1.0.200.202301161003/tools/bin/../lib/gcc/arm-none-eabi/10.3.1/thumb/v7e-m+fp/hard/crtbegin.o
LOAD c:/program files (x86)/stm32cubeide_1.12.1/stm32cubeide/plugins/com.st.stm32cube.ide.mcu.externaltools.gnu-tools-for-stm32.10.3-2021.10.win32_1.0.200.202301161003/tools/bin/../lib/gcc/arm-none-eabi/10.3.1/../../../../arm-none-eabi/lib/thumb/v7e-m+fp/hard/crt0.o
LOAD ./Core/Src/I2C.o
LOAD ./Core/Src/SPI.o
LOAD ./Core/Src/UART.o
LOAD ./Core/Src/main.o
LOAD ./Core/Src/stm32.o
LOAD ./Core/Src/stm32g4xx_hal_msp.o
LOAD ./Core/Src/stm32g4xx_it.o
LOAD ./Core/Src/system_stm32g4xx.o
LOAD ./Core/Startup/startup_stm32g431kbux.o
LOAD ./Drivers/STM32G4xx_HAL_Driver/Src/stm32g4xx_hal.o
LOAD ./Drivers/STM32G4xx_HAL_Driver/Src/stm32g4xx_hal_adc.o
LOAD ./Drivers/STM32G4xx_HAL_Driver/Src/stm32g4xx_hal_adc_ex.o
LOAD ./Drivers/STM32G4xx_HAL_Driver/Src/stm32g4xx_hal_comp.o
LOAD ./Drivers/STM32G4xx_HAL_Driver/Src/stm32g4xx_hal_cortex.o
LOAD ./Drivers/STM32G4xx_HAL_Driver/Src/stm32g4xx_hal_dma.o
LOAD ./Drivers/STM32G4xx_HAL_Driver/Src/stm32g4xx_hal_dma_ex.o
LOAD ./Drivers/STM32G4xx_HAL_Driver/Src/stm32g4xx_hal_exti.o
LOAD ./Drivers/STM32G4xx_HAL_Driver/Src/stm32g4xx_hal_flash.o
LOAD ./Drivers/STM32G4xx_HAL_Driver/Src/stm32g4xx_hal_flash_ex.o
LOAD ./Drivers/STM32G4xx_HAL_Driver/Src/stm32g4xx_hal_flash_ramfunc.o
LOAD ./Drivers/STM32G4xx_HAL_Driver/Src/stm32g4xx_hal_gpio.o
LOAD ./Drivers/STM32G4xx_HAL_Driver/Src/stm32g4xx_hal_pwr.o
LOAD ./Drivers/STM32G4xx_HAL_Driver/Src/stm32g4xx_hal_pwr_ex.o
LOAD ./Drivers/STM32G4xx_HAL_Driver/Src/stm32g4xx_hal_rcc.o
LOAD ./Drivers/STM32G4xx_HAL_Driver/Src/stm32g4xx_hal_rcc_ex.o
LOAD ./Drivers/STM32G4xx_HAL_Driver/Src/stm32g4xx_hal_tim.o
LOAD ./Drivers/STM32G4xx_HAL_Driver/Src/stm32g4xx_hal_tim_ex.o
LOAD ./Drivers/STM32G4xx_HAL_Driver/Src/stm32g4xx_ll_adc.o
START GROUP
LOAD c:/program files (x86)/stm32cubeide_1.12.1/stm32cubeide/plugins/com.st.stm32cube.ide.mcu.externaltools.gnu-tools-for-stm32.10.3-2021.10.win32_1.0.200.202301161003/tools/bin/../lib/gcc/arm-none-eabi/10.3.1/../../../../arm-none-eabi/lib/thumb/v7e-m+fp/hard\libc_nano.a
LOAD c:/program files (x86)/stm32cubeide_1.12.1/stm32cubeide/plugins/com.st.stm32cube.ide.mcu.externaltools.gnu-tools-for-stm32.10.3-2021.10.win32_1.0.200.202301161003/tools/bin/../lib/gcc/arm-none-eabi/10.3.1/../../../../arm-none-eabi/lib/thumb/v7e-m+fp/hard\libm.a
END GROUP
START GROUP
LOAD c:/program files (x86)/stm32cubeide_1.12.1/stm32cubeide/plugins/com.st.stm32cube.ide.mcu.externaltools.gnu-tools-for-stm32.10.3-2021.10.win32_1.0.200.202301161003/tools/bin/../lib/gcc/arm-none-eabi/10.3.1/thumb/v7e-m+fp/hard\libgcc.a
LOAD c:/program files (x86)/stm32cubeide_1.12.1/stm32cubeide/plugins/com.st.stm32cube.ide.mcu.externaltools.gnu-tools-for-stm32.10.3-2021.10.win32_1.0.200.202301161003/tools/bin/../lib/gcc/arm-none-eabi/10.3.1/../../../../arm-none-eabi/lib/thumb/v7e-m+fp/hard\libc_nano.a
END GROUP
START GROUP
LOAD c:/program files (x86)/stm32cubeide_1.12.1/stm32cubeide/plugins/com.st.stm32cube.ide.mcu.externaltools.gnu-tools-for-stm32.10.3-2021.10.win32_1.0.200.202301161003/tools/bin/../lib/gcc/arm-none-eabi/10.3.1/thumb/v7e-m+fp/hard\libgcc.a
LOAD c:/program files (x86)/stm32cubeide_1.12.1/stm32cubeide/plugins/com.st.stm32cube.ide.mcu.externaltools.gnu-tools-for-stm32.10.3-2021.10.win32_1.0.200.202301161003/tools/bin/../lib/gcc/arm-none-eabi/10.3.1/../../../../arm-none-eabi/lib/thumb/v7e-m+fp/hard\libc_nano.a
LOAD c:/program files (x86)/stm32cubeide_1.12.1/stm32cubeide/plugins/com.st.stm32cube.ide.mcu.externaltools.gnu-tools-for-stm32.10.3-2021.10.win32_1.0.200.202301161003/tools/bin/../lib/gcc/arm-none-eabi/10.3.1/../../../../arm-none-eabi/lib/thumb/v7e-m+fp/hard\libnosys.a
END GROUP
START GROUP
LOAD c:/program files (x86)/stm32cubeide_1.12.1/stm32cubeide/plugins/com.st.stm32cube.ide.mcu.externaltools.gnu-tools-for-stm32.10.3-2021.10.win32_1.0.200.202301161003/tools/bin/../lib/gcc/arm-none-eabi/10.3.1/thumb/v7e-m+fp/hard\libgcc.a
LOAD c:/program files (x86)/stm32cubeide_1.12.1/stm32cubeide/plugins/com.st.stm32cube.ide.mcu.externaltools.gnu-tools-for-stm32.10.3-2021.10.win32_1.0.200.202301161003/tools/bin/../lib/gcc/arm-none-eabi/10.3.1/../../../../arm-none-eabi/lib/thumb/v7e-m+fp/hard\libc_nano.a
LOAD c:/program files (x86)/stm32cubeide_1.12.1/stm32cubeide/plugins/com.st.stm32cube.ide.mcu.externaltools.gnu-tools-for-stm32.10.3-2021.10.win32_1.0.200.202301161003/tools/bin/../lib/gcc/arm-none-eabi/10.3.1/../../../../arm-none-eabi/lib/thumb/v7e-m+fp/hard\libnosys.a
END GROUP
LOAD c:/program files (x86)/stm32cubeide_1.12.1/stm32cubeide/plugins/com.st.stm32cube.ide.mcu.externaltools.gnu-tools-for-stm32.10.3-2021.10.win32_1.0.200.202301161003/tools/bin/../lib/gcc/arm-none-eabi/10.3.1/thumb/v7e-m+fp/hard/crtend.o
LOAD c:/program files (x86)/stm32cubeide_1.12.1/stm32cubeide/plugins/com.st.stm32cube.ide.mcu.externaltools.gnu-tools-for-stm32.10.3-2021.10.win32_1.0.200.202301161003/tools/bin/../lib/gcc/arm-none-eabi/10.3.1/thumb/v7e-m+fp/hard/crtn.o
                0x0000000020008000                _estack = (ORIGIN (RAM) + LENGTH (RAM))
                0x0000000000000200                _Min_Heap_Size = 0x200
                0x0000000000000400                _Min_Stack_Size = 0x400

.isr_vector     0x0000000008000000      0x1d8
                0x0000000008000000                . = ALIGN (0x4)
 *(.isr_vector)
 .isr_vector    0x0000000008000000      0x1d8 ./Core/Startup/startup_stm32g431kbux.o
                0x0000000008000000                g_pfnVectors
                0x00000000080001d8                . = ALIGN (0x4)

.text           0x00000000080001d8     0x1cd4
                0x00000000080001d8                . = ALIGN (0x4)
 *(.text)
 .text          0x00000000080001d8       0x40 c:/program files (x86)/stm32cubeide_1.12.1/stm32cubeide/plugins/com.st.stm32cube.ide.mcu.externaltools.gnu-tools-for-stm32.10.3-2021.10.win32_1.0.200.202301161003/tools/bin/../lib/gcc/arm-none-eabi/10.3.1/thumb/v7e-m+fp/hard/crtbegin.o
 .text          0x0000000008000218       0xa0 c:/program files (x86)/stm32cubeide_1.12.1/stm32cubeide/plugins/com.st.stm32cube.ide.mcu.externaltools.gnu-tools-for-stm32.10.3-2021.10.win32_1.0.200.202301161003/tools/bin/../lib/gcc/arm-none-eabi/10.3.1/thumb/v7e-m+fp/hard\libgcc.a(_aeabi_ldivmod.o)
                0x0000000008000218                __aeabi_ldivmod
 .text          0x00000000080002b8      0x2d0 c:/program files (x86)/stm32cubeide_1.12.1/stm32cubeide/plugins/com.st.stm32cube.ide.mcu.externaltools.gnu-tools-for-stm32.10.3-2021.10.win32_1.0.200.202301161003/tools/bin/../lib/gcc/arm-none-eabi/10.3.1/thumb/v7e-m+fp/hard\libgcc.a(_udivmoddi4.o)
                0x00000000080002b8                __udivmoddi4
 .text          0x0000000008000588        0x4 c:/program files (x86)/stm32cubeide_1.12.1/stm32cubeide/plugins/com.st.stm32cube.ide.mcu.externaltools.gnu-tools-for-stm32.10.3-2021.10.win32_1.0.200.202301161003/tools/bin/../lib/gcc/arm-none-eabi/10.3.1/thumb/v7e-m+fp/hard\libgcc.a(_dvmd_tls.o)
                0x0000000008000588                __aeabi_idiv0
                0x0000000008000588                __aeabi_ldiv0
 *(.text*)
 .text.I2C_init
                0x000000000800058c       0x38 ./Core/Src/I2C.o
                0x000000000800058c                I2C_init
 .text.PMW3901_init
                0x00000000080005c4       0xd6 ./Core/Src/SPI.o
                0x00000000080005c4                PMW3901_init
 *fill*         0x000000000800069a        0x2 
 .text.PMW3901_read_deltas
                0x000000000800069c       0xd0 ./Core/Src/SPI.o
                0x000000000800069c                PMW3901_read_deltas
 .text.write_reg
                0x000000000800076c       0x7c ./Core/Src/SPI.o
                0x000000000800076c                write_reg
 .text.read_reg
                0x00000000080007e8       0xa4 ./Core/Src/SPI.o
                0x00000000080007e8                read_reg
 .text.SPI_init
                0x000000000800088c      0x120 ./Core/Src/SPI.o
                0x000000000800088c                SPI_init
 .text.SPI_write
                0x00000000080009ac       0x34 ./Core/Src/SPI.o
                0x00000000080009ac                SPI_write
 .text.UART_init
                0x00000000080009e0       0xfc ./Core/Src/UART.o
                0x00000000080009e0                UART_init
 .text.UART_send
                0x0000000008000adc       0x30 ./Core/Src/UART.o
                0x0000000008000adc                UART_send
 .text.UART_send_str
                0x0000000008000b0c       0x38 ./Core/Src/UART.o
                0x0000000008000b0c                UART_send_str
 .text.UART_write_int
                0x0000000008000b44       0xc4 ./Core/Src/UART.o
                0x0000000008000b44                UART_write_int
 .text.main     0x0000000008000c08      0x13c ./Core/Src/main.o
                0x0000000008000c08                main
 .text.GPIO_init
                0x0000000008000d44       0x20 ./Core/Src/stm32.o
                0x0000000008000d44                GPIO_init
 .text.TIM6_init
                0x0000000008000d64       0x84 ./Core/Src/stm32.o
                0x0000000008000d64                TIM6_init
 .text.delay_ms
                0x0000000008000de8       0x60 ./Core/Src/stm32.o
                0x0000000008000de8                delay_ms
 .text.delay_us
                0x0000000008000e48       0x58 ./Core/Src/stm32.o
                0x0000000008000e48                delay_us
 .text.SystemClock_Config
                0x0000000008000ea0       0x96 ./Core/Src/stm32.o
                0x0000000008000ea0                SystemClock_Config
 .text.Error_Handler
                0x0000000008000f36        0xa ./Core/Src/stm32.o
                0x0000000008000f36                Error_Handler
 .text.HAL_MspInit
                0x0000000008000f40       0x48 ./Core/Src/stm32g4xx_hal_msp.o
                0x0000000008000f40                HAL_MspInit
 .text.NMI_Handler
                0x0000000008000f88        0x6 ./Core/Src/stm32g4xx_it.o
                0x0000000008000f88                NMI_Handler
 .text.HardFault_Handler
                0x0000000008000f8e        0x6 ./Core/Src/stm32g4xx_it.o
                0x0000000008000f8e                HardFault_Handler
 .text.MemManage_Handler
                0x0000000008000f94        0x6 ./Core/Src/stm32g4xx_it.o
                0x0000000008000f94                MemManage_Handler
 .text.BusFault_Handler
                0x0000000008000f9a        0x6 ./Core/Src/stm32g4xx_it.o
                0x0000000008000f9a                BusFault_Handler
 .text.UsageFault_Handler
                0x0000000008000fa0        0x6 ./Core/Src/stm32g4xx_it.o
                0x0000000008000fa0                UsageFault_Handler
 .text.SVC_Handler
                0x0000000008000fa6        0xe ./Core/Src/stm32g4xx_it.o
                0x0000000008000fa6                SVC_Handler
 .text.DebugMon_Handler
                0x0000000008000fb4        0xe ./Core/Src/stm32g4xx_it.o
                0x0000000008000fb4                DebugMon_Handler
 .text.PendSV_Handler
                0x0000000008000fc2        0xe ./Core/Src/stm32g4xx_it.o
                0x0000000008000fc2                PendSV_Handler
 .text.SysTick_Handler
                0x0000000008000fd0        0xc ./Core/Src/stm32g4xx_it.o
                0x0000000008000fd0                SysTick_Handler
 .text.SystemInit
                0x0000000008000fdc       0x24 ./Core/Src/system_stm32g4xx.o
                0x0000000008000fdc                SystemInit
 .text.Reset_Handler
                0x0000000008001000       0x50 ./Core/Startup/startup_stm32g431kbux.o
                0x0000000008001000                Reset_Handler
 .text.Default_Handler
                0x0000000008001050        0x2 ./Core/Startup/startup_stm32g431kbux.o
                0x0000000008001050                RTC_Alarm_IRQHandler
                0x0000000008001050                EXTI2_IRQHandler
                0x0000000008001050                TIM8_TRG_COM_IRQHandler
                0x0000000008001050                TIM8_CC_IRQHandler
                0x0000000008001050                TIM1_CC_IRQHandler
                0x0000000008001050                USB_HP_IRQHandler
                0x0000000008001050                CORDIC_IRQHandler
                0x0000000008001050                EXTI3_IRQHandler
                0x0000000008001050                I2C3_ER_IRQHandler
                0x0000000008001050                EXTI0_IRQHandler
                0x0000000008001050                I2C2_EV_IRQHandler
                0x0000000008001050                FPU_IRQHandler
                0x0000000008001050                FDCAN1_IT1_IRQHandler
                0x0000000008001050                TIM1_UP_TIM16_IRQHandler
                0x0000000008001050                ADC1_2_IRQHandler
                0x0000000008001050                SPI1_IRQHandler
                0x0000000008001050                TIM6_DAC_IRQHandler
                0x0000000008001050                TIM8_UP_IRQHandler
                0x0000000008001050                DMA2_Channel2_IRQHandler
                0x0000000008001050                DMA1_Channel4_IRQHandler
                0x0000000008001050                USART3_IRQHandler
                0x0000000008001050                TIM4_IRQHandler
                0x0000000008001050                DMA2_Channel1_IRQHandler
                0x0000000008001050                I2C1_EV_IRQHandler
                0x0000000008001050                DMA1_Channel6_IRQHandler
                0x0000000008001050                UART4_IRQHandler
                0x0000000008001050                DMA2_Channel4_IRQHandler
                0x0000000008001050                TIM3_IRQHandler
                0x0000000008001050                RCC_IRQHandler
                0x0000000008001050                DMA1_Channel1_IRQHandler
                0x0000000008001050                Default_Handler
                0x0000000008001050                RTC_TAMP_LSECSS_IRQHandler
                0x0000000008001050                FMAC_IRQHandler
                0x0000000008001050                EXTI15_10_IRQHandler
                0x0000000008001050                TIM7_IRQHandler
                0x0000000008001050                UCPD1_IRQHandler
                0x0000000008001050                I2C3_EV_IRQHandler
                0x0000000008001050                EXTI9_5_IRQHandler
                0x0000000008001050                RTC_WKUP_IRQHandler
                0x0000000008001050                PVD_PVM_IRQHandler
                0x0000000008001050                SPI2_IRQHandler
                0x0000000008001050                DMA2_Channel5_IRQHandler
                0x0000000008001050                CRS_IRQHandler
                0x0000000008001050                DMA1_Channel5_IRQHandler
                0x0000000008001050                USB_LP_IRQHandler
                0x0000000008001050                EXTI4_IRQHandler
                0x0000000008001050                RNG_IRQHandler
                0x0000000008001050                TIM1_TRG_COM_TIM17_IRQHandler
                0x0000000008001050                DMA1_Channel3_IRQHandler
                0x0000000008001050                WWDG_IRQHandler
                0x0000000008001050                LPUART1_IRQHandler
                0x0000000008001050                DMA2_Channel6_IRQHandler
                0x0000000008001050                FDCAN1_IT0_IRQHandler
                0x0000000008001050                TIM2_IRQHandler
                0x0000000008001050                COMP1_2_3_IRQHandler
                0x0000000008001050                EXTI1_IRQHandler
                0x0000000008001050                USART2_IRQHandler
                0x0000000008001050                I2C2_ER_IRQHandler
                0x0000000008001050                DMA1_Channel2_IRQHandler
                0x0000000008001050                TIM8_BRK_IRQHandler
                0x0000000008001050                FLASH_IRQHandler
                0x0000000008001050                USART1_IRQHandler
                0x0000000008001050                SPI3_IRQHandler
                0x0000000008001050                I2C1_ER_IRQHandler
                0x0000000008001050                LPTIM1_IRQHandler
                0x0000000008001050                DMAMUX_OVR_IRQHandler
                0x0000000008001050                USBWakeUp_IRQHandler
                0x0000000008001050                SAI1_IRQHandler
                0x0000000008001050                DMA2_Channel3_IRQHandler
                0x0000000008001050                COMP4_IRQHandler
                0x0000000008001050                TIM1_BRK_TIM15_IRQHandler
 .text.HAL_Init
                0x0000000008001052       0x30 ./Drivers/STM32G4xx_HAL_Driver/Src/stm32g4xx_hal.o
                0x0000000008001052                HAL_Init
 *fill*         0x0000000008001082        0x2 
 .text.HAL_InitTick
                0x0000000008001084       0x74 ./Drivers/STM32G4xx_HAL_Driver/Src/stm32g4xx_hal.o
                0x0000000008001084                HAL_InitTick
 .text.HAL_IncTick
                0x00000000080010f8       0x24 ./Drivers/STM32G4xx_HAL_Driver/Src/stm32g4xx_hal.o
                0x00000000080010f8                HAL_IncTick
 .text.HAL_GetTick
                0x000000000800111c       0x18 ./Drivers/STM32G4xx_HAL_Driver/Src/stm32g4xx_hal.o
                0x000000000800111c                HAL_GetTick
 .text.__NVIC_SetPriorityGrouping
                0x0000000008001134       0x48 ./Drivers/STM32G4xx_HAL_Driver/Src/stm32g4xx_hal_cortex.o
 .text.__NVIC_GetPriorityGrouping
                0x000000000800117c       0x1c ./Drivers/STM32G4xx_HAL_Driver/Src/stm32g4xx_hal_cortex.o
 .text.__NVIC_SetPriority
                0x0000000008001198       0x54 ./Drivers/STM32G4xx_HAL_Driver/Src/stm32g4xx_hal_cortex.o
 .text.NVIC_EncodePriority
                0x00000000080011ec       0x66 ./Drivers/STM32G4xx_HAL_Driver/Src/stm32g4xx_hal_cortex.o
 *fill*         0x0000000008001252        0x2 
 .text.SysTick_Config
                0x0000000008001254       0x44 ./Drivers/STM32G4xx_HAL_Driver/Src/stm32g4xx_hal_cortex.o
 .text.HAL_NVIC_SetPriorityGrouping
                0x0000000008001298       0x16 ./Drivers/STM32G4xx_HAL_Driver/Src/stm32g4xx_hal_cortex.o
                0x0000000008001298                HAL_NVIC_SetPriorityGrouping
 .text.HAL_NVIC_SetPriority
                0x00000000080012ae       0x34 ./Drivers/STM32G4xx_HAL_Driver/Src/stm32g4xx_hal_cortex.o
                0x00000000080012ae                HAL_NVIC_SetPriority
 .text.HAL_SYSTICK_Config
                0x00000000080012e2       0x18 ./Drivers/STM32G4xx_HAL_Driver/Src/stm32g4xx_hal_cortex.o
                0x00000000080012e2                HAL_SYSTICK_Config
 *fill*         0x00000000080012fa        0x2 
 .text.HAL_PWREx_ControlVoltageScaling
                0x00000000080012fc      0x148 ./Drivers/STM32G4xx_HAL_Driver/Src/stm32g4xx_hal_pwr_ex.o
                0x00000000080012fc                HAL_PWREx_ControlVoltageScaling
 .text.HAL_RCC_OscConfig
                0x0000000008001444      0x630 ./Drivers/STM32G4xx_HAL_Driver/Src/stm32g4xx_hal_rcc.o
                0x0000000008001444                HAL_RCC_OscConfig
 .text.HAL_RCC_ClockConfig
                0x0000000008001a74      0x278 ./Drivers/STM32G4xx_HAL_Driver/Src/stm32g4xx_hal_rcc.o
                0x0000000008001a74                HAL_RCC_ClockConfig
 .text.HAL_RCC_GetSysClockFreq
                0x0000000008001cec       0xc4 ./Drivers/STM32G4xx_HAL_Driver/Src/stm32g4xx_hal_rcc.o
                0x0000000008001cec                HAL_RCC_GetSysClockFreq
 .text.RCC_GetSysClockFreqFromPLLSource
                0x0000000008001db0       0x8c ./Drivers/STM32G4xx_HAL_Driver/Src/stm32g4xx_hal_rcc.o
 .text.__libc_init_array
                0x0000000008001e3c       0x48 c:/program files (x86)/stm32cubeide_1.12.1/stm32cubeide/plugins/com.st.stm32cube.ide.mcu.externaltools.gnu-tools-for-stm32.10.3-2021.10.win32_1.0.200.202301161003/tools/bin/../lib/gcc/arm-none-eabi/10.3.1/../../../../arm-none-eabi/lib/thumb/v7e-m+fp/hard\libc_nano.a(lib_a-init.o)
                0x0000000008001e3c                __libc_init_array
 .text.memset   0x0000000008001e84       0x10 c:/program files (x86)/stm32cubeide_1.12.1/stm32cubeide/plugins/com.st.stm32cube.ide.mcu.externaltools.gnu-tools-for-stm32.10.3-2021.10.win32_1.0.200.202301161003/tools/bin/../lib/gcc/arm-none-eabi/10.3.1/../../../../arm-none-eabi/lib/thumb/v7e-m+fp/hard\libc_nano.a(lib_a-memset.o)
                0x0000000008001e84                memset
 *(.glue_7)
 .glue_7        0x0000000008001e94        0x0 linker stubs
 *(.glue_7t)
 .glue_7t       0x0000000008001e94        0x0 linker stubs
 *(.eh_frame)
 .eh_frame      0x0000000008001e94        0x0 c:/program files (x86)/stm32cubeide_1.12.1/stm32cubeide/plugins/com.st.stm32cube.ide.mcu.externaltools.gnu-tools-for-stm32.10.3-2021.10.win32_1.0.200.202301161003/tools/bin/../lib/gcc/arm-none-eabi/10.3.1/thumb/v7e-m+fp/hard/crtbegin.o
 *(.init)
 .init          0x0000000008001e94        0x4 c:/program files (x86)/stm32cubeide_1.12.1/stm32cubeide/plugins/com.st.stm32cube.ide.mcu.externaltools.gnu-tools-for-stm32.10.3-2021.10.win32_1.0.200.202301161003/tools/bin/../lib/gcc/arm-none-eabi/10.3.1/thumb/v7e-m+fp/hard/crti.o
                0x0000000008001e94                _init
 .init          0x0000000008001e98        0x8 c:/program files (x86)/stm32cubeide_1.12.1/stm32cubeide/plugins/com.st.stm32cube.ide.mcu.externaltools.gnu-tools-for-stm32.10.3-2021.10.win32_1.0.200.202301161003/tools/bin/../lib/gcc/arm-none-eabi/10.3.1/thumb/v7e-m+fp/hard/crtn.o
 *(.fini)
 .fini          0x0000000008001ea0        0x4 c:/program files (x86)/stm32cubeide_1.12.1/stm32cubeide/plugins/com.st.stm32cube.ide.mcu.externaltools.gnu-tools-for-stm32.10.3-2021.10.win32_1.0.200.202301161003/tools/bin/../lib/gcc/arm-none-eabi/10.3.1/thumb/v7e-m+fp/hard/crti.o
                0x0000000008001ea0                _fini
 .fini          0x0000000008001ea4        0x8 c:/program files (x86)/stm32cubeide_1.12.1/stm32cubeide/plugins/com.st.stm32cube.ide.mcu.externaltools.gnu-tools-for-stm32.10.3-2021.10.win32_1.0.200.202301161003/tools/bin/../lib/gcc/arm-none-eabi/10.3.1/thumb/v7e-m+fp/hard/crtn.o
                0x0000000008001eac                . = ALIGN (0x4)
                0x0000000008001eac                _etext = .

.vfp11_veneer   0x0000000008001eac        0x0
 .vfp11_veneer  0x0000000008001eac        0x0 linker stubs

.v4_bx          0x0000000008001eac        0x0
 .v4_bx         0x0000000008001eac        0x0 linker stubs

.iplt           0x0000000008001eac        0x0
 .iplt          0x0000000008001eac        0x0 c:/program files (x86)/stm32cubeide_1.12.1/stm32cubeide/plugins/com.st.stm32cube.ide.mcu.externaltools.gnu-tools-for-stm32.10.3-2021.10.win32_1.0.200.202301161003/tools/bin/../lib/gcc/arm-none-eabi/10.3.1/thumb/v7e-m+fp/hard/crtbegin.o

.rodata         0x0000000008001eac       0x30
                0x0000000008001eac                . = ALIGN (0x4)
 *(.rodata)
 .rodata        0x0000000008001eac       0x1e ./Core/Src/main.o
 *(.rodata*)
 *fill*         0x0000000008001eca        0x2 
 .rodata.AHBPrescTable
                0x0000000008001ecc       0x10 ./Core/Src/system_stm32g4xx.o
                0x0000000008001ecc                AHBPrescTable
                0x0000000008001edc                . = ALIGN (0x4)

.ARM.extab      0x0000000008001edc        0x0
                0x0000000008001edc                . = ALIGN (0x4)
 *(.ARM.extab* .gnu.linkonce.armextab.*)
                0x0000000008001edc                . = ALIGN (0x4)

.ARM            0x0000000008001edc        0x8
                0x0000000008001edc                . = ALIGN (0x4)
                0x0000000008001edc                __exidx_start = .
 *(.ARM.exidx*)
 .ARM.exidx     0x0000000008001edc        0x8 c:/program files (x86)/stm32cubeide_1.12.1/stm32cubeide/plugins/com.st.stm32cube.ide.mcu.externaltools.gnu-tools-for-stm32.10.3-2021.10.win32_1.0.200.202301161003/tools/bin/../lib/gcc/arm-none-eabi/10.3.1/thumb/v7e-m+fp/hard\libgcc.a(_udivmoddi4.o)
                0x0000000008001ee4                __exidx_end = .
                0x0000000008001ee4                . = ALIGN (0x4)

.rel.dyn        0x0000000008001ee4        0x0
 .rel.iplt      0x0000000008001ee4        0x0 c:/program files (x86)/stm32cubeide_1.12.1/stm32cubeide/plugins/com.st.stm32cube.ide.mcu.externaltools.gnu-tools-for-stm32.10.3-2021.10.win32_1.0.200.202301161003/tools/bin/../lib/gcc/arm-none-eabi/10.3.1/thumb/v7e-m+fp/hard/crtbegin.o

.preinit_array  0x0000000008001ee4        0x0
                0x0000000008001ee4                . = ALIGN (0x4)
                0x0000000008001ee4                PROVIDE (__preinit_array_start = .)
 *(.preinit_array*)
                0x0000000008001ee4                PROVIDE (__preinit_array_end = .)
                0x0000000008001ee4                . = ALIGN (0x4)

.init_array     0x0000000008001ee4        0x4
                0x0000000008001ee4                . = ALIGN (0x4)
                0x0000000008001ee4                PROVIDE (__init_array_start = .)
 *(SORT_BY_NAME(.init_array.*))
 *(.init_array*)
 .init_array    0x0000000008001ee4        0x4 c:/program files (x86)/stm32cubeide_1.12.1/stm32cubeide/plugins/com.st.stm32cube.ide.mcu.externaltools.gnu-tools-for-stm32.10.3-2021.10.win32_1.0.200.202301161003/tools/bin/../lib/gcc/arm-none-eabi/10.3.1/thumb/v7e-m+fp/hard/crtbegin.o
                0x0000000008001ee8                PROVIDE (__init_array_end = .)
                0x0000000008001ee8                . = ALIGN (0x4)

.fini_array     0x0000000008001ee8        0x4
                0x0000000008001ee8                . = ALIGN (0x4)
                [!provide]                        PROVIDE (__fini_array_start = .)
 *(SORT_BY_NAME(.fini_array.*))
 *(.fini_array*)
 .fini_array    0x0000000008001ee8        0x4 c:/program files (x86)/stm32cubeide_1.12.1/stm32cubeide/plugins/com.st.stm32cube.ide.mcu.externaltools.gnu-tools-for-stm32.10.3-2021.10.win32_1.0.200.202301161003/tools/bin/../lib/gcc/arm-none-eabi/10.3.1/thumb/v7e-m+fp/hard/crtbegin.o
                [!provide]                        PROVIDE (__fini_array_end = .)
                0x0000000008001eec                . = ALIGN (0x4)
                0x0000000008001eec                _sidata = LOADADDR (.data)

.data           0x0000000020000000        0xc load address 0x0000000008001eec
                0x0000000020000000                . = ALIGN (0x4)
                0x0000000020000000                _sdata = .
 *(.data)
 *(.data*)
 .data.SystemCoreClock
                0x0000000020000000        0x4 ./Core/Src/system_stm32g4xx.o
                0x0000000020000000                SystemCoreClock
 .data.uwTickPrio
                0x0000000020000004        0x4 ./Drivers/STM32G4xx_HAL_Driver/Src/stm32g4xx_hal.o
                0x0000000020000004                uwTickPrio
 .data.uwTickFreq
                0x0000000020000008        0x4 ./Drivers/STM32G4xx_HAL_Driver/Src/stm32g4xx_hal.o
                0x0000000020000008                uwTickFreq
 *(.RamFunc)
 *(.RamFunc*)
                0x000000002000000c                . = ALIGN (0x4)
                0x000000002000000c                _edata = .

.igot.plt       0x000000002000000c        0x0 load address 0x0000000008001ef8
 .igot.plt      0x000000002000000c        0x0 c:/program files (x86)/stm32cubeide_1.12.1/stm32cubeide/plugins/com.st.stm32cube.ide.mcu.externaltools.gnu-tools-for-stm32.10.3-2021.10.win32_1.0.200.202301161003/tools/bin/../lib/gcc/arm-none-eabi/10.3.1/thumb/v7e-m+fp/hard/crtbegin.o
                0x000000002000000c                . = ALIGN (0x4)

.bss            0x000000002000000c       0x24 load address 0x0000000008001ef8
                0x000000002000000c                _sbss = .
                0x000000002000000c                __bss_start__ = _sbss
 *(.bss)
 .bss           0x000000002000000c       0x1c c:/program files (x86)/stm32cubeide_1.12.1/stm32cubeide/plugins/com.st.stm32cube.ide.mcu.externaltools.gnu-tools-for-stm32.10.3-2021.10.win32_1.0.200.202301161003/tools/bin/../lib/gcc/arm-none-eabi/10.3.1/thumb/v7e-m+fp/hard/crtbegin.o
 *(.bss*)
 .bss.x_l.3     0x0000000020000028        0x1 ./Core/Src/SPI.o
 .bss.x_h.2     0x0000000020000029        0x1 ./Core/Src/SPI.o
 .bss.y_l.1     0x000000002000002a        0x1 ./Core/Src/SPI.o
 .bss.y_h.0     0x000000002000002b        0x1 ./Core/Src/SPI.o
 .bss.uwTick    0x000000002000002c        0x4 ./Drivers/STM32G4xx_HAL_Driver/Src/stm32g4xx_hal.o
                0x000000002000002c                uwTick
 *(COMMON)
                0x0000000020000030                . = ALIGN (0x4)
                0x0000000020000030                _ebss = .
                0x0000000020000030                __bss_end__ = _ebss

._user_heap_stack
                0x0000000020000030      0x600 load address 0x0000000008001ef8
                0x0000000020000030                . = ALIGN (0x8)
                [!provide]                        PROVIDE (end = .)
                [!provide]                        PROVIDE (_end = .)
                0x0000000020000230                . = (. + _Min_Heap_Size)
 *fill*         0x0000000020000030      0x200 
                0x0000000020000630                . = (. + _Min_Stack_Size)
 *fill*         0x0000000020000230      0x400 
                0x0000000020000630                . = ALIGN (0x8)

/DISCARD/
 libc.a(*)
 libm.a(*)
 libgcc.a(*)

.ARM.attributes
                0x0000000000000000       0x30
 *(.ARM.attributes)
 .ARM.attributes
                0x0000000000000000       0x1e c:/program files (x86)/stm32cubeide_1.12.1/stm32cubeide/plugins/com.st.stm32cube.ide.mcu.externaltools.gnu-tools-for-stm32.10.3-2021.10.win32_1.0.200.202301161003/tools/bin/../lib/gcc/arm-none-eabi/10.3.1/thumb/v7e-m+fp/hard/crti.o
 .ARM.attributes
                0x000000000000001e       0x34 c:/program files (x86)/stm32cubeide_1.12.1/stm32cubeide/plugins/com.st.stm32cube.ide.mcu.externaltools.gnu-tools-for-stm32.10.3-2021.10.win32_1.0.200.202301161003/tools/bin/../lib/gcc/arm-none-eabi/10.3.1/thumb/v7e-m+fp/hard/crtbegin.o
 .ARM.attributes
                0x0000000000000052       0x34 ./Core/Src/I2C.o
 .ARM.attributes
                0x0000000000000086       0x34 ./Core/Src/SPI.o
 .ARM.attributes
                0x00000000000000ba       0x34 ./Core/Src/UART.o
 .ARM.attributes
                0x00000000000000ee       0x34 ./Core/Src/main.o
 .ARM.attributes
                0x0000000000000122       0x34 ./Core/Src/stm32.o
 .ARM.attributes
                0x0000000000000156       0x34 ./Core/Src/stm32g4xx_hal_msp.o
 .ARM.attributes
                0x000000000000018a       0x34 ./Core/Src/stm32g4xx_it.o
 .ARM.attributes
                0x00000000000001be       0x34 ./Core/Src/system_stm32g4xx.o
 .ARM.attributes
                0x00000000000001f2       0x21 ./Core/Startup/startup_stm32g431kbux.o
 .ARM.attributes
                0x0000000000000213       0x34 ./Drivers/STM32G4xx_HAL_Driver/Src/stm32g4xx_hal.o
 .ARM.attributes
                0x0000000000000247       0x34 ./Drivers/STM32G4xx_HAL_Driver/Src/stm32g4xx_hal_cortex.o
 .ARM.attributes
                0x000000000000027b       0x34 ./Drivers/STM32G4xx_HAL_Driver/Src/stm32g4xx_hal_pwr_ex.o
 .ARM.attributes
                0x00000000000002af       0x34 ./Drivers/STM32G4xx_HAL_Driver/Src/stm32g4xx_hal_rcc.o
 .ARM.attributes
                0x00000000000002e3       0x34 c:/program files (x86)/stm32cubeide_1.12.1/stm32cubeide/plugins/com.st.stm32cube.ide.mcu.externaltools.gnu-tools-for-stm32.10.3-2021.10.win32_1.0.200.202301161003/tools/bin/../lib/gcc/arm-none-eabi/10.3.1/../../../../arm-none-eabi/lib/thumb/v7e-m+fp/hard\libc_nano.a(lib_a-init.o)
 .ARM.attributes
                0x0000000000000317       0x34 c:/program files (x86)/stm32cubeide_1.12.1/stm32cubeide/plugins/com.st.stm32cube.ide.mcu.externaltools.gnu-tools-for-stm32.10.3-2021.10.win32_1.0.200.202301161003/tools/bin/../lib/gcc/arm-none-eabi/10.3.1/../../../../arm-none-eabi/lib/thumb/v7e-m+fp/hard\libc_nano.a(lib_a-memset.o)
 .ARM.attributes
                0x000000000000034b       0x1e c:/program files (x86)/stm32cubeide_1.12.1/stm32cubeide/plugins/com.st.stm32cube.ide.mcu.externaltools.gnu-tools-for-stm32.10.3-2021.10.win32_1.0.200.202301161003/tools/bin/../lib/gcc/arm-none-eabi/10.3.1/thumb/v7e-m+fp/hard\libgcc.a(_aeabi_ldivmod.o)
 .ARM.attributes
                0x0000000000000369       0x34 c:/program files (x86)/stm32cubeide_1.12.1/stm32cubeide/plugins/com.st.stm32cube.ide.mcu.externaltools.gnu-tools-for-stm32.10.3-2021.10.win32_1.0.200.202301161003/tools/bin/../lib/gcc/arm-none-eabi/10.3.1/thumb/v7e-m+fp/hard\libgcc.a(_udivmoddi4.o)
 .ARM.attributes
                0x000000000000039d       0x1e c:/program files (x86)/stm32cubeide_1.12.1/stm32cubeide/plugins/com.st.stm32cube.ide.mcu.externaltools.gnu-tools-for-stm32.10.3-2021.10.win32_1.0.200.202301161003/tools/bin/../lib/gcc/arm-none-eabi/10.3.1/thumb/v7e-m+fp/hard\libgcc.a(_dvmd_tls.o)
 .ARM.attributes
                0x00000000000003bb       0x1e c:/program files (x86)/stm32cubeide_1.12.1/stm32cubeide/plugins/com.st.stm32cube.ide.mcu.externaltools.gnu-tools-for-stm32.10.3-2021.10.win32_1.0.200.202301161003/tools/bin/../lib/gcc/arm-none-eabi/10.3.1/thumb/v7e-m+fp/hard/crtn.o
OUTPUT(OpticalSensor.elf elf32-littlearm)
LOAD linker stubs
LOAD c:/program files (x86)/stm32cubeide_1.12.1/stm32cubeide/plugins/com.st.stm32cube.ide.mcu.externaltools.gnu-tools-for-stm32.10.3-2021.10.win32_1.0.200.202301161003/tools/bin/../lib/gcc/arm-none-eabi/10.3.1/../../../../arm-none-eabi/lib/thumb/v7e-m+fp/hard\libc.a
LOAD c:/program files (x86)/stm32cubeide_1.12.1/stm32cubeide/plugins/com.st.stm32cube.ide.mcu.externaltools.gnu-tools-for-stm32.10.3-2021.10.win32_1.0.200.202301161003/tools/bin/../lib/gcc/arm-none-eabi/10.3.1/../../../../arm-none-eabi/lib/thumb/v7e-m+fp/hard\libm.a
LOAD c:/program files (x86)/stm32cubeide_1.12.1/stm32cubeide/plugins/com.st.stm32cube.ide.mcu.externaltools.gnu-tools-for-stm32.10.3-2021.10.win32_1.0.200.202301161003/tools/bin/../lib/gcc/arm-none-eabi/10.3.1/thumb/v7e-m+fp/hard\libgcc.a

.debug_info     0x0000000000000000     0x753f
 .debug_info    0x0000000000000000      0x17a ./Core/Src/I2C.o
 .debug_info    0x000000000000017a      0x618 ./Core/Src/SPI.o
 .debug_info    0x0000000000000792      0x5c2 ./Core/Src/UART.o
 .debug_info    0x0000000000000d54      0x322 ./Core/Src/main.o
 .debug_info    0x0000000000001076     0x1725 ./Core/Src/stm32.o
 .debug_info    0x000000000000279b     0x1844 ./Core/Src/stm32g4xx_hal_msp.o
 .debug_info    0x0000000000003fdf      0x122 ./Core/Src/stm32g4xx_it.o
 .debug_info    0x0000000000004101      0x59f ./Core/Src/system_stm32g4xx.o
 .debug_info    0x00000000000046a0       0x22 ./Core/Startup/startup_stm32g431kbux.o
 .debug_info    0x00000000000046c2      0xae3 ./Drivers/STM32G4xx_HAL_Driver/Src/stm32g4xx_hal.o
 .debug_info    0x00000000000051a5      0xdc4 ./Drivers/STM32G4xx_HAL_Driver/Src/stm32g4xx_hal_cortex.o
 .debug_info    0x0000000000005f69      0x983 ./Drivers/STM32G4xx_HAL_Driver/Src/stm32g4xx_hal_pwr_ex.o
 .debug_info    0x00000000000068ec      0xc53 ./Drivers/STM32G4xx_HAL_Driver/Src/stm32g4xx_hal_rcc.o

.debug_abbrev   0x0000000000000000     0x163e
 .debug_abbrev  0x0000000000000000       0xc2 ./Core/Src/I2C.o
 .debug_abbrev  0x00000000000000c2      0x19e ./Core/Src/SPI.o
 .debug_abbrev  0x0000000000000260      0x136 ./Core/Src/UART.o
 .debug_abbrev  0x0000000000000396      0x143 ./Core/Src/main.o
 .debug_abbrev  0x00000000000004d9      0x308 ./Core/Src/stm32.o
 .debug_abbrev  0x00000000000007e1      0x265 ./Core/Src/stm32g4xx_hal_msp.o
 .debug_abbrev  0x0000000000000a46       0x74 ./Core/Src/stm32g4xx_it.o
 .debug_abbrev  0x0000000000000aba      0x116 ./Core/Src/system_stm32g4xx.o
 .debug_abbrev  0x0000000000000bd0       0x12 ./Core/Startup/startup_stm32g431kbux.o
 .debug_abbrev  0x0000000000000be2      0x269 ./Drivers/STM32G4xx_HAL_Driver/Src/stm32g4xx_hal.o
 .debug_abbrev  0x0000000000000e4b      0x30d ./Drivers/STM32G4xx_HAL_Driver/Src/stm32g4xx_hal_cortex.o
 .debug_abbrev  0x0000000000001158      0x229 ./Drivers/STM32G4xx_HAL_Driver/Src/stm32g4xx_hal_pwr_ex.o
 .debug_abbrev  0x0000000000001381      0x2bd ./Drivers/STM32G4xx_HAL_Driver/Src/stm32g4xx_hal_rcc.o

.debug_aranges  0x0000000000000000      0x700
 .debug_aranges
                0x0000000000000000       0x20 ./Core/Src/I2C.o
 .debug_aranges
                0x0000000000000020       0x50 ./Core/Src/SPI.o
 .debug_aranges
                0x0000000000000070       0x48 ./Core/Src/UART.o
 .debug_aranges
                0x00000000000000b8       0x20 ./Core/Src/main.o
 .debug_aranges
                0x00000000000000d8       0xf0 ./Core/Src/stm32.o
 .debug_aranges
                0x00000000000001c8       0x68 ./Core/Src/stm32g4xx_hal_msp.o
 .debug_aranges
                0x0000000000000230       0x60 ./Core/Src/stm32g4xx_it.o
 .debug_aranges
                0x0000000000000290       0x28 ./Core/Src/system_stm32g4xx.o
 .debug_aranges
                0x00000000000002b8       0x28 ./Core/Startup/startup_stm32g431kbux.o
 .debug_aranges
                0x00000000000002e0      0x130 ./Drivers/STM32G4xx_HAL_Driver/Src/stm32g4xx_hal.o
 .debug_aranges
                0x0000000000000410      0x118 ./Drivers/STM32G4xx_HAL_Driver/Src/stm32g4xx_hal_cortex.o
 .debug_aranges
                0x0000000000000528      0x140 ./Drivers/STM32G4xx_HAL_Driver/Src/stm32g4xx_hal_pwr_ex.o
 .debug_aranges
                0x0000000000000668       0x98 ./Drivers/STM32G4xx_HAL_Driver/Src/stm32g4xx_hal_rcc.o

.debug_ranges   0x0000000000000000      0x638
 .debug_ranges  0x0000000000000000       0x10 ./Core/Src/I2C.o
 .debug_ranges  0x0000000000000010       0x40 ./Core/Src/SPI.o
 .debug_ranges  0x0000000000000050       0x38 ./Core/Src/UART.o
 .debug_ranges  0x0000000000000088       0x10 ./Core/Src/main.o
 .debug_ranges  0x0000000000000098       0xe0 ./Core/Src/stm32.o
 .debug_ranges  0x0000000000000178       0x58 ./Core/Src/stm32g4xx_hal_msp.o
 .debug_ranges  0x00000000000001d0       0x50 ./Core/Src/stm32g4xx_it.o
 .debug_ranges  0x0000000000000220       0x18 ./Core/Src/system_stm32g4xx.o
 .debug_ranges  0x0000000000000238       0x20 ./Core/Startup/startup_stm32g431kbux.o
 .debug_ranges  0x0000000000000258      0x120 ./Drivers/STM32G4xx_HAL_Driver/Src/stm32g4xx_hal.o
 .debug_ranges  0x0000000000000378      0x108 ./Drivers/STM32G4xx_HAL_Driver/Src/stm32g4xx_hal_cortex.o
 .debug_ranges  0x0000000000000480      0x130 ./Drivers/STM32G4xx_HAL_Driver/Src/stm32g4xx_hal_pwr_ex.o
 .debug_ranges  0x00000000000005b0       0x88 ./Drivers/STM32G4xx_HAL_Driver/Src/stm32g4xx_hal_rcc.o

.debug_macro    0x0000000000000000    0x1f6d9
 .debug_macro   0x0000000000000000      0x214 ./Core/Src/I2C.o
 .debug_macro   0x0000000000000214      0xa78 ./Core/Src/I2C.o
 .debug_macro   0x0000000000000c8c      0x161 ./Core/Src/I2C.o
 .debug_macro   0x0000000000000ded       0x2e ./Core/Src/I2C.o
 .debug_macro   0x0000000000000e1b       0x28 ./Core/Src/I2C.o
 .debug_macro   0x0000000000000e43       0x22 ./Core/Src/I2C.o
 .debug_macro   0x0000000000000e65       0x8e ./Core/Src/I2C.o
 .debug_macro   0x0000000000000ef3       0x51 ./Core/Src/I2C.o
 .debug_macro   0x0000000000000f44      0x103 ./Core/Src/I2C.o
 .debug_macro   0x0000000000001047       0x6a ./Core/Src/I2C.o
 .debug_macro   0x00000000000010b1      0x1df ./Core/Src/I2C.o
 .debug_macro   0x0000000000001290       0x1c ./Core/Src/I2C.o
 .debug_macro   0x00000000000012ac       0x22 ./Core/Src/I2C.o
 .debug_macro   0x00000000000012ce       0xfb ./Core/Src/I2C.o
 .debug_macro   0x00000000000013c9     0x1011 ./Core/Src/I2C.o
 .debug_macro   0x00000000000023da      0x11f ./Core/Src/I2C.o
 .debug_macro   0x00000000000024f9    0x11396 ./Core/Src/I2C.o
 .debug_macro   0x000000000001388f       0x6d ./Core/Src/I2C.o
 .debug_macro   0x00000000000138fc     0x3554 ./Core/Src/I2C.o
 .debug_macro   0x0000000000016e50      0x174 ./Core/Src/I2C.o
 .debug_macro   0x0000000000016fc4       0x5c ./Core/Src/I2C.o
 .debug_macro   0x0000000000017020     0x141d ./Core/Src/I2C.o
 .debug_macro   0x000000000001843d      0x535 ./Core/Src/I2C.o
 .debug_macro   0x0000000000018972      0x1b6 ./Core/Src/I2C.o
 .debug_macro   0x0000000000018b28      0x288 ./Core/Src/I2C.o
 .debug_macro   0x0000000000018db0      0x41d ./Core/Src/I2C.o
 .debug_macro   0x00000000000191cd      0x18b ./Core/Src/I2C.o
 .debug_macro   0x0000000000019358       0x43 ./Core/Src/I2C.o
 .debug_macro   0x000000000001939b      0x23d ./Core/Src/I2C.o
 .debug_macro   0x00000000000195d8     0x10fd ./Core/Src/I2C.o
 .debug_macro   0x000000000001a6d5      0x72e ./Core/Src/I2C.o
 .debug_macro   0x000000000001ae03      0x391 ./Core/Src/I2C.o
 .debug_macro   0x000000000001b194      0x11d ./Core/Src/I2C.o
 .debug_macro   0x000000000001b2b1      0x401 ./Core/Src/I2C.o
 .debug_macro   0x000000000001b6b2      0x211 ./Core/Src/I2C.o
 .debug_macro   0x000000000001b8c3      0x401 ./Core/Src/I2C.o
 .debug_macro   0x000000000001bcc4      0x107 ./Core/Src/I2C.o
 .debug_macro   0x000000000001bdcb      0x122 ./Core/Src/I2C.o
 .debug_macro   0x000000000001beed      0x3d1 ./Core/Src/I2C.o
 .debug_macro   0x000000000001c2be      0xbbe ./Core/Src/I2C.o
 .debug_macro   0x000000000001ce7c      0x47e ./Core/Src/I2C.o
 .debug_macro   0x000000000001d2fa      0x306 ./Core/Src/I2C.o
 .debug_macro   0x000000000001d600      0x21e ./Core/Src/SPI.o
 .debug_macro   0x000000000001d81e      0x214 ./Core/Src/UART.o
 .debug_macro   0x000000000001da32      0x2dd ./Core/Src/main.o
 .debug_macro   0x000000000001dd0f       0x52 ./Core/Src/main.o
 .debug_macro   0x000000000001dd61       0x1e ./Core/Src/main.o
 .debug_macro   0x000000000001dd7f       0x3c ./Core/Src/main.o
 .debug_macro   0x000000000001ddbb       0x34 ./Core/Src/main.o
 .debug_macro   0x000000000001ddef       0x16 ./Core/Src/main.o
 .debug_macro   0x000000000001de05       0x43 ./Core/Src/main.o
 .debug_macro   0x000000000001de48       0x34 ./Core/Src/main.o
 .debug_macro   0x000000000001de7c       0x10 ./Core/Src/main.o
 .debug_macro   0x000000000001de8c       0x58 ./Core/Src/main.o
 .debug_macro   0x000000000001dee4       0x71 ./Core/Src/main.o
 .debug_macro   0x000000000001df55       0x1c ./Core/Src/main.o
 .debug_macro   0x000000000001df71      0x12a ./Core/Src/main.o
 .debug_macro   0x000000000001e09b      0x341 ./Core/Src/main.o
 .debug_macro   0x000000000001e3dc      0x19b ./Core/Src/main.o
 .debug_macro   0x000000000001e577      0x2b4 ./Core/Src/stm32.o
 .debug_macro   0x000000000001e82b       0x10 ./Core/Src/stm32.o
 .debug_macro   0x000000000001e83b      0x206 ./Core/Src/stm32g4xx_hal_msp.o
 .debug_macro   0x000000000001ea41      0x210 ./Core/Src/stm32g4xx_it.o
 .debug_macro   0x000000000001ec51      0x1f6 ./Core/Src/system_stm32g4xx.o
 .debug_macro   0x000000000001ee47      0x244 ./Drivers/STM32G4xx_HAL_Driver/Src/stm32g4xx_hal.o
 .debug_macro   0x000000000001f08b      0x1f6 ./Drivers/STM32G4xx_HAL_Driver/Src/stm32g4xx_hal_cortex.o
 .debug_macro   0x000000000001f281      0x220 ./Drivers/STM32G4xx_HAL_Driver/Src/stm32g4xx_hal_pwr_ex.o
 .debug_macro   0x000000000001f4a1      0x238 ./Drivers/STM32G4xx_HAL_Driver/Src/stm32g4xx_hal_rcc.o

.debug_line     0x0000000000000000     0x830c
 .debug_line    0x0000000000000000      0x78e ./Core/Src/I2C.o
 .debug_line    0x000000000000078e      0x970 ./Core/Src/SPI.o
 .debug_line    0x00000000000010fe      0x960 ./Core/Src/UART.o
 .debug_line    0x0000000000001a5e      0xa16 ./Core/Src/main.o
 .debug_line    0x0000000000002474      0xe7b ./Core/Src/stm32.o
 .debug_line    0x00000000000032ef      0x9e5 ./Core/Src/stm32g4xx_hal_msp.o
 .debug_line    0x0000000000003cd4      0x858 ./Core/Src/stm32g4xx_it.o
 .debug_line    0x000000000000452c      0x7ff ./Core/Src/system_stm32g4xx.o
 .debug_line    0x0000000000004d2b       0x89 ./Core/Startup/startup_stm32g431kbux.o
 .debug_line    0x0000000000004db4      0xb76 ./Drivers/STM32G4xx_HAL_Driver/Src/stm32g4xx_hal.o
 .debug_line    0x000000000000592a      0xd29 ./Drivers/STM32G4xx_HAL_Driver/Src/stm32g4xx_hal_cortex.o
 .debug_line    0x0000000000006653      0xd2d ./Drivers/STM32G4xx_HAL_Driver/Src/stm32g4xx_hal_pwr_ex.o
 .debug_line    0x0000000000007380      0xf8c ./Drivers/STM32G4xx_HAL_Driver/Src/stm32g4xx_hal_rcc.o

.debug_str      0x0000000000000000    0xd60eb
 .debug_str     0x0000000000000000    0xd0060 ./Core/Src/I2C.o
                                      0xd059a (size before relaxing)
 .debug_str     0x00000000000d0060      0x251 ./Core/Src/SPI.o
                                      0xd07da (size before relaxing)
 .debug_str     0x00000000000d02b1       0x9f ./Core/Src/UART.o
                                      0xd0788 (size before relaxing)
 .debug_str     0x00000000000d0350     0x362f ./Core/Src/main.o
                                      0xd3ca2 (size before relaxing)
 .debug_str     0x00000000000d397f      0xc2c ./Core/Src/stm32.o
                                      0xd4a53 (size before relaxing)
 .debug_str     0x00000000000d45ab      0x70b ./Core/Src/stm32g4xx_hal_msp.o
                                      0xd1869 (size before relaxing)
 .debug_str     0x00000000000d4cb6       0xc9 ./Core/Src/stm32g4xx_it.o
                                      0xd05ee (size before relaxing)
 .debug_str     0x00000000000d4d7f       0x87 ./Core/Src/system_stm32g4xx.o
                                      0xd0756 (size before relaxing)
 .debug_str     0x00000000000d4e06       0x36 ./Core/Startup/startup_stm32g431kbux.o
                                         0x65 (size before relaxing)
 .debug_str     0x00000000000d4e3c      0x5c7 ./Drivers/STM32G4xx_HAL_Driver/Src/stm32g4xx_hal.o
                                      0xd126e (size before relaxing)
 .debug_str     0x00000000000d5403      0x2fb ./Drivers/STM32G4xx_HAL_Driver/Src/stm32g4xx_hal_cortex.o
                                      0xd0f19 (size before relaxing)
 .debug_str     0x00000000000d56fe      0x50d ./Drivers/STM32G4xx_HAL_Driver/Src/stm32g4xx_hal_pwr_ex.o
                                      0xd0c44 (size before relaxing)
 .debug_str     0x00000000000d5c0b      0x4e0 ./Drivers/STM32G4xx_HAL_Driver/Src/stm32g4xx_hal_rcc.o
                                      0xd0e4f (size before relaxing)

.comment        0x0000000000000000       0x50
 .comment       0x0000000000000000       0x50 ./Core/Src/I2C.o
                                         0x51 (size before relaxing)
 .comment       0x0000000000000050       0x51 ./Core/Src/SPI.o
 .comment       0x0000000000000050       0x51 ./Core/Src/UART.o
 .comment       0x0000000000000050       0x51 ./Core/Src/main.o
 .comment       0x0000000000000050       0x51 ./Core/Src/stm32.o
 .comment       0x0000000000000050       0x51 ./Core/Src/stm32g4xx_hal_msp.o
 .comment       0x0000000000000050       0x51 ./Core/Src/stm32g4xx_it.o
 .comment       0x0000000000000050       0x51 ./Core/Src/system_stm32g4xx.o
 .comment       0x0000000000000050       0x51 ./Drivers/STM32G4xx_HAL_Driver/Src/stm32g4xx_hal.o
 .comment       0x0000000000000050       0x51 ./Drivers/STM32G4xx_HAL_Driver/Src/stm32g4xx_hal_cortex.o
 .comment       0x0000000000000050       0x51 ./Drivers/STM32G4xx_HAL_Driver/Src/stm32g4xx_hal_pwr_ex.o
 .comment       0x0000000000000050       0x51 ./Drivers/STM32G4xx_HAL_Driver/Src/stm32g4xx_hal_rcc.o

.debug_frame    0x0000000000000000     0x1a10
 .debug_frame   0x0000000000000000       0x38 ./Core/Src/I2C.o
 .debug_frame   0x0000000000000038      0x100 ./Core/Src/SPI.o
 .debug_frame   0x0000000000000138       0xfc ./Core/Src/UART.o
 .debug_frame   0x0000000000000234       0x3c ./Core/Src/main.o
 .debug_frame   0x0000000000000270      0x38c ./Core/Src/stm32.o
 .debug_frame   0x00000000000005fc      0x184 ./Core/Src/stm32g4xx_hal_msp.o
 .debug_frame   0x0000000000000780      0x104 ./Core/Src/stm32g4xx_it.o
 .debug_frame   0x0000000000000884       0x58 ./Core/Src/system_stm32g4xx.o
 .debug_frame   0x00000000000008dc      0x4a0 ./Drivers/STM32G4xx_HAL_Driver/Src/stm32g4xx_hal.o
 .debug_frame   0x0000000000000d7c      0x498 ./Drivers/STM32G4xx_HAL_Driver/Src/stm32g4xx_hal_cortex.o
 .debug_frame   0x0000000000001214      0x4fc ./Drivers/STM32G4xx_HAL_Driver/Src/stm32g4xx_hal_pwr_ex.o
 .debug_frame   0x0000000000001710      0x23c ./Drivers/STM32G4xx_HAL_Driver/Src/stm32g4xx_hal_rcc.o
 .debug_frame   0x000000000000194c       0x2c c:/program files (x86)/stm32cubeide_1.12.1/stm32cubeide/plugins/com.st.stm32cube.ide.mcu.externaltools.gnu-tools-for-stm32.10.3-2021.10.win32_1.0.200.202301161003/tools/bin/../lib/gcc/arm-none-eabi/10.3.1/../../../../arm-none-eabi/lib/thumb/v7e-m+fp/hard\libc_nano.a(lib_a-init.o)
 .debug_frame   0x0000000000001978       0x20 c:/program files (x86)/stm32cubeide_1.12.1/stm32cubeide/plugins/com.st.stm32cube.ide.mcu.externaltools.gnu-tools-for-stm32.10.3-2021.10.win32_1.0.200.202301161003/tools/bin/../lib/gcc/arm-none-eabi/10.3.1/../../../../arm-none-eabi/lib/thumb/v7e-m+fp/hard\libc_nano.a(lib_a-memset.o)
 .debug_frame   0x0000000000001998       0x44 c:/program files (x86)/stm32cubeide_1.12.1/stm32cubeide/plugins/com.st.stm32cube.ide.mcu.externaltools.gnu-tools-for-stm32.10.3-2021.10.win32_1.0.200.202301161003/tools/bin/../lib/gcc/arm-none-eabi/10.3.1/thumb/v7e-m+fp/hard\libgcc.a(_aeabi_ldivmod.o)
 .debug_frame   0x00000000000019dc       0x34 c:/program files (x86)/stm32cubeide_1.12.1/stm32cubeide/plugins/com.st.stm32cube.ide.mcu.externaltools.gnu-tools-for-stm32.10.3-2021.10.win32_1.0.200.202301161003/tools/bin/../lib/gcc/arm-none-eabi/10.3.1/thumb/v7e-m+fp/hard\libgcc.a(_udivmoddi4.o)
