../Core/Src/main.c:87:6:HAL_ADC_ConvCpltCallback	16	static
../Core/Src/main.c:92:6:ADC_Select_CH	16	static
../Core/Src/main.c:100:6:delay_us	16	static
../Core/Src/main.c:105:15:wait_bemf_rising	40	static
../Core/Src/main.c:127:15:wait_bemf_falling	40	static
../Core/Src/main.c:149:6:BLDC_phase	16	static
../Core/Src/main.c:203:5:main	20112	static
../Core/Src/main.c:437:6:SystemClock_Config	88	static
../Core/Src/main.c:484:13:MX_ADC1_Init	56	static
../Core/Src/main.c:548:13:MX_ADC2_Init	40	static
../Core/Src/main.c:608:13:MX_TIM1_Init	120	static
../Core/Src/main.c:710:13:MX_TIM2_Init	64	static
../Core/Src/main.c:763:13:MX_TIM4_Init	40	static
../Core/Src/main.c:803:13:MX_TIM6_Init	24	static
../Core/Src/main.c:841:13:MX_USART2_UART_Init	8	static
../Core/Src/main.c:889:13:MX_GPIO_Init	40	static
../Core/Src/main.c:918:6:Error_Handler	4	static,ignoring_inline_asm
