../Core/Src/main.c:82:5:main	72	static
../Core/Src/main.c:280:6:SystemClock_Config	88	static
../Core/Src/main.c:327:13:MX_ADC1_Init	56	static
../Core/Src/main.c:405:13:MX_ADC2_Init	40	static
../Core/Src/main.c:474:13:MX_TIM1_Init	120	static
../Core/Src/main.c:568:13:MX_TIM2_Init	64	static
../Core/Src/main.c:626:13:MX_TIM6_Init	24	static
../Core/Src/main.c:664:13:MX_USART2_UART_Init	8	static
../Core/Src/main.c:710:13:MX_DMA_Init	16	static
../Core/Src/main.c:732:13:MX_GPIO_Init	40	static
../Core/Src/main.c:759:6:Error_Handler	4	static,ignoring_inline_asm
