../Core/Src/main.c:81:6:BLDC_phase	16	static
../Core/Src/main.c:133:5:main	24	static
../Core/Src/main.c:229:6:SystemClock_Config	88	static
../Core/Src/main.c:276:13:MX_ADC1_Init	56	static
../Core/Src/main.c:344:13:MX_ADC2_Init	40	static
../Core/Src/main.c:403:13:MX_COMP1_Init	8	static
../Core/Src/main.c:435:13:MX_COMP2_Init	8	static
../Core/Src/main.c:467:13:MX_TIM1_Init	120	static
../Core/Src/main.c:572:13:MX_TIM2_Init	64	static
../Core/Src/main.c:630:13:MX_TIM8_Init	80	static
../Core/Src/main.c:687:6:Error_Handler	4	static,ignoring_inline_asm
