../Core/Src/main.c:26:6:BLDC_phase	16	static
../Core/Src/main.c:78:5:main	16	static
../Core/Src/main.c:118:6:SystemClock_Config	88	static
../Core/Src/main.c:165:13:MX_ADC1_Init	56	static
../Core/Src/main.c:233:13:MX_ADC2_Init	40	static
../Core/Src/main.c:292:13:MX_COMP1_Init	8	static
../Core/Src/main.c:324:13:MX_COMP2_Init	8	static
../Core/Src/main.c:356:13:MX_TIM1_Init	120	static
../Core/Src/main.c:451:13:MX_TIM2_Init	64	static
../Core/Src/main.c:509:13:MX_TIM8_Init	80	static
../Core/Src/main.c:571:13:MX_USART2_UART_Init	8	static
../Core/Src/main.c:619:13:MX_GPIO_Init	24	static
../Core/Src/main.c:637:6:Error_Handler	4	static,ignoring_inline_asm
