../Drivers/CMSIS/Include/core_cm4.h:1679:22:__NVIC_EnableIRQ	16	static,ignoring_inline_asm
../Drivers/CMSIS/Include/core_cm4.h:1809:22:__NVIC_SetPriority	16	static
../Core/Src/stm32.c:16:6:GPIO_init	4	static
../Core/Src/stm32.c:32:6:TIM1_on	4	static
../Core/Src/stm32.c:36:6:TIM2_on	4	static
../Core/Src/stm32.c:40:6:TIM3_on	4	static
../Core/Src/stm32.c:44:6:TIM4_on	4	static
../Core/Src/stm32.c:48:6:TIM6_on	4	static
../Core/Src/stm32.c:52:6:TIM7_on	4	static
../Core/Src/stm32.c:58:6:TIM8_on	4	static
../Core/Src/stm32.c:62:6:TIM1_off	4	static
../Core/Src/stm32.c:66:6:TIM2_off	4	static
../Core/Src/stm32.c:70:6:TIM3_off	4	static
../Core/Src/stm32.c:74:6:TIM4_off	4	static
../Core/Src/stm32.c:78:6:TIM6_off	4	static
../Core/Src/stm32.c:82:6:TIM7_off	4	static
../Core/Src/stm32.c:86:6:TIM8_off	4	static
../Core/Src/stm32.c:92:6:TIM1_init	4	static
../Core/Src/stm32.c:160:6:TIM2_init	16	static
../Core/Src/stm32.c:182:6:delay_ms	16	static
../Core/Src/stm32.c:190:6:TIM3_init	16	static
../Core/Src/stm32.c:211:6:TIM8_init	4	static
../Core/Src/stm32.c:244:6:SystemClock_Config	88	static
../Core/Src/stm32.c:285:6:MX_ADC1_Init	56	static
../Core/Src/stm32.c:328:6:MX_ADC2_Init	40	static
../Core/Src/stm32.c:364:6:MX_COMP1_Init	8	static
../Core/Src/stm32.c:379:6:MX_COMP2_Init	8	static
../Core/Src/stm32.c:393:6:Error_Handler	4	static,ignoring_inline_asm
