../Drivers/CMSIS/Include/core_cm4.h:1679:22:__NVIC_EnableIRQ	16	static,ignoring_inline_asm
../Drivers/CMSIS/Include/core_cm4.h:1809:22:__NVIC_SetPriority	16	static
../Core/Src/stm32.c:9:6:GPIO_init	4	static
../Core/Src/stm32.c:30:6:TIM1_on	4	static
../Core/Src/stm32.c:34:6:TIM2_on	4	static
../Core/Src/stm32.c:38:6:TIM3_on	4	static
../Core/Src/stm32.c:42:6:TIM4_on	4	static
../Core/Src/stm32.c:46:6:TIM6_on	4	static
../Core/Src/stm32.c:50:6:TIM7_on	4	static
../Core/Src/stm32.c:56:6:TIM8_on	4	static
../Core/Src/stm32.c:60:6:TIM1_off	4	static
../Core/Src/stm32.c:64:6:TIM2_off	4	static
../Core/Src/stm32.c:68:6:TIM3_off	4	static
../Core/Src/stm32.c:72:6:TIM4_off	4	static
../Core/Src/stm32.c:76:6:TIM6_off	4	static
../Core/Src/stm32.c:80:6:TIM7_off	4	static
../Core/Src/stm32.c:84:6:TIM8_off	4	static
../Core/Src/stm32.c:90:6:TIM1_init	8	static
../Core/Src/stm32.c:182:6:TIM2_init	8	static
../Core/Src/stm32.c:205:6:TIM3_init	16	static
../Core/Src/stm32.c:226:6:TIM4_init	8	static
../Core/Src/stm32.c:250:6:TIM6_init	16	static
../Core/Src/stm32.c:270:6:delay_ms	16	static
../Core/Src/stm32.c:279:6:delay_us	16	static
../Core/Src/stm32.c:288:6:TIM8_init	4	static
../Core/Src/stm32.c:321:6:SystemClock_Config	88	static
../Core/Src/stm32.c:362:6:Error_Handler	4	static,ignoring_inline_asm
