19:07:55 **** Incremental Build of configuration Debug for project ESC_G4 ****
make -j20 all 
arm-none-eabi-gcc "../Core/Src/main.c" -mcpu=cortex-m4 -std=gnu11 -g3 -DDEBUG -DUSE_HAL_DRIVER -DSTM32G431xx -c -I../Core/Inc -I../Drivers/STM32G4xx_HAL_Driver/Inc -I../Drivers/STM32G4xx_HAL_Driver/Inc/Legacy -I../Drivers/CMSIS/Device/ST/STM32G4xx/Include -I../Drivers/CMSIS/Include -O0 -ffunction-sections -fdata-sections -Wall -fstack-usage -MMD -MP -MF"Core/Src/main.d" -MT"Core/Src/main.o" --specs=nano.specs -mfpu=fpv4-sp-d16 -mfloat-abi=hard -mthumb -o "Core/Src/main.o"
../Core/Src/main.c: In function 'main':
../Core/Src/main.c:142:7: warning: implicit declaration of function 'snprintf' [-Wimplicit-function-declaration]
  142 |   c = snprintf(temp, sizeof(temp),"U, V, W, X\n");
      |       ^~~~~~~~
../Core/Src/main.c:142:7: warning: incompatible implicit declaration of built-in function 'snprintf'
../Core/Src/main.c:21:1: note: include '<stdio.h>' or provide a declaration of 'snprintf'
   20 | #include "main.h"
  +++ |+#include <stdio.h>
   21 | 
../Core/Src/main.c:142:16: warning: pointer targets in passing argument 1 of 'snprintf' differ in signedness [-Wpointer-sign]
  142 |   c = snprintf(temp, sizeof(temp),"U, V, W, X\n");
      |                ^~~~
      |                |
      |                unsigned char *
../Core/Src/main.c:142:16: note: expected 'char *' but argument is of type 'unsigned char *'
../Core/Src/main.c:163:18: warning: pointer targets in passing argument 1 of 'snprintf' differ in signedness [-Wpointer-sign]
  163 |     c = snprintf(temp, sizeof(temp),"%d, %d\n", val2[0], val2[1]);
      |                  ^~~~
      |                  |
      |                  unsigned char *
../Core/Src/main.c:163:18: note: expected 'char *' but argument is of type 'unsigned char *'
arm-none-eabi-gcc -o "ESC_G4.elf" @"objects.list"   -mcpu=cortex-m4 -T"D:\Projects\STM32-Projects\ESC_G4\STM32G431KBUX_FLASH.ld" --specs=nosys.specs -Wl,-Map="ESC_G4.map" -Wl,--gc-sections -static --specs=nano.specs -mfpu=fpv4-sp-d16 -mfloat-abi=hard -mthumb -Wl,--start-group -lc -lm -Wl,--end-group
Finished building target: ESC_G4.elf
 
arm-none-eabi-size   ESC_G4.elf 
arm-none-eabi-objdump -h -S  ESC_G4.elf  > "ESC_G4.list"
   text	   data	    bss	    dec	    hex	filename
  28948	    120	   2384	  31452	   7adc	ESC_G4.elf
Finished building: default.size.stdout
 
Finished building: ESC_G4.list
 

19:07:55 Build Finished. 0 errors, 4 warnings. (took 732ms)

