19:56:40 **** Incremental Build of configuration Debug for project ESC_G4 ****
make -j20 all 
arm-none-eabi-size   ESC_G4.elf 
   text	   data	    bss	    dec	    hex	filename
  26772	    120	  22112	  49004	   bf6c	ESC_G4.elf
Finished building: default.size.stdout
 
19:56:52 **** Incremental Build of configuration Debug for project ESC_F0 ****
make -j20 all 
arm-none-eabi-size   ESC_F0.elf 
   text	   data	    bss	    dec	    hex	filename
  15100	     20	   1980	  17100	   42cc	ESC_F0.elf
Finished building: default.size.stdout
 
19:56:52 **** Incremental Build of configuration Debug for project ESC_G4 ****
make -j20 all 
arm-none-eabi-size   ESC_G4.elf 
   text	   data	    bss	    dec	    hex	filename
  26772	    120	  22112	  49004	   bf6c	ESC_G4.elf
Finished building: default.size.stdout
 
19:56:52 **** Incremental Build of configuration Debug for project ESC_G4_COMP ****
make -j20 all 
arm-none-eabi-size   ESC_G4_COMP.elf 
   text	   data	    bss	    dec	    hex	filename
  26772	    120	  22112	  49004	   bf6c	ESC_G4_COMP.elf
Finished building: default.size.stdout
 
19:57:12 **** Incremental Build of configuration Debug for project ESC_G4 ****
make -j20 all 
arm-none-eabi-size   ESC_G4.elf 
   text	   data	    bss	    dec	    hex	filename
  26772	    120	  22112	  49004	   bf6c	ESC_G4.elf
Finished building: default.size.stdout
 
19:58:02 **** Incremental Build of configuration Debug for project ESC_G4 ****
make -j20 all 
arm-none-eabi-size   ESC_G4.elf 
   text	   data	    bss	    dec	    hex	filename
  26772	    120	  22112	  49004	   bf6c	ESC_G4.elf
Finished building: default.size.stdout
 
20:01:06 **** Incremental Build of configuration Debug for project ESC_G4 ****
make -j20 all 
arm-none-eabi-gcc "../Core/Src/main.c" -mcpu=cortex-m4 -std=gnu11 -g3 -DDEBUG -DUSE_HAL_DRIVER -DSTM32G431xx -c -I../Core/Inc -I../Drivers/STM32G4xx_HAL_Driver/Inc -I../Drivers/STM32G4xx_HAL_Driver/Inc/Legacy -I../Drivers/CMSIS/Device/ST/STM32G4xx/Include -I../Drivers/CMSIS/Include -O0 -ffunction-sections -fdata-sections -Wall -fstack-usage -MMD -MP -MF"Core/Src/main.d" -MT"Core/Src/main.o" --specs=nano.specs -mfpu=fpv4-sp-d16 -mfloat-abi=hard -mthumb -o "Core/Src/main.o"
../Core/Src/main.c: In function 'main':
../Core/Src/main.c:394:7: warning: implicit declaration of function 'snprintf' [-Wimplicit-function-declaration]
  394 |   c = snprintf(temp, sizeof(temp),"%d, %d\n", adc_uvw[i], adc_x[i]);
      |       ^~~~~~~~
../Core/Src/main.c:394:7: warning: incompatible implicit declaration of built-in function 'snprintf'
../Core/Src/main.c:21:1: note: include '<stdio.h>' or provide a declaration of 'snprintf'
   20 | #include "main.h"
  +++ |+#include <stdio.h>
   21 | 
../Core/Src/main.c:394:16: warning: pointer targets in passing argument 1 of 'snprintf' differ in signedness [-Wpointer-sign]
  394 |   c = snprintf(temp, sizeof(temp),"%d, %d\n", adc_uvw[i], adc_x[i]);
      |                ^~~~
      |                |
      |                unsigned char *
../Core/Src/main.c:394:16: note: expected 'char *' but argument is of type 'unsigned char *'
../Core/Src/main.c: In function 'MX_ADC1_Init':
../Core/Src/main.c:460:24: warning: unused variable 'multimode' [-Wunused-variable]
  460 |   ADC_MultiModeTypeDef multimode = {0};
      |                        ^~~~~~~~~
At top level:
../Core/Src/main.c:775:13: warning: 'MX_USART2_UART_Init' defined but not used [-Wunused-function]
  775 | static void MX_USART2_UART_Init(void)
      |             ^~~~~~~~~~~~~~~~~~~
../Core/Src/main.c:737:13: warning: 'MX_TIM6_Init' defined but not used [-Wunused-function]
  737 | static void MX_TIM6_Init(void)
      |             ^~~~~~~~~~~~
arm-none-eabi-gcc -o "ESC_G4.elf" @"objects.list"   -mcpu=cortex-m4 -T"D:\Projects\STM32-Projects\ESC_G4\STM32G431KBUX_FLASH.ld" --specs=nosys.specs -Wl,-Map="ESC_G4.map" -Wl,--gc-sections -static --specs=nano.specs -mfpu=fpv4-sp-d16 -mfloat-abi=hard -mthumb -Wl,--start-group -lc -lm -Wl,--end-group
Finished building target: ESC_G4.elf
 
arm-none-eabi-size   ESC_G4.elf 
arm-none-eabi-objdump -h -S  ESC_G4.elf  > "ESC_G4.list"
   text	   data	    bss	    dec	    hex	filename
  26752	    120	  22112	  48984	   bf58	ESC_G4.elf
Finished building: default.size.stdout
 
Finished building: ESC_G4.list
 
20:01:24 **** Incremental Build of configuration Debug for project ESC_G4 ****
make -j20 all 
arm-none-eabi-gcc "../Core/Src/main.c" -mcpu=cortex-m4 -std=gnu11 -g3 -DDEBUG -DUSE_HAL_DRIVER -DSTM32G431xx -c -I../Core/Inc -I../Drivers/STM32G4xx_HAL_Driver/Inc -I../Drivers/STM32G4xx_HAL_Driver/Inc/Legacy -I../Drivers/CMSIS/Device/ST/STM32G4xx/Include -I../Drivers/CMSIS/Include -O0 -ffunction-sections -fdata-sections -Wall -fstack-usage -MMD -MP -MF"Core/Src/main.d" -MT"Core/Src/main.o" --specs=nano.specs -mfpu=fpv4-sp-d16 -mfloat-abi=hard -mthumb -o "Core/Src/main.o"
../Core/Src/main.c: In function 'main':
../Core/Src/main.c:394:7: warning: implicit declaration of function 'snprintf' [-Wimplicit-function-declaration]
  394 |   c = snprintf(temp, sizeof(temp),"%d, %d\n", adc_uvw[i], adc_x[i]);
      |       ^~~~~~~~
../Core/Src/main.c:394:7: warning: incompatible implicit declaration of built-in function 'snprintf'
../Core/Src/main.c:21:1: note: include '<stdio.h>' or provide a declaration of 'snprintf'
   20 | #include "main.h"
  +++ |+#include <stdio.h>
   21 | 
../Core/Src/main.c:394:16: warning: pointer targets in passing argument 1 of 'snprintf' differ in signedness [-Wpointer-sign]
  394 |   c = snprintf(temp, sizeof(temp),"%d, %d\n", adc_uvw[i], adc_x[i]);
      |                ^~~~
      |                |
      |                unsigned char *
../Core/Src/main.c:394:16: note: expected 'char *' but argument is of type 'unsigned char *'
../Core/Src/main.c: In function 'MX_ADC1_Init':
../Core/Src/main.c:460:24: warning: unused variable 'multimode' [-Wunused-variable]
  460 |   ADC_MultiModeTypeDef multimode = {0};
      |                        ^~~~~~~~~
At top level:
../Core/Src/main.c:775:13: warning: 'MX_USART2_UART_Init' defined but not used [-Wunused-function]
  775 | static void MX_USART2_UART_Init(void)
      |             ^~~~~~~~~~~~~~~~~~~
../Core/Src/main.c:737:13: warning: 'MX_TIM6_Init' defined but not used [-Wunused-function]
  737 | static void MX_TIM6_Init(void)
      |             ^~~~~~~~~~~~
arm-none-eabi-gcc -o "ESC_G4.elf" @"objects.list"   -mcpu=cortex-m4 -T"D:\Projects\STM32-Projects\ESC_G4\STM32G431KBUX_FLASH.ld" --specs=nosys.specs -Wl,-Map="ESC_G4.map" -Wl,--gc-sections -static --specs=nano.specs -mfpu=fpv4-sp-d16 -mfloat-abi=hard -mthumb -Wl,--start-group -lc -lm -Wl,--end-group
Finished building target: ESC_G4.elf
 
arm-none-eabi-size   ESC_G4.elf 
arm-none-eabi-objdump -h -S  ESC_G4.elf  > "ESC_G4.list"
   text	   data	    bss	    dec	    hex	filename
  26696	    120	  22112	  48928	   bf20	ESC_G4.elf
Finished building: default.size.stdout
 
Finished building: ESC_G4.list
 
20:01:51 **** Incremental Build of configuration Debug for project ESC_G4 ****
make -j20 all 
arm-none-eabi-gcc "../Core/Src/main.c" -mcpu=cortex-m4 -std=gnu11 -g3 -DDEBUG -DUSE_HAL_DRIVER -DSTM32G431xx -c -I../Core/Inc -I../Drivers/STM32G4xx_HAL_Driver/Inc -I../Drivers/STM32G4xx_HAL_Driver/Inc/Legacy -I../Drivers/CMSIS/Device/ST/STM32G4xx/Include -I../Drivers/CMSIS/Include -O0 -ffunction-sections -fdata-sections -Wall -fstack-usage -MMD -MP -MF"Core/Src/main.d" -MT"Core/Src/main.o" --specs=nano.specs -mfpu=fpv4-sp-d16 -mfloat-abi=hard -mthumb -o "Core/Src/main.o"
../Core/Src/main.c: In function 'main':
../Core/Src/main.c:394:7: warning: implicit declaration of function 'snprintf' [-Wimplicit-function-declaration]
  394 |   c = snprintf(temp, sizeof(temp),"%d, %d\n", adc_uvw[i], adc_x[i]);
      |       ^~~~~~~~
../Core/Src/main.c:394:7: warning: incompatible implicit declaration of built-in function 'snprintf'
../Core/Src/main.c:21:1: note: include '<stdio.h>' or provide a declaration of 'snprintf'
   20 | #include "main.h"
  +++ |+#include <stdio.h>
   21 | 
../Core/Src/main.c:394:16: warning: pointer targets in passing argument 1 of 'snprintf' differ in signedness [-Wpointer-sign]
  394 |   c = snprintf(temp, sizeof(temp),"%d, %d\n", adc_uvw[i], adc_x[i]);
      |                ^~~~
      |                |
      |                unsigned char *
../Core/Src/main.c:394:16: note: expected 'char *' but argument is of type 'unsigned char *'
../Core/Src/main.c: In function 'MX_ADC1_Init':
../Core/Src/main.c:460:24: warning: unused variable 'multimode' [-Wunused-variable]
  460 |   ADC_MultiModeTypeDef multimode = {0};
      |                        ^~~~~~~~~
At top level:
../Core/Src/main.c:775:13: warning: 'MX_USART2_UART_Init' defined but not used [-Wunused-function]
  775 | static void MX_USART2_UART_Init(void)
      |             ^~~~~~~~~~~~~~~~~~~
../Core/Src/main.c:737:13: warning: 'MX_TIM6_Init' defined but not used [-Wunused-function]
  737 | static void MX_TIM6_Init(void)
      |             ^~~~~~~~~~~~
arm-none-eabi-gcc -o "ESC_G4.elf" @"objects.list"   -mcpu=cortex-m4 -T"D:\Projects\STM32-Projects\ESC_G4\STM32G431KBUX_FLASH.ld" --specs=nosys.specs -Wl,-Map="ESC_G4.map" -Wl,--gc-sections -static --specs=nano.specs -mfpu=fpv4-sp-d16 -mfloat-abi=hard -mthumb -Wl,--start-group -lc -lm -Wl,--end-group
Finished building target: ESC_G4.elf
 
arm-none-eabi-size   ESC_G4.elf 
arm-none-eabi-objdump -h -S  ESC_G4.elf  > "ESC_G4.list"
   text	   data	    bss	    dec	    hex	filename
  26684	    120	  22112	  48916	   bf14	ESC_G4.elf
Finished building: default.size.stdout
 
Finished building: ESC_G4.list
 
20:06:39 **** Incremental Build of configuration Debug for project ESC_G4 ****
make -j20 all 
arm-none-eabi-gcc "../Core/Src/main.c" -mcpu=cortex-m4 -std=gnu11 -g3 -DDEBUG -DUSE_HAL_DRIVER -DSTM32G431xx -c -I../Core/Inc -I../Drivers/STM32G4xx_HAL_Driver/Inc -I../Drivers/STM32G4xx_HAL_Driver/Inc/Legacy -I../Drivers/CMSIS/Device/ST/STM32G4xx/Include -I../Drivers/CMSIS/Include -O0 -ffunction-sections -fdata-sections -Wall -fstack-usage -MMD -MP -MF"Core/Src/main.d" -MT"Core/Src/main.o" --specs=nano.specs -mfpu=fpv4-sp-d16 -mfloat-abi=hard -mthumb -o "Core/Src/main.o"
../Core/Src/main.c: In function 'main':
../Core/Src/main.c:394:7: warning: implicit declaration of function 'snprintf' [-Wimplicit-function-declaration]
  394 |   c = snprintf(temp, sizeof(temp),"%d, %d\n", adc_uvw[i], adc_x[i]);
      |       ^~~~~~~~
../Core/Src/main.c:394:7: warning: incompatible implicit declaration of built-in function 'snprintf'
../Core/Src/main.c:21:1: note: include '<stdio.h>' or provide a declaration of 'snprintf'
   20 | #include "main.h"
  +++ |+#include <stdio.h>
   21 | 
../Core/Src/main.c:394:16: warning: pointer targets in passing argument 1 of 'snprintf' differ in signedness [-Wpointer-sign]
  394 |   c = snprintf(temp, sizeof(temp),"%d, %d\n", adc_uvw[i], adc_x[i]);
      |                ^~~~
      |                |
      |                unsigned char *
../Core/Src/main.c:394:16: note: expected 'char *' but argument is of type 'unsigned char *'
../Core/Src/main.c: In function 'MX_ADC1_Init':
../Core/Src/main.c:460:24: warning: unused variable 'multimode' [-Wunused-variable]
  460 |   ADC_MultiModeTypeDef multimode = {0};
      |                        ^~~~~~~~~
At top level:
../Core/Src/main.c:737:13: warning: 'MX_TIM6_Init' defined but not used [-Wunused-function]
  737 | static void MX_TIM6_Init(void)
      |             ^~~~~~~~~~~~
arm-none-eabi-gcc -o "ESC_G4.elf" @"objects.list"   -mcpu=cortex-m4 -T"D:\Projects\STM32-Projects\ESC_G4\STM32G431KBUX_FLASH.ld" --specs=nosys.specs -Wl,-Map="ESC_G4.map" -Wl,--gc-sections -static --specs=nano.specs -mfpu=fpv4-sp-d16 -mfloat-abi=hard -mthumb -Wl,--start-group -lc -lm -Wl,--end-group
Finished building target: ESC_G4.elf
 
arm-none-eabi-size   ESC_G4.elf 
arm-none-eabi-objdump -h -S  ESC_G4.elf  > "ESC_G4.list"
   text	   data	    bss	    dec	    hex	filename
  30572	    120	  22112	  52804	   ce44	ESC_G4.elf
Finished building: default.size.stdout
 
Finished building: ESC_G4.list
 
20:09:21 **** Incremental Build of configuration Debug for project ESC_G4 ****
make -j20 all 
arm-none-eabi-gcc "../Core/Src/main.c" -mcpu=cortex-m4 -std=gnu11 -g3 -DDEBUG -DUSE_HAL_DRIVER -DSTM32G431xx -c -I../Core/Inc -I../Drivers/STM32G4xx_HAL_Driver/Inc -I../Drivers/STM32G4xx_HAL_Driver/Inc/Legacy -I../Drivers/CMSIS/Device/ST/STM32G4xx/Include -I../Drivers/CMSIS/Include -O0 -ffunction-sections -fdata-sections -Wall -fstack-usage -MMD -MP -MF"Core/Src/main.d" -MT"Core/Src/main.o" --specs=nano.specs -mfpu=fpv4-sp-d16 -mfloat-abi=hard -mthumb -o "Core/Src/main.o"
../Core/Src/main.c: In function 'main':
../Core/Src/main.c:394:7: warning: implicit declaration of function 'snprintf' [-Wimplicit-function-declaration]
  394 |   c = snprintf(temp, sizeof(temp),"%d, %d\n", adc_uvw[i], adc_x[i]);
      |       ^~~~~~~~
../Core/Src/main.c:394:7: warning: incompatible implicit declaration of built-in function 'snprintf'
../Core/Src/main.c:21:1: note: include '<stdio.h>' or provide a declaration of 'snprintf'
   20 | #include "main.h"
  +++ |+#include <stdio.h>
   21 | 
../Core/Src/main.c:394:16: warning: pointer targets in passing argument 1 of 'snprintf' differ in signedness [-Wpointer-sign]
  394 |   c = snprintf(temp, sizeof(temp),"%d, %d\n", adc_uvw[i], adc_x[i]);
      |                ^~~~
      |                |
      |                unsigned char *
../Core/Src/main.c:394:16: note: expected 'char *' but argument is of type 'unsigned char *'
../Core/Src/main.c: In function 'MX_ADC1_Init':
../Core/Src/main.c:460:24: warning: unused variable 'multimode' [-Wunused-variable]
  460 |   ADC_MultiModeTypeDef multimode = {0};
      |                        ^~~~~~~~~
At top level:
../Core/Src/main.c:737:13: warning: 'MX_TIM6_Init' defined but not used [-Wunused-function]
  737 | static void MX_TIM6_Init(void)
      |             ^~~~~~~~~~~~
arm-none-eabi-gcc -o "ESC_G4.elf" @"objects.list"   -mcpu=cortex-m4 -T"D:\Projects\STM32-Projects\ESC_G4\STM32G431KBUX_FLASH.ld" --specs=nosys.specs -Wl,-Map="ESC_G4.map" -Wl,--gc-sections -static --specs=nano.specs -mfpu=fpv4-sp-d16 -mfloat-abi=hard -mthumb -Wl,--start-group -lc -lm -Wl,--end-group
Finished building target: ESC_G4.elf
 
arm-none-eabi-size   ESC_G4.elf 
arm-none-eabi-objdump -h -S  ESC_G4.elf  > "ESC_G4.list"
   text	   data	    bss	    dec	    hex	filename
  30540	    120	  22112	  52772	   ce24	ESC_G4.elf
Finished building: default.size.stdout
 
Finished building: ESC_G4.list
 
20:12:37 **** Incremental Build of configuration Debug for project ESC_G4 ****
make -j20 all 
arm-none-eabi-gcc "../Core/Src/main.c" -mcpu=cortex-m4 -std=gnu11 -g3 -DDEBUG -DUSE_HAL_DRIVER -DSTM32G431xx -c -I../Core/Inc -I../Drivers/STM32G4xx_HAL_Driver/Inc -I../Drivers/STM32G4xx_HAL_Driver/Inc/Legacy -I../Drivers/CMSIS/Device/ST/STM32G4xx/Include -I../Drivers/CMSIS/Include -O0 -ffunction-sections -fdata-sections -Wall -fstack-usage -MMD -MP -MF"Core/Src/main.d" -MT"Core/Src/main.o" --specs=nano.specs -mfpu=fpv4-sp-d16 -mfloat-abi=hard -mthumb -o "Core/Src/main.o"
../Core/Src/main.c: In function 'main':
../Core/Src/main.c:395:7: warning: implicit declaration of function 'snprintf' [-Wimplicit-function-declaration]
  395 |   c = snprintf(temp, sizeof(temp),"%d, %d\n", adc_uvw[i], adc_x[i]);
      |       ^~~~~~~~
../Core/Src/main.c:395:7: warning: incompatible implicit declaration of built-in function 'snprintf'
../Core/Src/main.c:21:1: note: include '<stdio.h>' or provide a declaration of 'snprintf'
   20 | #include "main.h"
  +++ |+#include <stdio.h>
   21 | 
../Core/Src/main.c:395:16: warning: pointer targets in passing argument 1 of 'snprintf' differ in signedness [-Wpointer-sign]
  395 |   c = snprintf(temp, sizeof(temp),"%d, %d\n", adc_uvw[i], adc_x[i]);
      |                ^~~~
      |                |
      |                unsigned char *
../Core/Src/main.c:395:16: note: expected 'char *' but argument is of type 'unsigned char *'
../Core/Src/main.c: In function 'MX_ADC1_Init':
../Core/Src/main.c:461:24: warning: unused variable 'multimode' [-Wunused-variable]
  461 |   ADC_MultiModeTypeDef multimode = {0};
      |                        ^~~~~~~~~
At top level:
../Core/Src/main.c:738:13: warning: 'MX_TIM6_Init' defined but not used [-Wunused-function]
  738 | static void MX_TIM6_Init(void)
      |             ^~~~~~~~~~~~
arm-none-eabi-gcc -o "ESC_G4.elf" @"objects.list"   -mcpu=cortex-m4 -T"D:\Projects\STM32-Projects\ESC_G4\STM32G431KBUX_FLASH.ld" --specs=nosys.specs -Wl,-Map="ESC_G4.map" -Wl,--gc-sections -static --specs=nano.specs -mfpu=fpv4-sp-d16 -mfloat-abi=hard -mthumb -Wl,--start-group -lc -lm -Wl,--end-group
Finished building target: ESC_G4.elf
 
arm-none-eabi-size   ESC_G4.elf 
arm-none-eabi-objdump -h -S  ESC_G4.elf  > "ESC_G4.list"
   text	   data	    bss	    dec	    hex	filename
  31424	    120	  22112	  53656	   d198	ESC_G4.elf
Finished building: default.size.stdout
 
Finished building: ESC_G4.list
 
20:39:42 **** Incremental Build of configuration Debug for project ESC_G4 ****
make -j20 all 
arm-none-eabi-gcc "../Core/Src/main.c" -mcpu=cortex-m4 -std=gnu11 -g3 -DDEBUG -DUSE_HAL_DRIVER -DSTM32G431xx -c -I../Core/Inc -I../Drivers/STM32G4xx_HAL_Driver/Inc -I../Drivers/STM32G4xx_HAL_Driver/Inc/Legacy -I../Drivers/CMSIS/Device/ST/STM32G4xx/Include -I../Drivers/CMSIS/Include -O0 -ffunction-sections -fdata-sections -Wall -fstack-usage -MMD -MP -MF"Core/Src/main.d" -MT"Core/Src/main.o" --specs=nano.specs -mfpu=fpv4-sp-d16 -mfloat-abi=hard -mthumb -o "Core/Src/main.o"
../Core/Src/main.c: In function 'wait_bemf_rising':
../Core/Src/main.c:111:3: error: 'tim_temp' undeclared (first use in this function)
  111 |   tim_temp = __HAL_TIM_GET_COUNTER(&htim2);
      |   ^~~~~~~~
../Core/Src/main.c:111:3: note: each undeclared identifier is reported only once for each function it appears in
../Core/Src/main.c:104:30: warning: unused variable 'temp' [-Wunused-variable]
  104 |  unsigned int initial_delay, temp, max_time = 50000;
      |                              ^~~~
../Core/Src/main.c: In function 'wait_bemf_falling':
../Core/Src/main.c:127:3: error: 'tim_temp' undeclared (first use in this function)
  127 |   tim_temp = __HAL_TIM_GET_COUNTER(&htim2);
      |   ^~~~~~~~
../Core/Src/main.c:120:30: warning: unused variable 'temp' [-Wunused-variable]
  120 |  unsigned int initial_delay, temp, max_time = 50000;
      |                              ^~~~
../Core/Src/main.c: In function 'main':
../Core/Src/main.c:426:7: warning: implicit declaration of function 'snprintf' [-Wimplicit-function-declaration]
  426 |   c = snprintf(temp, sizeof(temp),"%d, %d\n", adc_uvw[i], adc_x[i]);
      |       ^~~~~~~~
../Core/Src/main.c:426:7: warning: incompatible implicit declaration of built-in function 'snprintf'
../Core/Src/main.c:21:1: note: include '<stdio.h>' or provide a declaration of 'snprintf'
   20 | #include "main.h"
  +++ |+#include <stdio.h>
   21 | 
../Core/Src/main.c:426:16: warning: pointer targets in passing argument 1 of 'snprintf' differ in signedness [-Wpointer-sign]
  426 |   c = snprintf(temp, sizeof(temp),"%d, %d\n", adc_uvw[i], adc_x[i]);
      |                ^~~~
      |                |
      |                unsigned char *
../Core/Src/main.c:426:16: note: expected 'char *' but argument is of type 'unsigned char *'
../Core/Src/main.c: In function 'MX_ADC1_Init':
../Core/Src/main.c:492:24: warning: unused variable 'multimode' [-Wunused-variable]
  492 |   ADC_MultiModeTypeDef multimode = {0};
      |                        ^~~~~~~~~
At top level:
../Core/Src/main.c:769:13: warning: 'MX_TIM6_Init' defined but not used [-Wunused-function]
  769 | static void MX_TIM6_Init(void)
      |             ^~~~~~~~~~~~
make: *** [Core/Src/subdir.mk:34: Core/Src/main.o] Error 1
"make -j20 all" terminated with exit code 2. Build might be incomplete.
20:40:03 **** Incremental Build of configuration Debug for project ESC_G4 ****
make -j20 all 
arm-none-eabi-gcc "../Core/Src/main.c" -mcpu=cortex-m4 -std=gnu11 -g3 -DDEBUG -DUSE_HAL_DRIVER -DSTM32G431xx -c -I../Core/Inc -I../Drivers/STM32G4xx_HAL_Driver/Inc -I../Drivers/STM32G4xx_HAL_Driver/Inc/Legacy -I../Drivers/CMSIS/Device/ST/STM32G4xx/Include -I../Drivers/CMSIS/Include -O0 -ffunction-sections -fdata-sections -Wall -fstack-usage -MMD -MP -MF"Core/Src/main.d" -MT"Core/Src/main.o" --specs=nano.specs -mfpu=fpv4-sp-d16 -mfloat-abi=hard -mthumb -o "Core/Src/main.o"
../Core/Src/main.c: In function 'main':
../Core/Src/main.c:426:7: warning: implicit declaration of function 'snprintf' [-Wimplicit-function-declaration]
  426 |   c = snprintf(temp, sizeof(temp),"%d, %d\n", adc_uvw[i], adc_x[i]);
      |       ^~~~~~~~
../Core/Src/main.c:426:7: warning: incompatible implicit declaration of built-in function 'snprintf'
../Core/Src/main.c:21:1: note: include '<stdio.h>' or provide a declaration of 'snprintf'
   20 | #include "main.h"
  +++ |+#include <stdio.h>
   21 | 
../Core/Src/main.c:426:16: warning: pointer targets in passing argument 1 of 'snprintf' differ in signedness [-Wpointer-sign]
  426 |   c = snprintf(temp, sizeof(temp),"%d, %d\n", adc_uvw[i], adc_x[i]);
      |                ^~~~
      |                |
      |                unsigned char *
../Core/Src/main.c:426:16: note: expected 'char *' but argument is of type 'unsigned char *'
../Core/Src/main.c: In function 'MX_ADC1_Init':
../Core/Src/main.c:492:24: warning: unused variable 'multimode' [-Wunused-variable]
  492 |   ADC_MultiModeTypeDef multimode = {0};
      |                        ^~~~~~~~~
At top level:
../Core/Src/main.c:769:13: warning: 'MX_TIM6_Init' defined but not used [-Wunused-function]
  769 | static void MX_TIM6_Init(void)
      |             ^~~~~~~~~~~~
../Core/Src/main.c: In function 'wait_bemf_rising':
../Core/Src/main.c:105:2: warning: 'initial_delay' is used uninitialized in this function [-Wuninitialized]
  105 |  delay_ms(initial_delay);
      |  ^~~~~~~~~~~~~~~~~~~~~~~
../Core/Src/main.c: In function 'wait_bemf_falling':
../Core/Src/main.c:121:2: warning: 'initial_delay' is used uninitialized in this function [-Wuninitialized]
  121 |  delay_ms(initial_delay);
      |  ^~~~~~~~~~~~~~~~~~~~~~~
arm-none-eabi-gcc -o "ESC_G4.elf" @"objects.list"   -mcpu=cortex-m4 -T"D:\Projects\STM32-Projects\ESC_G4\STM32G431KBUX_FLASH.ld" --specs=nosys.specs -Wl,-Map="ESC_G4.map" -Wl,--gc-sections -static --specs=nano.specs -mfpu=fpv4-sp-d16 -mfloat-abi=hard -mthumb -Wl,--start-group -lc -lm -Wl,--end-group
Finished building target: ESC_G4.elf
 
arm-none-eabi-size   ESC_G4.elf 
arm-none-eabi-objdump -h -S  ESC_G4.elf  > "ESC_G4.list"
   text	   data	    bss	    dec	    hex	filename
  31376	    120	  22112	  53608	   d168	ESC_G4.elf
Finished building: default.size.stdout
 
Finished building: ESC_G4.list
 
21:06:18 **** Incremental Build of configuration Debug for project ESC_G4 ****
make -j20 all 
arm-none-eabi-gcc "../Core/Src/main.c" -mcpu=cortex-m4 -std=gnu11 -g3 -DDEBUG -DUSE_HAL_DRIVER -DSTM32G431xx -c -I../Core/Inc -I../Drivers/STM32G4xx_HAL_Driver/Inc -I../Drivers/STM32G4xx_HAL_Driver/Inc/Legacy -I../Drivers/CMSIS/Device/ST/STM32G4xx/Include -I../Drivers/CMSIS/Include -O0 -ffunction-sections -fdata-sections -Wall -fstack-usage -MMD -MP -MF"Core/Src/main.d" -MT"Core/Src/main.o" --specs=nano.specs -mfpu=fpv4-sp-d16 -mfloat-abi=hard -mthumb -o "Core/Src/main.o"
../Core/Src/main.c: In function 'main':
../Core/Src/main.c:387:7: warning: implicit declaration of function 'snprintf' [-Wimplicit-function-declaration]
  387 |   c = snprintf(temp, sizeof(temp),"%d, %d\n", adc_uvw[i], adc_x[i]);
      |       ^~~~~~~~
../Core/Src/main.c:387:7: warning: incompatible implicit declaration of built-in function 'snprintf'
../Core/Src/main.c:21:1: note: include '<stdio.h>' or provide a declaration of 'snprintf'
   20 | #include "main.h"
  +++ |+#include <stdio.h>
   21 | 
../Core/Src/main.c:387:16: warning: pointer targets in passing argument 1 of 'snprintf' differ in signedness [-Wpointer-sign]
  387 |   c = snprintf(temp, sizeof(temp),"%d, %d\n", adc_uvw[i], adc_x[i]);
      |                ^~~~
      |                |
      |                unsigned char *
../Core/Src/main.c:387:16: note: expected 'char *' but argument is of type 'unsigned char *'
../Core/Src/main.c: In function 'MX_ADC1_Init':
../Core/Src/main.c:453:24: warning: unused variable 'multimode' [-Wunused-variable]
  453 |   ADC_MultiModeTypeDef multimode = {0};
      |                        ^~~~~~~~~
At top level:
../Core/Src/main.c:730:13: warning: 'MX_TIM6_Init' defined but not used [-Wunused-function]
  730 | static void MX_TIM6_Init(void)
      |             ^~~~~~~~~~~~
arm-none-eabi-gcc -o "ESC_G4.elf" @"objects.list"   -mcpu=cortex-m4 -T"D:\Projects\STM32-Projects\ESC_G4\STM32G431KBUX_FLASH.ld" --specs=nosys.specs -Wl,-Map="ESC_G4.map" -Wl,--gc-sections -static --specs=nano.specs -mfpu=fpv4-sp-d16 -mfloat-abi=hard -mthumb -Wl,--start-group -lc -lm -Wl,--end-group
Finished building target: ESC_G4.elf
 
arm-none-eabi-size   ESC_G4.elf 
arm-none-eabi-objdump -h -S  ESC_G4.elf  > "ESC_G4.list"
   text	   data	    bss	    dec	    hex	filename
  31192	    120	  22112	  53424	   d0b0	ESC_G4.elf
Finished building: default.size.stdout
 
Finished building: ESC_G4.list
 
21:06:43 **** Incremental Build of configuration Debug for project ESC_G4 ****
make -j20 all 
arm-none-eabi-size   ESC_G4.elf 
   text	   data	    bss	    dec	    hex	filename
  31192	    120	  22112	  53424	   d0b0	ESC_G4.elf
Finished building: default.size.stdout
 
22:03:22 **** Incremental Build of configuration Debug for project ESC_G4 ****
make -j20 all 
arm-none-eabi-gcc "../Core/Src/main.c" -mcpu=cortex-m4 -std=gnu11 -g3 -DDEBUG -DUSE_HAL_DRIVER -DSTM32G431xx -c -I../Core/Inc -I../Drivers/STM32G4xx_HAL_Driver/Inc -I../Drivers/STM32G4xx_HAL_Driver/Inc/Legacy -I../Drivers/CMSIS/Device/ST/STM32G4xx/Include -I../Drivers/CMSIS/Include -O0 -ffunction-sections -fdata-sections -Wall -fstack-usage -MMD -MP -MF"Core/Src/main.d" -MT"Core/Src/main.o" --specs=nano.specs -mfpu=fpv4-sp-d16 -mfloat-abi=hard -mthumb -o "Core/Src/main.o"
../Core/Src/main.c: In function 'main':
../Core/Src/main.c:285:21: warning: left-hand operand of comma expression has no effect [-Wunused-value]
  285 |    for(i = 1; i <= 6, i++) {
      |                     ^
../Core/Src/main.c:285:26: error: expected ';' before ')' token
  285 |    for(i = 1; i <= 6, i++) {
      |                          ^
      |                          ;
../Core/Src/main.c:398:7: warning: implicit declaration of function 'snprintf' [-Wimplicit-function-declaration]
  398 |   c = snprintf(temp, sizeof(temp),"%d, %d\n", adc_uvw[i], adc_x[i]);
      |       ^~~~~~~~
../Core/Src/main.c:398:7: warning: incompatible implicit declaration of built-in function 'snprintf'
../Core/Src/main.c:21:1: note: include '<stdio.h>' or provide a declaration of 'snprintf'
   20 | #include "main.h"
  +++ |+#include <stdio.h>
   21 | 
../Core/Src/main.c:398:16: warning: pointer targets in passing argument 1 of 'snprintf' differ in signedness [-Wpointer-sign]
  398 |   c = snprintf(temp, sizeof(temp),"%d, %d\n", adc_uvw[i], adc_x[i]);
      |                ^~~~
      |                |
      |                unsigned char *
../Core/Src/main.c:398:16: note: expected 'char *' but argument is of type 'unsigned char *'
../Core/Src/main.c: In function 'MX_ADC1_Init':
../Core/Src/main.c:464:24: warning: unused variable 'multimode' [-Wunused-variable]
  464 |   ADC_MultiModeTypeDef multimode = {0};
      |                        ^~~~~~~~~
At top level:
../Core/Src/main.c:741:13: warning: 'MX_TIM6_Init' defined but not used [-Wunused-function]
  741 | static void MX_TIM6_Init(void)
      |             ^~~~~~~~~~~~
make: *** [Core/Src/subdir.mk:34: Core/Src/main.o] Error 1
"make -j20 all" terminated with exit code 2. Build might be incomplete.
22:03:35 **** Incremental Build of configuration Debug for project ESC_G4 ****
make -j20 all 
arm-none-eabi-gcc "../Core/Src/main.c" -mcpu=cortex-m4 -std=gnu11 -g3 -DDEBUG -DUSE_HAL_DRIVER -DSTM32G431xx -c -I../Core/Inc -I../Drivers/STM32G4xx_HAL_Driver/Inc -I../Drivers/STM32G4xx_HAL_Driver/Inc/Legacy -I../Drivers/CMSIS/Device/ST/STM32G4xx/Include -I../Drivers/CMSIS/Include -O0 -ffunction-sections -fdata-sections -Wall -fstack-usage -MMD -MP -MF"Core/Src/main.d" -MT"Core/Src/main.o" --specs=nano.specs -mfpu=fpv4-sp-d16 -mfloat-abi=hard -mthumb -o "Core/Src/main.o"
../Core/Src/main.c: In function 'main':
../Core/Src/main.c:397:7: warning: implicit declaration of function 'snprintf' [-Wimplicit-function-declaration]
  397 |   c = snprintf(temp, sizeof(temp),"%d, %d\n", adc_uvw[i], adc_x[i]);
      |       ^~~~~~~~
../Core/Src/main.c:397:7: warning: incompatible implicit declaration of built-in function 'snprintf'
../Core/Src/main.c:21:1: note: include '<stdio.h>' or provide a declaration of 'snprintf'
   20 | #include "main.h"
  +++ |+#include <stdio.h>
   21 | 
../Core/Src/main.c:397:16: warning: pointer targets in passing argument 1 of 'snprintf' differ in signedness [-Wpointer-sign]
  397 |   c = snprintf(temp, sizeof(temp),"%d, %d\n", adc_uvw[i], adc_x[i]);
      |                ^~~~
      |                |
      |                unsigned char *
../Core/Src/main.c:397:16: note: expected 'char *' but argument is of type 'unsigned char *'
../Core/Src/main.c: In function 'MX_ADC1_Init':
../Core/Src/main.c:463:24: warning: unused variable 'multimode' [-Wunused-variable]
  463 |   ADC_MultiModeTypeDef multimode = {0};
      |                        ^~~~~~~~~
At top level:
../Core/Src/main.c:740:13: warning: 'MX_TIM6_Init' defined but not used [-Wunused-function]
  740 | static void MX_TIM6_Init(void)
      |             ^~~~~~~~~~~~
arm-none-eabi-gcc -o "ESC_G4.elf" @"objects.list"   -mcpu=cortex-m4 -T"D:\Projects\STM32-Projects\ESC_G4\STM32G431KBUX_FLASH.ld" --specs=nosys.specs -Wl,-Map="ESC_G4.map" -Wl,--gc-sections -static --specs=nano.specs -mfpu=fpv4-sp-d16 -mfloat-abi=hard -mthumb -Wl,--start-group -lc -lm -Wl,--end-group
Finished building target: ESC_G4.elf
 
arm-none-eabi-size   ESC_G4.elf 
arm-none-eabi-objdump -h -S  ESC_G4.elf  > "ESC_G4.list"
   text	   data	    bss	    dec	    hex	filename
  31196	    120	  22112	  53428	   d0b4	ESC_G4.elf
Finished building: default.size.stdout
 
Finished building: ESC_G4.list
 
22:04:10 **** Incremental Build of configuration Debug for project ESC_G4 ****
make -j20 all 
arm-none-eabi-gcc "../Core/Src/main.c" -mcpu=cortex-m4 -std=gnu11 -g3 -DDEBUG -DUSE_HAL_DRIVER -DSTM32G431xx -c -I../Core/Inc -I../Drivers/STM32G4xx_HAL_Driver/Inc -I../Drivers/STM32G4xx_HAL_Driver/Inc/Legacy -I../Drivers/CMSIS/Device/ST/STM32G4xx/Include -I../Drivers/CMSIS/Include -O0 -ffunction-sections -fdata-sections -Wall -fstack-usage -MMD -MP -MF"Core/Src/main.d" -MT"Core/Src/main.o" --specs=nano.specs -mfpu=fpv4-sp-d16 -mfloat-abi=hard -mthumb -o "Core/Src/main.o"
../Core/Src/main.c: In function 'main':
../Core/Src/main.c:287:16: error: expected expression before ')' token
  287 |     } else if () {
      |                ^
../Core/Src/main.c:402:7: warning: implicit declaration of function 'snprintf' [-Wimplicit-function-declaration]
  402 |   c = snprintf(temp, sizeof(temp),"%d, %d\n", adc_uvw[i], adc_x[i]);
      |       ^~~~~~~~
../Core/Src/main.c:402:7: warning: incompatible implicit declaration of built-in function 'snprintf'
../Core/Src/main.c:21:1: note: include '<stdio.h>' or provide a declaration of 'snprintf'
   20 | #include "main.h"
  +++ |+#include <stdio.h>
   21 | 
../Core/Src/main.c:402:16: warning: pointer targets in passing argument 1 of 'snprintf' differ in signedness [-Wpointer-sign]
  402 |   c = snprintf(temp, sizeof(temp),"%d, %d\n", adc_uvw[i], adc_x[i]);
      |                ^~~~
      |                |
      |                unsigned char *
../Core/Src/main.c:402:16: note: expected 'char *' but argument is of type 'unsigned char *'
../Core/Src/main.c: In function 'MX_ADC1_Init':
../Core/Src/main.c:468:24: warning: unused variable 'multimode' [-Wunused-variable]
  468 |   ADC_MultiModeTypeDef multimode = {0};
      |                        ^~~~~~~~~
At top level:
../Core/Src/main.c:745:13: warning: 'MX_TIM6_Init' defined but not used [-Wunused-function]
  745 | static void MX_TIM6_Init(void)
      |             ^~~~~~~~~~~~
make: *** [Core/Src/subdir.mk:34: Core/Src/main.o] Error 1
"make -j20 all" terminated with exit code 2. Build might be incomplete.
22:06:08 **** Incremental Build of configuration Debug for project ESC_G4 ****
make -j20 all 
arm-none-eabi-gcc "../Core/Src/main.c" -mcpu=cortex-m4 -std=gnu11 -g3 -DDEBUG -DUSE_HAL_DRIVER -DSTM32G431xx -c -I../Core/Inc -I../Drivers/STM32G4xx_HAL_Driver/Inc -I../Drivers/STM32G4xx_HAL_Driver/Inc/Legacy -I../Drivers/CMSIS/Device/ST/STM32G4xx/Include -I../Drivers/CMSIS/Include -O0 -ffunction-sections -fdata-sections -Wall -fstack-usage -MMD -MP -MF"Core/Src/main.d" -MT"Core/Src/main.o" --specs=nano.specs -mfpu=fpv4-sp-d16 -mfloat-abi=hard -mthumb -o "Core/Src/main.o"
../Core/Src/main.c: In function 'main':
../Core/Src/main.c:344:7: warning: implicit declaration of function 'snprintf' [-Wimplicit-function-declaration]
  344 |   c = snprintf(temp, sizeof(temp),"%d, %d\n", adc_uvw[i], adc_x[i]);
      |       ^~~~~~~~
../Core/Src/main.c:344:7: warning: incompatible implicit declaration of built-in function 'snprintf'
../Core/Src/main.c:21:1: note: include '<stdio.h>' or provide a declaration of 'snprintf'
   20 | #include "main.h"
  +++ |+#include <stdio.h>
   21 | 
../Core/Src/main.c:344:16: warning: pointer targets in passing argument 1 of 'snprintf' differ in signedness [-Wpointer-sign]
  344 |   c = snprintf(temp, sizeof(temp),"%d, %d\n", adc_uvw[i], adc_x[i]);
      |                ^~~~
      |                |
      |                unsigned char *
../Core/Src/main.c:344:16: note: expected 'char *' but argument is of type 'unsigned char *'
../Core/Src/main.c:282:94: warning: unused variable 'max_time' [-Wunused-variable]
  282 |   unsigned int p = 1000, p_adc_limit = 5000, c = 0, d = 0, t = 1500, tt = 100, tim_temp = 0, max_time = 50000;
      |                                                                                              ^~~~~~~~
../Core/Src/main.c:282:80: warning: unused variable 'tim_temp' [-Wunused-variable]
  282 |   unsigned int p = 1000, p_adc_limit = 5000, c = 0, d = 0, t = 1500, tt = 100, tim_temp = 0, max_time = 50000;
      |                                                                                ^~~~~~~~
../Core/Src/main.c:282:70: warning: unused variable 'tt' [-Wunused-variable]
  282 |   unsigned int p = 1000, p_adc_limit = 5000, c = 0, d = 0, t = 1500, tt = 100, tim_temp = 0, max_time = 50000;
      |                                                                      ^~
../Core/Src/main.c:282:26: warning: unused variable 'p_adc_limit' [-Wunused-variable]
  282 |   unsigned int p = 1000, p_adc_limit = 5000, c = 0, d = 0, t = 1500, tt = 100, tim_temp = 0, max_time = 50000;
      |                          ^~~~~~~~~~~
../Core/Src/main.c: In function 'MX_ADC1_Init':
../Core/Src/main.c:410:24: warning: unused variable 'multimode' [-Wunused-variable]
  410 |   ADC_MultiModeTypeDef multimode = {0};
      |                        ^~~~~~~~~
At top level:
../Core/Src/main.c:687:13: warning: 'MX_TIM6_Init' defined but not used [-Wunused-function]
  687 | static void MX_TIM6_Init(void)
      |             ^~~~~~~~~~~~
arm-none-eabi-gcc -o "ESC_G4.elf" @"objects.list"   -mcpu=cortex-m4 -T"D:\Projects\STM32-Projects\ESC_G4\STM32G431KBUX_FLASH.ld" --specs=nosys.specs -Wl,-Map="ESC_G4.map" -Wl,--gc-sections -static --specs=nano.specs -mfpu=fpv4-sp-d16 -mfloat-abi=hard -mthumb -Wl,--start-group -lc -lm -Wl,--end-group
Finished building target: ESC_G4.elf
 
arm-none-eabi-size   ESC_G4.elf 
arm-none-eabi-objdump -h -S  ESC_G4.elf  > "ESC_G4.list"
   text	   data	    bss	    dec	    hex	filename
  30704	    120	  22112	  52936	   cec8	ESC_G4.elf
Finished building: default.size.stdout
 
Finished building: ESC_G4.list
 
22:06:48 **** Incremental Build of configuration Debug for project ESC_G4 ****
make -j20 all 
arm-none-eabi-size   ESC_G4.elf 
   text	   data	    bss	    dec	    hex	filename
  30704	    120	  22112	  52936	   cec8	ESC_G4.elf
Finished building: default.size.stdout
 
22:13:49 **** Incremental Build of configuration Debug for project ESC_G4 ****
make -j20 all 
arm-none-eabi-gcc "../Core/Src/main.c" -mcpu=cortex-m4 -std=gnu11 -g3 -DDEBUG -DUSE_HAL_DRIVER -DSTM32G431xx -c -I../Core/Inc -I../Drivers/STM32G4xx_HAL_Driver/Inc -I../Drivers/STM32G4xx_HAL_Driver/Inc/Legacy -I../Drivers/CMSIS/Device/ST/STM32G4xx/Include -I../Drivers/CMSIS/Include -O0 -ffunction-sections -fdata-sections -Wall -fstack-usage -MMD -MP -MF"Core/Src/main.d" -MT"Core/Src/main.o" --specs=nano.specs -mfpu=fpv4-sp-d16 -mfloat-abi=hard -mthumb -o "Core/Src/main.o"
../Core/Src/main.c: In function 'main':
../Core/Src/main.c:344:7: warning: implicit declaration of function 'snprintf' [-Wimplicit-function-declaration]
  344 |   c = snprintf(temp, sizeof(temp),"%d, %d\n", adc_uvw[i], adc_x[i]);
      |       ^~~~~~~~
../Core/Src/main.c:344:7: warning: incompatible implicit declaration of built-in function 'snprintf'
../Core/Src/main.c:21:1: note: include '<stdio.h>' or provide a declaration of 'snprintf'
   20 | #include "main.h"
  +++ |+#include <stdio.h>
   21 | 
../Core/Src/main.c:344:16: warning: pointer targets in passing argument 1 of 'snprintf' differ in signedness [-Wpointer-sign]
  344 |   c = snprintf(temp, sizeof(temp),"%d, %d\n", adc_uvw[i], adc_x[i]);
      |                ^~~~
      |                |
      |                unsigned char *
../Core/Src/main.c:344:16: note: expected 'char *' but argument is of type 'unsigned char *'
../Core/Src/main.c:282:93: warning: unused variable 'max_time' [-Wunused-variable]
  282 |   unsigned int p = 1000, p_adc_limit = 5000, c = 0, d = 0, t = 100, tt = 100, tim_temp = 0, max_time = 50000;
      |                                                                                             ^~~~~~~~
../Core/Src/main.c:282:79: warning: unused variable 'tim_temp' [-Wunused-variable]
  282 |   unsigned int p = 1000, p_adc_limit = 5000, c = 0, d = 0, t = 100, tt = 100, tim_temp = 0, max_time = 50000;
      |                                                                               ^~~~~~~~
../Core/Src/main.c:282:69: warning: unused variable 'tt' [-Wunused-variable]
  282 |   unsigned int p = 1000, p_adc_limit = 5000, c = 0, d = 0, t = 100, tt = 100, tim_temp = 0, max_time = 50000;
      |                                                                     ^~
../Core/Src/main.c:282:26: warning: unused variable 'p_adc_limit' [-Wunused-variable]
  282 |   unsigned int p = 1000, p_adc_limit = 5000, c = 0, d = 0, t = 100, tt = 100, tim_temp = 0, max_time = 50000;
      |                          ^~~~~~~~~~~
../Core/Src/main.c: In function 'MX_ADC1_Init':
../Core/Src/main.c:410:24: warning: unused variable 'multimode' [-Wunused-variable]
  410 |   ADC_MultiModeTypeDef multimode = {0};
      |                        ^~~~~~~~~
At top level:
../Core/Src/main.c:687:13: warning: 'MX_TIM6_Init' defined but not used [-Wunused-function]
  687 | static void MX_TIM6_Init(void)
      |             ^~~~~~~~~~~~
arm-none-eabi-gcc -o "ESC_G4.elf" @"objects.list"   -mcpu=cortex-m4 -T"D:\Projects\STM32-Projects\ESC_G4\STM32G431KBUX_FLASH.ld" --specs=nosys.specs -Wl,-Map="ESC_G4.map" -Wl,--gc-sections -static --specs=nano.specs -mfpu=fpv4-sp-d16 -mfloat-abi=hard -mthumb -Wl,--start-group -lc -lm -Wl,--end-group
Finished building target: ESC_G4.elf
 
arm-none-eabi-size   ESC_G4.elf 
arm-none-eabi-objdump -h -S  ESC_G4.elf  > "ESC_G4.list"
   text	   data	    bss	    dec	    hex	filename
  30704	    120	  22112	  52936	   cec8	ESC_G4.elf
Finished building: default.size.stdout
 
Finished building: ESC_G4.list
 
22:15:56 **** Incremental Build of configuration Debug for project ESC_G4 ****
make -j20 all 
arm-none-eabi-gcc "../Core/Src/main.c" -mcpu=cortex-m4 -std=gnu11 -g3 -DDEBUG -DUSE_HAL_DRIVER -DSTM32G431xx -c -I../Core/Inc -I../Drivers/STM32G4xx_HAL_Driver/Inc -I../Drivers/STM32G4xx_HAL_Driver/Inc/Legacy -I../Drivers/CMSIS/Device/ST/STM32G4xx/Include -I../Drivers/CMSIS/Include -O0 -ffunction-sections -fdata-sections -Wall -fstack-usage -MMD -MP -MF"Core/Src/main.d" -MT"Core/Src/main.o" --specs=nano.specs -mfpu=fpv4-sp-d16 -mfloat-abi=hard -mthumb -o "Core/Src/main.o"
../Core/Src/main.c: In function 'main':
../Core/Src/main.c:344:7: warning: implicit declaration of function 'snprintf' [-Wimplicit-function-declaration]
  344 |   c = snprintf(temp, sizeof(temp),"%d, %d\n", adc_uvw[i], adc_x[i]);
      |       ^~~~~~~~
../Core/Src/main.c:344:7: warning: incompatible implicit declaration of built-in function 'snprintf'
../Core/Src/main.c:21:1: note: include '<stdio.h>' or provide a declaration of 'snprintf'
   20 | #include "main.h"
  +++ |+#include <stdio.h>
   21 | 
../Core/Src/main.c:344:16: warning: pointer targets in passing argument 1 of 'snprintf' differ in signedness [-Wpointer-sign]
  344 |   c = snprintf(temp, sizeof(temp),"%d, %d\n", adc_uvw[i], adc_x[i]);
      |                ^~~~
      |                |
      |                unsigned char *
../Core/Src/main.c:344:16: note: expected 'char *' but argument is of type 'unsigned char *'
../Core/Src/main.c:282:93: warning: unused variable 'max_time' [-Wunused-variable]
  282 |   unsigned int p = 1000, p_adc_limit = 5000, c = 0, d = 0, t = 100, tt = 100, tim_temp = 0, max_time = 50000;
      |                                                                                             ^~~~~~~~
../Core/Src/main.c:282:79: warning: unused variable 'tim_temp' [-Wunused-variable]
  282 |   unsigned int p = 1000, p_adc_limit = 5000, c = 0, d = 0, t = 100, tt = 100, tim_temp = 0, max_time = 50000;
      |                                                                               ^~~~~~~~
../Core/Src/main.c:282:69: warning: unused variable 'tt' [-Wunused-variable]
  282 |   unsigned int p = 1000, p_adc_limit = 5000, c = 0, d = 0, t = 100, tt = 100, tim_temp = 0, max_time = 50000;
      |                                                                     ^~
../Core/Src/main.c:282:26: warning: unused variable 'p_adc_limit' [-Wunused-variable]
  282 |   unsigned int p = 1000, p_adc_limit = 5000, c = 0, d = 0, t = 100, tt = 100, tim_temp = 0, max_time = 50000;
      |                          ^~~~~~~~~~~
../Core/Src/main.c: In function 'MX_ADC1_Init':
../Core/Src/main.c:410:24: warning: unused variable 'multimode' [-Wunused-variable]
  410 |   ADC_MultiModeTypeDef multimode = {0};
      |                        ^~~~~~~~~
At top level:
../Core/Src/main.c:687:13: warning: 'MX_TIM6_Init' defined but not used [-Wunused-function]
  687 | static void MX_TIM6_Init(void)
      |             ^~~~~~~~~~~~
arm-none-eabi-gcc -o "ESC_G4.elf" @"objects.list"   -mcpu=cortex-m4 -T"D:\Projects\STM32-Projects\ESC_G4\STM32G431KBUX_FLASH.ld" --specs=nosys.specs -Wl,-Map="ESC_G4.map" -Wl,--gc-sections -static --specs=nano.specs -mfpu=fpv4-sp-d16 -mfloat-abi=hard -mthumb -Wl,--start-group -lc -lm -Wl,--end-group
Finished building target: ESC_G4.elf
 
arm-none-eabi-size   ESC_G4.elf 
arm-none-eabi-objdump -h -S  ESC_G4.elf  > "ESC_G4.list"
   text	   data	    bss	    dec	    hex	filename
  30704	    120	  22112	  52936	   cec8	ESC_G4.elf
Finished building: default.size.stdout
 
Finished building: ESC_G4.list
 
22:18:12 **** Incremental Build of configuration Debug for project ESC_G4 ****
make -j20 all 
arm-none-eabi-gcc "../Core/Src/main.c" -mcpu=cortex-m4 -std=gnu11 -g3 -DDEBUG -DUSE_HAL_DRIVER -DSTM32G431xx -c -I../Core/Inc -I../Drivers/STM32G4xx_HAL_Driver/Inc -I../Drivers/STM32G4xx_HAL_Driver/Inc/Legacy -I../Drivers/CMSIS/Device/ST/STM32G4xx/Include -I../Drivers/CMSIS/Include -O0 -ffunction-sections -fdata-sections -Wall -fstack-usage -MMD -MP -MF"Core/Src/main.d" -MT"Core/Src/main.o" --specs=nano.specs -mfpu=fpv4-sp-d16 -mfloat-abi=hard -mthumb -o "Core/Src/main.o"
../Core/Src/main.c: In function 'main':
../Core/Src/main.c:346:7: warning: implicit declaration of function 'snprintf' [-Wimplicit-function-declaration]
  346 |   c = snprintf(temp, sizeof(temp),"%d, %d\n", adc_uvw[i], adc_x[i]);
      |       ^~~~~~~~
../Core/Src/main.c:346:7: warning: incompatible implicit declaration of built-in function 'snprintf'
../Core/Src/main.c:21:1: note: include '<stdio.h>' or provide a declaration of 'snprintf'
   20 | #include "main.h"
  +++ |+#include <stdio.h>
   21 | 
../Core/Src/main.c:346:16: warning: pointer targets in passing argument 1 of 'snprintf' differ in signedness [-Wpointer-sign]
  346 |   c = snprintf(temp, sizeof(temp),"%d, %d\n", adc_uvw[i], adc_x[i]);
      |                ^~~~
      |                |
      |                unsigned char *
../Core/Src/main.c:346:16: note: expected 'char *' but argument is of type 'unsigned char *'
../Core/Src/main.c:282:93: warning: unused variable 'max_time' [-Wunused-variable]
  282 |   unsigned int p = 1000, p_adc_limit = 5000, c = 0, d = 0, t = 100, tt = 100, tim_temp = 0, max_time = 50000;
      |                                                                                             ^~~~~~~~
../Core/Src/main.c:282:79: warning: unused variable 'tim_temp' [-Wunused-variable]
  282 |   unsigned int p = 1000, p_adc_limit = 5000, c = 0, d = 0, t = 100, tt = 100, tim_temp = 0, max_time = 50000;
      |                                                                               ^~~~~~~~
../Core/Src/main.c:282:69: warning: unused variable 'tt' [-Wunused-variable]
  282 |   unsigned int p = 1000, p_adc_limit = 5000, c = 0, d = 0, t = 100, tt = 100, tim_temp = 0, max_time = 50000;
      |                                                                     ^~
../Core/Src/main.c:282:26: warning: unused variable 'p_adc_limit' [-Wunused-variable]
  282 |   unsigned int p = 1000, p_adc_limit = 5000, c = 0, d = 0, t = 100, tt = 100, tim_temp = 0, max_time = 50000;
      |                          ^~~~~~~~~~~
../Core/Src/main.c: In function 'MX_ADC1_Init':
../Core/Src/main.c:412:24: warning: unused variable 'multimode' [-Wunused-variable]
  412 |   ADC_MultiModeTypeDef multimode = {0};
      |                        ^~~~~~~~~
At top level:
../Core/Src/main.c:689:13: warning: 'MX_TIM6_Init' defined but not used [-Wunused-function]
  689 | static void MX_TIM6_Init(void)
      |             ^~~~~~~~~~~~
arm-none-eabi-gcc -o "ESC_G4.elf" @"objects.list"   -mcpu=cortex-m4 -T"D:\Projects\STM32-Projects\ESC_G4\STM32G431KBUX_FLASH.ld" --specs=nosys.specs -Wl,-Map="ESC_G4.map" -Wl,--gc-sections -static --specs=nano.specs -mfpu=fpv4-sp-d16 -mfloat-abi=hard -mthumb -Wl,--start-group -lc -lm -Wl,--end-group
Finished building target: ESC_G4.elf
 
arm-none-eabi-size   ESC_G4.elf 
arm-none-eabi-objdump -h -S  ESC_G4.elf  > "ESC_G4.list"
   text	   data	    bss	    dec	    hex	filename
  30716	    120	  22112	  52948	   ced4	ESC_G4.elf
Finished building: default.size.stdout
 
Finished building: ESC_G4.list
 
22:19:16 **** Incremental Build of configuration Debug for project ESC_G4 ****
make -j20 all 
arm-none-eabi-gcc "../Core/Src/main.c" -mcpu=cortex-m4 -std=gnu11 -g3 -DDEBUG -DUSE_HAL_DRIVER -DSTM32G431xx -c -I../Core/Inc -I../Drivers/STM32G4xx_HAL_Driver/Inc -I../Drivers/STM32G4xx_HAL_Driver/Inc/Legacy -I../Drivers/CMSIS/Device/ST/STM32G4xx/Include -I../Drivers/CMSIS/Include -O0 -ffunction-sections -fdata-sections -Wall -fstack-usage -MMD -MP -MF"Core/Src/main.d" -MT"Core/Src/main.o" --specs=nano.specs -mfpu=fpv4-sp-d16 -mfloat-abi=hard -mthumb -o "Core/Src/main.o"
../Core/Src/main.c: In function 'main':
../Core/Src/main.c:346:7: warning: implicit declaration of function 'snprintf' [-Wimplicit-function-declaration]
  346 |   c = snprintf(temp, sizeof(temp),"%d, %d\n", adc_uvw[i], adc_x[i]);
      |       ^~~~~~~~
../Core/Src/main.c:346:7: warning: incompatible implicit declaration of built-in function 'snprintf'
../Core/Src/main.c:21:1: note: include '<stdio.h>' or provide a declaration of 'snprintf'
   20 | #include "main.h"
  +++ |+#include <stdio.h>
   21 | 
../Core/Src/main.c:346:16: warning: pointer targets in passing argument 1 of 'snprintf' differ in signedness [-Wpointer-sign]
  346 |   c = snprintf(temp, sizeof(temp),"%d, %d\n", adc_uvw[i], adc_x[i]);
      |                ^~~~
      |                |
      |                unsigned char *
../Core/Src/main.c:346:16: note: expected 'char *' but argument is of type 'unsigned char *'
../Core/Src/main.c:282:94: warning: unused variable 'max_time' [-Wunused-variable]
  282 |   unsigned int p = 1000, p_adc_limit = 5000, c = 0, d = 0, t = 1000, tt = 100, tim_temp = 0, max_time = 50000;
      |                                                                                              ^~~~~~~~
../Core/Src/main.c:282:80: warning: unused variable 'tim_temp' [-Wunused-variable]
  282 |   unsigned int p = 1000, p_adc_limit = 5000, c = 0, d = 0, t = 1000, tt = 100, tim_temp = 0, max_time = 50000;
      |                                                                                ^~~~~~~~
../Core/Src/main.c:282:70: warning: unused variable 'tt' [-Wunused-variable]
  282 |   unsigned int p = 1000, p_adc_limit = 5000, c = 0, d = 0, t = 1000, tt = 100, tim_temp = 0, max_time = 50000;
      |                                                                      ^~
../Core/Src/main.c:282:26: warning: unused variable 'p_adc_limit' [-Wunused-variable]
  282 |   unsigned int p = 1000, p_adc_limit = 5000, c = 0, d = 0, t = 1000, tt = 100, tim_temp = 0, max_time = 50000;
      |                          ^~~~~~~~~~~
../Core/Src/main.c: In function 'MX_ADC1_Init':
../Core/Src/main.c:412:24: warning: unused variable 'multimode' [-Wunused-variable]
  412 |   ADC_MultiModeTypeDef multimode = {0};
      |                        ^~~~~~~~~
At top level:
../Core/Src/main.c:689:13: warning: 'MX_TIM6_Init' defined but not used [-Wunused-function]
  689 | static void MX_TIM6_Init(void)
      |             ^~~~~~~~~~~~
arm-none-eabi-gcc -o "ESC_G4.elf" @"objects.list"   -mcpu=cortex-m4 -T"D:\Projects\STM32-Projects\ESC_G4\STM32G431KBUX_FLASH.ld" --specs=nosys.specs -Wl,-Map="ESC_G4.map" -Wl,--gc-sections -static --specs=nano.specs -mfpu=fpv4-sp-d16 -mfloat-abi=hard -mthumb -Wl,--start-group -lc -lm -Wl,--end-group
Finished building target: ESC_G4.elf
 
arm-none-eabi-size   ESC_G4.elf 
arm-none-eabi-objdump -h -S  ESC_G4.elf  > "ESC_G4.list"
   text	   data	    bss	    dec	    hex	filename
  30720	    120	  22112	  52952	   ced8	ESC_G4.elf
Finished building: default.size.stdout
 
Finished building: ESC_G4.list
 
22:19:39 **** Incremental Build of configuration Debug for project ESC_G4 ****
make -j20 all 
arm-none-eabi-gcc "../Core/Src/main.c" -mcpu=cortex-m4 -std=gnu11 -g3 -DDEBUG -DUSE_HAL_DRIVER -DSTM32G431xx -c -I../Core/Inc -I../Drivers/STM32G4xx_HAL_Driver/Inc -I../Drivers/STM32G4xx_HAL_Driver/Inc/Legacy -I../Drivers/CMSIS/Device/ST/STM32G4xx/Include -I../Drivers/CMSIS/Include -O0 -ffunction-sections -fdata-sections -Wall -fstack-usage -MMD -MP -MF"Core/Src/main.d" -MT"Core/Src/main.o" --specs=nano.specs -mfpu=fpv4-sp-d16 -mfloat-abi=hard -mthumb -o "Core/Src/main.o"
../Core/Src/main.c: In function 'main':
../Core/Src/main.c:346:7: warning: implicit declaration of function 'snprintf' [-Wimplicit-function-declaration]
  346 |   c = snprintf(temp, sizeof(temp),"%d, %d\n", adc_uvw[i], adc_x[i]);
      |       ^~~~~~~~
../Core/Src/main.c:346:7: warning: incompatible implicit declaration of built-in function 'snprintf'
../Core/Src/main.c:21:1: note: include '<stdio.h>' or provide a declaration of 'snprintf'
   20 | #include "main.h"
  +++ |+#include <stdio.h>
   21 | 
../Core/Src/main.c:346:16: warning: pointer targets in passing argument 1 of 'snprintf' differ in signedness [-Wpointer-sign]
  346 |   c = snprintf(temp, sizeof(temp),"%d, %d\n", adc_uvw[i], adc_x[i]);
      |                ^~~~
      |                |
      |                unsigned char *
../Core/Src/main.c:346:16: note: expected 'char *' but argument is of type 'unsigned char *'
../Core/Src/main.c:282:94: warning: unused variable 'max_time' [-Wunused-variable]
  282 |   unsigned int p = 1000, p_adc_limit = 5000, c = 0, d = 0, t = 1000, tt = 100, tim_temp = 0, max_time = 50000;
      |                                                                                              ^~~~~~~~
../Core/Src/main.c:282:80: warning: unused variable 'tim_temp' [-Wunused-variable]
  282 |   unsigned int p = 1000, p_adc_limit = 5000, c = 0, d = 0, t = 1000, tt = 100, tim_temp = 0, max_time = 50000;
      |                                                                                ^~~~~~~~
../Core/Src/main.c:282:70: warning: unused variable 'tt' [-Wunused-variable]
  282 |   unsigned int p = 1000, p_adc_limit = 5000, c = 0, d = 0, t = 1000, tt = 100, tim_temp = 0, max_time = 50000;
      |                                                                      ^~
../Core/Src/main.c:282:26: warning: unused variable 'p_adc_limit' [-Wunused-variable]
  282 |   unsigned int p = 1000, p_adc_limit = 5000, c = 0, d = 0, t = 1000, tt = 100, tim_temp = 0, max_time = 50000;
      |                          ^~~~~~~~~~~
../Core/Src/main.c: In function 'MX_ADC1_Init':
../Core/Src/main.c:412:24: warning: unused variable 'multimode' [-Wunused-variable]
  412 |   ADC_MultiModeTypeDef multimode = {0};
      |                        ^~~~~~~~~
At top level:
../Core/Src/main.c:689:13: warning: 'MX_TIM6_Init' defined but not used [-Wunused-function]
  689 | static void MX_TIM6_Init(void)
      |             ^~~~~~~~~~~~
arm-none-eabi-gcc -o "ESC_G4.elf" @"objects.list"   -mcpu=cortex-m4 -T"D:\Projects\STM32-Projects\ESC_G4\STM32G431KBUX_FLASH.ld" --specs=nosys.specs -Wl,-Map="ESC_G4.map" -Wl,--gc-sections -static --specs=nano.specs -mfpu=fpv4-sp-d16 -mfloat-abi=hard -mthumb -Wl,--start-group -lc -lm -Wl,--end-group
Finished building target: ESC_G4.elf
 
arm-none-eabi-size   ESC_G4.elf 
arm-none-eabi-objdump -h -S  ESC_G4.elf  > "ESC_G4.list"
   text	   data	    bss	    dec	    hex	filename
  29860	    120	  22112	  52092	   cb7c	ESC_G4.elf
Finished building: default.size.stdout
 
Finished building: ESC_G4.list
 
22:21:40 **** Incremental Build of configuration Debug for project ESC_G4 ****
make -j20 all 
arm-none-eabi-gcc "../Core/Src/main.c" -mcpu=cortex-m4 -std=gnu11 -g3 -DDEBUG -DUSE_HAL_DRIVER -DSTM32G431xx -c -I../Core/Inc -I../Drivers/STM32G4xx_HAL_Driver/Inc -I../Drivers/STM32G4xx_HAL_Driver/Inc/Legacy -I../Drivers/CMSIS/Device/ST/STM32G4xx/Include -I../Drivers/CMSIS/Include -O0 -ffunction-sections -fdata-sections -Wall -fstack-usage -MMD -MP -MF"Core/Src/main.d" -MT"Core/Src/main.o" --specs=nano.specs -mfpu=fpv4-sp-d16 -mfloat-abi=hard -mthumb -o "Core/Src/main.o"
../Core/Src/main.c: In function 'main':
../Core/Src/main.c:346:7: warning: implicit declaration of function 'snprintf' [-Wimplicit-function-declaration]
  346 |   c = snprintf(temp, sizeof(temp),"%d, %d\n", adc_uvw[i], adc_x[i]);
      |       ^~~~~~~~
../Core/Src/main.c:346:7: warning: incompatible implicit declaration of built-in function 'snprintf'
../Core/Src/main.c:21:1: note: include '<stdio.h>' or provide a declaration of 'snprintf'
   20 | #include "main.h"
  +++ |+#include <stdio.h>
   21 | 
../Core/Src/main.c:346:16: warning: pointer targets in passing argument 1 of 'snprintf' differ in signedness [-Wpointer-sign]
  346 |   c = snprintf(temp, sizeof(temp),"%d, %d\n", adc_uvw[i], adc_x[i]);
      |                ^~~~
      |                |
      |                unsigned char *
../Core/Src/main.c:346:16: note: expected 'char *' but argument is of type 'unsigned char *'
../Core/Src/main.c:282:94: warning: unused variable 'max_time' [-Wunused-variable]
  282 |   unsigned int p = 1000, p_adc_limit = 5000, c = 0, d = 0, t = 1000, tt = 100, tim_temp = 0, max_time = 50000;
      |                                                                                              ^~~~~~~~
../Core/Src/main.c:282:80: warning: unused variable 'tim_temp' [-Wunused-variable]
  282 |   unsigned int p = 1000, p_adc_limit = 5000, c = 0, d = 0, t = 1000, tt = 100, tim_temp = 0, max_time = 50000;
      |                                                                                ^~~~~~~~
../Core/Src/main.c:282:70: warning: unused variable 'tt' [-Wunused-variable]
  282 |   unsigned int p = 1000, p_adc_limit = 5000, c = 0, d = 0, t = 1000, tt = 100, tim_temp = 0, max_time = 50000;
      |                                                                      ^~
../Core/Src/main.c:282:26: warning: unused variable 'p_adc_limit' [-Wunused-variable]
  282 |   unsigned int p = 1000, p_adc_limit = 5000, c = 0, d = 0, t = 1000, tt = 100, tim_temp = 0, max_time = 50000;
      |                          ^~~~~~~~~~~
../Core/Src/main.c: In function 'MX_ADC1_Init':
../Core/Src/main.c:412:24: warning: unused variable 'multimode' [-Wunused-variable]
  412 |   ADC_MultiModeTypeDef multimode = {0};
      |                        ^~~~~~~~~
At top level:
../Core/Src/main.c:689:13: warning: 'MX_TIM6_Init' defined but not used [-Wunused-function]
  689 | static void MX_TIM6_Init(void)
      |             ^~~~~~~~~~~~
arm-none-eabi-gcc -o "ESC_G4.elf" @"objects.list"   -mcpu=cortex-m4 -T"D:\Projects\STM32-Projects\ESC_G4\STM32G431KBUX_FLASH.ld" --specs=nosys.specs -Wl,-Map="ESC_G4.map" -Wl,--gc-sections -static --specs=nano.specs -mfpu=fpv4-sp-d16 -mfloat-abi=hard -mthumb -Wl,--start-group -lc -lm -Wl,--end-group
Finished building target: ESC_G4.elf
 
arm-none-eabi-size   ESC_G4.elf 
arm-none-eabi-objdump -h -S  ESC_G4.elf  > "ESC_G4.list"
   text	   data	    bss	    dec	    hex	filename
  30712	    120	  22112	  52944	   ced0	ESC_G4.elf
Finished building: default.size.stdout
 
Finished building: ESC_G4.list
 
22:23:49 **** Incremental Build of configuration Debug for project ESC_G4 ****
make -j20 all 
arm-none-eabi-gcc "../Core/Src/main.c" -mcpu=cortex-m4 -std=gnu11 -g3 -DDEBUG -DUSE_HAL_DRIVER -DSTM32G431xx -c -I../Core/Inc -I../Drivers/STM32G4xx_HAL_Driver/Inc -I../Drivers/STM32G4xx_HAL_Driver/Inc/Legacy -I../Drivers/CMSIS/Device/ST/STM32G4xx/Include -I../Drivers/CMSIS/Include -O0 -ffunction-sections -fdata-sections -Wall -fstack-usage -MMD -MP -MF"Core/Src/main.d" -MT"Core/Src/main.o" --specs=nano.specs -mfpu=fpv4-sp-d16 -mfloat-abi=hard -mthumb -o "Core/Src/main.o"
../Core/Src/main.c: In function 'main':
../Core/Src/main.c:346:7: warning: implicit declaration of function 'snprintf' [-Wimplicit-function-declaration]
  346 |   c = snprintf(temp, sizeof(temp),"%d, %d\n", adc_uvw[i], adc_x[i]);
      |       ^~~~~~~~
../Core/Src/main.c:346:7: warning: incompatible implicit declaration of built-in function 'snprintf'
../Core/Src/main.c:21:1: note: include '<stdio.h>' or provide a declaration of 'snprintf'
   20 | #include "main.h"
  +++ |+#include <stdio.h>
   21 | 
../Core/Src/main.c:346:16: warning: pointer targets in passing argument 1 of 'snprintf' differ in signedness [-Wpointer-sign]
  346 |   c = snprintf(temp, sizeof(temp),"%d, %d\n", adc_uvw[i], adc_x[i]);
      |                ^~~~
      |                |
      |                unsigned char *
../Core/Src/main.c:346:16: note: expected 'char *' but argument is of type 'unsigned char *'
../Core/Src/main.c:282:94: warning: unused variable 'max_time' [-Wunused-variable]
  282 |   unsigned int p = 1000, p_adc_limit = 5000, c = 0, d = 0, t = 1000, tt = 100, tim_temp = 0, max_time = 50000;
      |                                                                                              ^~~~~~~~
../Core/Src/main.c:282:80: warning: unused variable 'tim_temp' [-Wunused-variable]
  282 |   unsigned int p = 1000, p_adc_limit = 5000, c = 0, d = 0, t = 1000, tt = 100, tim_temp = 0, max_time = 50000;
      |                                                                                ^~~~~~~~
../Core/Src/main.c:282:70: warning: unused variable 'tt' [-Wunused-variable]
  282 |   unsigned int p = 1000, p_adc_limit = 5000, c = 0, d = 0, t = 1000, tt = 100, tim_temp = 0, max_time = 50000;
      |                                                                      ^~
../Core/Src/main.c:282:26: warning: unused variable 'p_adc_limit' [-Wunused-variable]
  282 |   unsigned int p = 1000, p_adc_limit = 5000, c = 0, d = 0, t = 1000, tt = 100, tim_temp = 0, max_time = 50000;
      |                          ^~~~~~~~~~~
../Core/Src/main.c: In function 'MX_ADC1_Init':
../Core/Src/main.c:412:24: warning: unused variable 'multimode' [-Wunused-variable]
  412 |   ADC_MultiModeTypeDef multimode = {0};
      |                        ^~~~~~~~~
At top level:
../Core/Src/main.c:689:13: warning: 'MX_TIM6_Init' defined but not used [-Wunused-function]
  689 | static void MX_TIM6_Init(void)
      |             ^~~~~~~~~~~~
arm-none-eabi-gcc -o "ESC_G4.elf" @"objects.list"   -mcpu=cortex-m4 -T"D:\Projects\STM32-Projects\ESC_G4\STM32G431KBUX_FLASH.ld" --specs=nosys.specs -Wl,-Map="ESC_G4.map" -Wl,--gc-sections -static --specs=nano.specs -mfpu=fpv4-sp-d16 -mfloat-abi=hard -mthumb -Wl,--start-group -lc -lm -Wl,--end-group
Finished building target: ESC_G4.elf
 
arm-none-eabi-size   ESC_G4.elf 
arm-none-eabi-objdump -h -S  ESC_G4.elf  > "ESC_G4.list"
   text	   data	    bss	    dec	    hex	filename
  30644	    120	  22112	  52876	   ce8c	ESC_G4.elf
Finished building: default.size.stdout
 
Finished building: ESC_G4.list
 
22:24:37 **** Incremental Build of configuration Debug for project ESC_G4 ****
make -j20 all 
arm-none-eabi-gcc "../Core/Src/main.c" -mcpu=cortex-m4 -std=gnu11 -g3 -DDEBUG -DUSE_HAL_DRIVER -DSTM32G431xx -c -I../Core/Inc -I../Drivers/STM32G4xx_HAL_Driver/Inc -I../Drivers/STM32G4xx_HAL_Driver/Inc/Legacy -I../Drivers/CMSIS/Device/ST/STM32G4xx/Include -I../Drivers/CMSIS/Include -O0 -ffunction-sections -fdata-sections -Wall -fstack-usage -MMD -MP -MF"Core/Src/main.d" -MT"Core/Src/main.o" --specs=nano.specs -mfpu=fpv4-sp-d16 -mfloat-abi=hard -mthumb -o "Core/Src/main.o"
../Core/Src/main.c: In function 'main':
../Core/Src/main.c:346:7: warning: implicit declaration of function 'snprintf' [-Wimplicit-function-declaration]
  346 |   c = snprintf(temp, sizeof(temp),"%d, %d\n", adc_uvw[i], adc_x[i]);
      |       ^~~~~~~~
../Core/Src/main.c:346:7: warning: incompatible implicit declaration of built-in function 'snprintf'
../Core/Src/main.c:21:1: note: include '<stdio.h>' or provide a declaration of 'snprintf'
   20 | #include "main.h"
  +++ |+#include <stdio.h>
   21 | 
../Core/Src/main.c:346:16: warning: pointer targets in passing argument 1 of 'snprintf' differ in signedness [-Wpointer-sign]
  346 |   c = snprintf(temp, sizeof(temp),"%d, %d\n", adc_uvw[i], adc_x[i]);
      |                ^~~~
      |                |
      |                unsigned char *
../Core/Src/main.c:346:16: note: expected 'char *' but argument is of type 'unsigned char *'
../Core/Src/main.c:282:94: warning: unused variable 'max_time' [-Wunused-variable]
  282 |   unsigned int p = 1000, p_adc_limit = 5000, c = 0, d = 0, t = 1000, tt = 100, tim_temp = 0, max_time = 50000;
      |                                                                                              ^~~~~~~~
../Core/Src/main.c:282:80: warning: unused variable 'tim_temp' [-Wunused-variable]
  282 |   unsigned int p = 1000, p_adc_limit = 5000, c = 0, d = 0, t = 1000, tt = 100, tim_temp = 0, max_time = 50000;
      |                                                                                ^~~~~~~~
../Core/Src/main.c:282:70: warning: unused variable 'tt' [-Wunused-variable]
  282 |   unsigned int p = 1000, p_adc_limit = 5000, c = 0, d = 0, t = 1000, tt = 100, tim_temp = 0, max_time = 50000;
      |                                                                      ^~
../Core/Src/main.c:282:26: warning: unused variable 'p_adc_limit' [-Wunused-variable]
  282 |   unsigned int p = 1000, p_adc_limit = 5000, c = 0, d = 0, t = 1000, tt = 100, tim_temp = 0, max_time = 50000;
      |                          ^~~~~~~~~~~
../Core/Src/main.c: In function 'MX_ADC1_Init':
../Core/Src/main.c:412:24: warning: unused variable 'multimode' [-Wunused-variable]
  412 |   ADC_MultiModeTypeDef multimode = {0};
      |                        ^~~~~~~~~
At top level:
../Core/Src/main.c:689:13: warning: 'MX_TIM6_Init' defined but not used [-Wunused-function]
  689 | static void MX_TIM6_Init(void)
      |             ^~~~~~~~~~~~
arm-none-eabi-gcc -o "ESC_G4.elf" @"objects.list"   -mcpu=cortex-m4 -T"D:\Projects\STM32-Projects\ESC_G4\STM32G431KBUX_FLASH.ld" --specs=nosys.specs -Wl,-Map="ESC_G4.map" -Wl,--gc-sections -static --specs=nano.specs -mfpu=fpv4-sp-d16 -mfloat-abi=hard -mthumb -Wl,--start-group -lc -lm -Wl,--end-group
Finished building target: ESC_G4.elf
 
arm-none-eabi-size   ESC_G4.elf 
arm-none-eabi-objdump -h -S  ESC_G4.elf  > "ESC_G4.list"
   text	   data	    bss	    dec	    hex	filename
  25880	     20	  22092	  47992	   bb78	ESC_G4.elf
Finished building: default.size.stdout
 
Finished building: ESC_G4.list
 
22:25:48 **** Incremental Build of configuration Debug for project ESC_G4 ****
make -j20 all 
arm-none-eabi-gcc "../Core/Src/main.c" -mcpu=cortex-m4 -std=gnu11 -g3 -DDEBUG -DUSE_HAL_DRIVER -DSTM32G431xx -c -I../Core/Inc -I../Drivers/STM32G4xx_HAL_Driver/Inc -I../Drivers/STM32G4xx_HAL_Driver/Inc/Legacy -I../Drivers/CMSIS/Device/ST/STM32G4xx/Include -I../Drivers/CMSIS/Include -O0 -ffunction-sections -fdata-sections -Wall -fstack-usage -MMD -MP -MF"Core/Src/main.d" -MT"Core/Src/main.o" --specs=nano.specs -mfpu=fpv4-sp-d16 -mfloat-abi=hard -mthumb -o "Core/Src/main.o"
../Core/Src/main.c: In function 'main':
../Core/Src/main.c:348:7: warning: implicit declaration of function 'snprintf' [-Wimplicit-function-declaration]
  348 |   c = snprintf(temp, sizeof(temp),"%d, %d\n", adc_uvw[i], adc_x[i]);
      |       ^~~~~~~~
../Core/Src/main.c:348:7: warning: incompatible implicit declaration of built-in function 'snprintf'
../Core/Src/main.c:21:1: note: include '<stdio.h>' or provide a declaration of 'snprintf'
   20 | #include "main.h"
  +++ |+#include <stdio.h>
   21 | 
../Core/Src/main.c:348:16: warning: pointer targets in passing argument 1 of 'snprintf' differ in signedness [-Wpointer-sign]
  348 |   c = snprintf(temp, sizeof(temp),"%d, %d\n", adc_uvw[i], adc_x[i]);
      |                ^~~~
      |                |
      |                unsigned char *
../Core/Src/main.c:348:16: note: expected 'char *' but argument is of type 'unsigned char *'
../Core/Src/main.c:284:94: warning: unused variable 'max_time' [-Wunused-variable]
  284 |   unsigned int p = 1000, p_adc_limit = 5000, c = 0, d = 0, t = 1000, tt = 100, tim_temp = 0, max_time = 50000;
      |                                                                                              ^~~~~~~~
../Core/Src/main.c:284:80: warning: unused variable 'tim_temp' [-Wunused-variable]
  284 |   unsigned int p = 1000, p_adc_limit = 5000, c = 0, d = 0, t = 1000, tt = 100, tim_temp = 0, max_time = 50000;
      |                                                                                ^~~~~~~~
../Core/Src/main.c:284:70: warning: unused variable 'tt' [-Wunused-variable]
  284 |   unsigned int p = 1000, p_adc_limit = 5000, c = 0, d = 0, t = 1000, tt = 100, tim_temp = 0, max_time = 50000;
      |                                                                      ^~
../Core/Src/main.c:284:26: warning: unused variable 'p_adc_limit' [-Wunused-variable]
  284 |   unsigned int p = 1000, p_adc_limit = 5000, c = 0, d = 0, t = 1000, tt = 100, tim_temp = 0, max_time = 50000;
      |                          ^~~~~~~~~~~
../Core/Src/main.c: In function 'MX_ADC1_Init':
../Core/Src/main.c:414:24: warning: unused variable 'multimode' [-Wunused-variable]
  414 |   ADC_MultiModeTypeDef multimode = {0};
      |                        ^~~~~~~~~
At top level:
../Core/Src/main.c:691:13: warning: 'MX_TIM6_Init' defined but not used [-Wunused-function]
  691 | static void MX_TIM6_Init(void)
      |             ^~~~~~~~~~~~
arm-none-eabi-gcc -o "ESC_G4.elf" @"objects.list"   -mcpu=cortex-m4 -T"D:\Projects\STM32-Projects\ESC_G4\STM32G431KBUX_FLASH.ld" --specs=nosys.specs -Wl,-Map="ESC_G4.map" -Wl,--gc-sections -static --specs=nano.specs -mfpu=fpv4-sp-d16 -mfloat-abi=hard -mthumb -Wl,--start-group -lc -lm -Wl,--end-group
Finished building target: ESC_G4.elf
 
arm-none-eabi-size   ESC_G4.elf 
arm-none-eabi-objdump -h -S  ESC_G4.elf  > "ESC_G4.list"
   text	   data	    bss	    dec	    hex	filename
  25848	     20	  22092	  47960	   bb58	ESC_G4.elf
Finished building: default.size.stdout
 
Finished building: ESC_G4.list
 
22:26:51 **** Incremental Build of configuration Debug for project ESC_G4 ****
make -j20 all 
arm-none-eabi-gcc "../Core/Src/main.c" -mcpu=cortex-m4 -std=gnu11 -g3 -DDEBUG -DUSE_HAL_DRIVER -DSTM32G431xx -c -I../Core/Inc -I../Drivers/STM32G4xx_HAL_Driver/Inc -I../Drivers/STM32G4xx_HAL_Driver/Inc/Legacy -I../Drivers/CMSIS/Device/ST/STM32G4xx/Include -I../Drivers/CMSIS/Include -O0 -ffunction-sections -fdata-sections -Wall -fstack-usage -MMD -MP -MF"Core/Src/main.d" -MT"Core/Src/main.o" --specs=nano.specs -mfpu=fpv4-sp-d16 -mfloat-abi=hard -mthumb -o "Core/Src/main.o"
../Core/Src/main.c: In function 'main':
../Core/Src/main.c:348:7: warning: implicit declaration of function 'snprintf' [-Wimplicit-function-declaration]
  348 |   c = snprintf(temp, sizeof(temp),"%d, %d\n", adc_uvw[i], adc_x[i]);
      |       ^~~~~~~~
../Core/Src/main.c:348:7: warning: incompatible implicit declaration of built-in function 'snprintf'
../Core/Src/main.c:21:1: note: include '<stdio.h>' or provide a declaration of 'snprintf'
   20 | #include "main.h"
  +++ |+#include <stdio.h>
   21 | 
../Core/Src/main.c:348:16: warning: pointer targets in passing argument 1 of 'snprintf' differ in signedness [-Wpointer-sign]
  348 |   c = snprintf(temp, sizeof(temp),"%d, %d\n", adc_uvw[i], adc_x[i]);
      |                ^~~~
      |                |
      |                unsigned char *
../Core/Src/main.c:348:16: note: expected 'char *' but argument is of type 'unsigned char *'
../Core/Src/main.c:284:94: warning: unused variable 'max_time' [-Wunused-variable]
  284 |   unsigned int p = 1000, p_adc_limit = 5000, c = 0, d = 0, t = 1000, tt = 100, tim_temp = 0, max_time = 50000;
      |                                                                                              ^~~~~~~~
../Core/Src/main.c:284:80: warning: unused variable 'tim_temp' [-Wunused-variable]
  284 |   unsigned int p = 1000, p_adc_limit = 5000, c = 0, d = 0, t = 1000, tt = 100, tim_temp = 0, max_time = 50000;
      |                                                                                ^~~~~~~~
../Core/Src/main.c:284:70: warning: unused variable 'tt' [-Wunused-variable]
  284 |   unsigned int p = 1000, p_adc_limit = 5000, c = 0, d = 0, t = 1000, tt = 100, tim_temp = 0, max_time = 50000;
      |                                                                      ^~
../Core/Src/main.c:284:26: warning: unused variable 'p_adc_limit' [-Wunused-variable]
  284 |   unsigned int p = 1000, p_adc_limit = 5000, c = 0, d = 0, t = 1000, tt = 100, tim_temp = 0, max_time = 50000;
      |                          ^~~~~~~~~~~
../Core/Src/main.c: In function 'MX_ADC1_Init':
../Core/Src/main.c:414:24: warning: unused variable 'multimode' [-Wunused-variable]
  414 |   ADC_MultiModeTypeDef multimode = {0};
      |                        ^~~~~~~~~
At top level:
../Core/Src/main.c:691:13: warning: 'MX_TIM6_Init' defined but not used [-Wunused-function]
  691 | static void MX_TIM6_Init(void)
      |             ^~~~~~~~~~~~
arm-none-eabi-gcc -o "ESC_G4.elf" @"objects.list"   -mcpu=cortex-m4 -T"D:\Projects\STM32-Projects\ESC_G4\STM32G431KBUX_FLASH.ld" --specs=nosys.specs -Wl,-Map="ESC_G4.map" -Wl,--gc-sections -static --specs=nano.specs -mfpu=fpv4-sp-d16 -mfloat-abi=hard -mthumb -Wl,--start-group -lc -lm -Wl,--end-group
Finished building target: ESC_G4.elf
 
arm-none-eabi-size   ESC_G4.elf 
arm-none-eabi-objdump -h -S  ESC_G4.elf  > "ESC_G4.list"
   text	   data	    bss	    dec	    hex	filename
  25840	     20	  22092	  47952	   bb50	ESC_G4.elf
Finished building: default.size.stdout
 
Finished building: ESC_G4.list
 
22:29:07 **** Incremental Build of configuration Debug for project ESC_G4 ****
make -j20 all 
arm-none-eabi-gcc "../Core/Src/main.c" -mcpu=cortex-m4 -std=gnu11 -g3 -DDEBUG -DUSE_HAL_DRIVER -DSTM32G431xx -c -I../Core/Inc -I../Drivers/STM32G4xx_HAL_Driver/Inc -I../Drivers/STM32G4xx_HAL_Driver/Inc/Legacy -I../Drivers/CMSIS/Device/ST/STM32G4xx/Include -I../Drivers/CMSIS/Include -O0 -ffunction-sections -fdata-sections -Wall -fstack-usage -MMD -MP -MF"Core/Src/main.d" -MT"Core/Src/main.o" --specs=nano.specs -mfpu=fpv4-sp-d16 -mfloat-abi=hard -mthumb -o "Core/Src/main.o"
../Core/Src/main.c: In function 'main':
../Core/Src/main.c:345:7: warning: implicit declaration of function 'snprintf' [-Wimplicit-function-declaration]
  345 |   c = snprintf(temp, sizeof(temp),"%d, %d\n", adc_uvw[i], adc_x[i]);
      |       ^~~~~~~~
../Core/Src/main.c:345:7: warning: incompatible implicit declaration of built-in function 'snprintf'
../Core/Src/main.c:21:1: note: include '<stdio.h>' or provide a declaration of 'snprintf'
   20 | #include "main.h"
  +++ |+#include <stdio.h>
   21 | 
../Core/Src/main.c:345:16: warning: pointer targets in passing argument 1 of 'snprintf' differ in signedness [-Wpointer-sign]
  345 |   c = snprintf(temp, sizeof(temp),"%d, %d\n", adc_uvw[i], adc_x[i]);
      |                ^~~~
      |                |
      |                unsigned char *
../Core/Src/main.c:345:16: note: expected 'char *' but argument is of type 'unsigned char *'
../Core/Src/main.c:281:94: warning: unused variable 'max_time' [-Wunused-variable]
  281 |   unsigned int p = 1000, p_adc_limit = 5000, c = 0, d = 0, t = 1000, tt = 100, tim_temp = 0, max_time = 50000;
      |                                                                                              ^~~~~~~~
../Core/Src/main.c:281:80: warning: unused variable 'tim_temp' [-Wunused-variable]
  281 |   unsigned int p = 1000, p_adc_limit = 5000, c = 0, d = 0, t = 1000, tt = 100, tim_temp = 0, max_time = 50000;
      |                                                                                ^~~~~~~~
../Core/Src/main.c:281:70: warning: unused variable 'tt' [-Wunused-variable]
  281 |   unsigned int p = 1000, p_adc_limit = 5000, c = 0, d = 0, t = 1000, tt = 100, tim_temp = 0, max_time = 50000;
      |                                                                      ^~
../Core/Src/main.c:281:26: warning: unused variable 'p_adc_limit' [-Wunused-variable]
  281 |   unsigned int p = 1000, p_adc_limit = 5000, c = 0, d = 0, t = 1000, tt = 100, tim_temp = 0, max_time = 50000;
      |                          ^~~~~~~~~~~
../Core/Src/main.c: In function 'MX_ADC1_Init':
../Core/Src/main.c:410:24: warning: unused variable 'multimode' [-Wunused-variable]
  410 |   ADC_MultiModeTypeDef multimode = {0};
      |                        ^~~~~~~~~
At top level:
../Core/Src/main.c:687:13: warning: 'MX_TIM6_Init' defined but not used [-Wunused-function]
  687 | static void MX_TIM6_Init(void)
      |             ^~~~~~~~~~~~
arm-none-eabi-gcc -o "ESC_G4.elf" @"objects.list"   -mcpu=cortex-m4 -T"D:\Projects\STM32-Projects\ESC_G4\STM32G431KBUX_FLASH.ld" --specs=nosys.specs -Wl,-Map="ESC_G4.map" -Wl,--gc-sections -static --specs=nano.specs -mfpu=fpv4-sp-d16 -mfloat-abi=hard -mthumb -Wl,--start-group -lc -lm -Wl,--end-group
Finished building target: ESC_G4.elf
 
arm-none-eabi-size   ESC_G4.elf 
arm-none-eabi-objdump -h -S  ESC_G4.elf  > "ESC_G4.list"
   text	   data	    bss	    dec	    hex	filename
  30620	    120	  22112	  52852	   ce74	ESC_G4.elf
Finished building: default.size.stdout
 
Finished building: ESC_G4.list
 
22:31:06 **** Incremental Build of configuration Debug for project ESC_G4 ****
make -j20 all 
arm-none-eabi-gcc "../Core/Src/main.c" -mcpu=cortex-m4 -std=gnu11 -g3 -DDEBUG -DUSE_HAL_DRIVER -DSTM32G431xx -c -I../Core/Inc -I../Drivers/STM32G4xx_HAL_Driver/Inc -I../Drivers/STM32G4xx_HAL_Driver/Inc/Legacy -I../Drivers/CMSIS/Device/ST/STM32G4xx/Include -I../Drivers/CMSIS/Include -O0 -ffunction-sections -fdata-sections -Wall -fstack-usage -MMD -MP -MF"Core/Src/main.d" -MT"Core/Src/main.o" --specs=nano.specs -mfpu=fpv4-sp-d16 -mfloat-abi=hard -mthumb -o "Core/Src/main.o"
../Core/Src/main.c: In function 'main':
../Core/Src/main.c:347:7: warning: implicit declaration of function 'snprintf' [-Wimplicit-function-declaration]
  347 |   c = snprintf(temp, sizeof(temp),"%d, %d\n", adc_uvw[i], adc_x[i]);
      |       ^~~~~~~~
../Core/Src/main.c:347:7: warning: incompatible implicit declaration of built-in function 'snprintf'
../Core/Src/main.c:21:1: note: include '<stdio.h>' or provide a declaration of 'snprintf'
   20 | #include "main.h"
  +++ |+#include <stdio.h>
   21 | 
../Core/Src/main.c:347:16: warning: pointer targets in passing argument 1 of 'snprintf' differ in signedness [-Wpointer-sign]
  347 |   c = snprintf(temp, sizeof(temp),"%d, %d\n", adc_uvw[i], adc_x[i]);
      |                ^~~~
      |                |
      |                unsigned char *
../Core/Src/main.c:347:16: note: expected 'char *' but argument is of type 'unsigned char *'
../Core/Src/main.c:281:94: warning: unused variable 'max_time' [-Wunused-variable]
  281 |   unsigned int p = 1000, p_adc_limit = 5000, c = 0, d = 0, t = 1000, tt = 100, tim_temp = 0, max_time = 50000;
      |                                                                                              ^~~~~~~~
../Core/Src/main.c:281:80: warning: unused variable 'tim_temp' [-Wunused-variable]
  281 |   unsigned int p = 1000, p_adc_limit = 5000, c = 0, d = 0, t = 1000, tt = 100, tim_temp = 0, max_time = 50000;
      |                                                                                ^~~~~~~~
../Core/Src/main.c:281:70: warning: unused variable 'tt' [-Wunused-variable]
  281 |   unsigned int p = 1000, p_adc_limit = 5000, c = 0, d = 0, t = 1000, tt = 100, tim_temp = 0, max_time = 50000;
      |                                                                      ^~
../Core/Src/main.c:281:26: warning: unused variable 'p_adc_limit' [-Wunused-variable]
  281 |   unsigned int p = 1000, p_adc_limit = 5000, c = 0, d = 0, t = 1000, tt = 100, tim_temp = 0, max_time = 50000;
      |                          ^~~~~~~~~~~
../Core/Src/main.c: In function 'MX_ADC1_Init':
../Core/Src/main.c:412:24: warning: unused variable 'multimode' [-Wunused-variable]
  412 |   ADC_MultiModeTypeDef multimode = {0};
      |                        ^~~~~~~~~
At top level:
../Core/Src/main.c:689:13: warning: 'MX_TIM6_Init' defined but not used [-Wunused-function]
  689 | static void MX_TIM6_Init(void)
      |             ^~~~~~~~~~~~
arm-none-eabi-gcc -o "ESC_G4.elf" @"objects.list"   -mcpu=cortex-m4 -T"D:\Projects\STM32-Projects\ESC_G4\STM32G431KBUX_FLASH.ld" --specs=nosys.specs -Wl,-Map="ESC_G4.map" -Wl,--gc-sections -static --specs=nano.specs -mfpu=fpv4-sp-d16 -mfloat-abi=hard -mthumb -Wl,--start-group -lc -lm -Wl,--end-group
Finished building target: ESC_G4.elf
 
arm-none-eabi-size   ESC_G4.elf 
arm-none-eabi-objdump -h -S  ESC_G4.elf  > "ESC_G4.list"
   text	   data	    bss	    dec	    hex	filename
  30632	    120	  22112	  52864	   ce80	ESC_G4.elf
Finished building: default.size.stdout
 
Finished building: ESC_G4.list
 
22:31:27 **** Incremental Build of configuration Debug for project ESC_G4 ****
make -j20 all 
[...]
  447 |   c = snprintf(temp, sizeof(temp),"%d\n", save[i]);
      |                ^~~~
      |                |
      |                unsigned char *
../Core/Src/main.c:447:16: note: expected 'char *' but argument is of type 'unsigned char *'
../Core/Src/main.c:305:49: warning: unused variable 'max_time' [-Wunused-variable]
  305 |  unsigned int c = 0, d = 0, t = 2000, tt = 100, max_time = 50000;
      |                                                 ^~~~~~~~
../Core/Src/main.c:305:39: warning: unused variable 'tt' [-Wunused-variable]
  305 |  unsigned int c = 0, d = 0, t = 2000, tt = 100, max_time = 50000;
      |                                       ^~
../Core/Src/main.c:268:27: warning: unused variable 'save_i' [-Wunused-variable]
  268 |  unsigned int save[5000], save_i = 0;
      |                           ^~~~~~
../Core/Src/main.c: In function 'MX_ADC1_Init':
../Core/Src/main.c:513:24: warning: unused variable 'multimode' [-Wunused-variable]
  513 |   ADC_MultiModeTypeDef multimode = {0};
      |                        ^~~~~~~~~
At top level:
../Core/Src/main.c:825:13: warning: 'MX_TIM6_Init' defined but not used [-Wunused-function]
  825 | static void MX_TIM6_Init(void)
      |             ^~~~~~~~~~~~
arm-none-eabi-gcc -o "ESC_G4.elf" @"objects.list"   -mcpu=cortex-m4 -T"D:\Projects\STM32-Projects\ESC_G4\STM32G431KBUX_FLASH.ld" --specs=nosys.specs -Wl,-Map="ESC_G4.map" -Wl,--gc-sections -static --specs=nano.specs -mfpu=fpv4-sp-d16 -mfloat-abi=hard -mthumb -Wl,--start-group -lc -lm -Wl,--end-group
Finished building target: ESC_G4.elf
 
arm-none-eabi-size   ESC_G4.elf 
arm-none-eabi-objdump -h -S  ESC_G4.elf  > "ESC_G4.list"
   text	   data	    bss	    dec	    hex	filename
  30264	     20	  22172	  52456	   cce8	ESC_G4.elf
Finished building: default.size.stdout
 
Finished building: ESC_G4.list
 
21:22:01 **** Incremental Build of configuration Debug for project ESC_G4 ****
make -j20 all 
arm-none-eabi-gcc "../Core/Src/main.c" -mcpu=cortex-m4 -std=gnu11 -g3 -DDEBUG -DUSE_HAL_DRIVER -DSTM32G431xx -c -I../Core/Inc -I../Drivers/STM32G4xx_HAL_Driver/Inc -I../Drivers/STM32G4xx_HAL_Driver/Inc/Legacy -I../Drivers/CMSIS/Device/ST/STM32G4xx/Include -I../Drivers/CMSIS/Include -O0 -ffunction-sections -fdata-sections -Wall -fstack-usage -MMD -MP -MF"Core/Src/main.d" -MT"Core/Src/main.o" --specs=nano.specs -mfpu=fpv4-sp-d16 -mfloat-abi=hard -mthumb -o "Core/Src/main.o"
../Core/Src/main.c: In function 'main':
../Core/Src/main.c:447:7: warning: implicit declaration of function 'snprintf' [-Wimplicit-function-declaration]
  447 |   c = snprintf(temp, sizeof(temp),"%d\n", save[i]);
      |       ^~~~~~~~
../Core/Src/main.c:447:7: warning: incompatible implicit declaration of built-in function 'snprintf'
../Core/Src/main.c:21:1: note: include '<stdio.h>' or provide a declaration of 'snprintf'
   20 | #include "main.h"
  +++ |+#include <stdio.h>
   21 | 
../Core/Src/main.c:447:16: warning: pointer targets in passing argument 1 of 'snprintf' differ in signedness [-Wpointer-sign]
  447 |   c = snprintf(temp, sizeof(temp),"%d\n", save[i]);
      |                ^~~~
      |                |
      |                unsigned char *
../Core/Src/main.c:447:16: note: expected 'char *' but argument is of type 'unsigned char *'
../Core/Src/main.c:305:49: warning: unused variable 'max_time' [-Wunused-variable]
  305 |  unsigned int c = 0, d = 0, t = 2000, tt = 100, max_time = 50000;
      |                                                 ^~~~~~~~
../Core/Src/main.c:305:39: warning: unused variable 'tt' [-Wunused-variable]
  305 |  unsigned int c = 0, d = 0, t = 2000, tt = 100, max_time = 50000;
      |                                       ^~
../Core/Src/main.c:268:27: warning: unused variable 'save_i' [-Wunused-variable]
  268 |  unsigned int save[5000], save_i = 0;
      |                           ^~~~~~
../Core/Src/main.c: In function 'MX_ADC1_Init':
../Core/Src/main.c:513:24: warning: unused variable 'multimode' [-Wunused-variable]
  513 |   ADC_MultiModeTypeDef multimode = {0};
      |                        ^~~~~~~~~
At top level:
../Core/Src/main.c:825:13: warning: 'MX_TIM6_Init' defined but not used [-Wunused-function]
  825 | static void MX_TIM6_Init(void)
      |             ^~~~~~~~~~~~
arm-none-eabi-gcc -o "ESC_G4.elf" @"objects.list"   -mcpu=cortex-m4 -T"D:\Projects\STM32-Projects\ESC_G4\STM32G431KBUX_FLASH.ld" --specs=nosys.specs -Wl,-Map="ESC_G4.map" -Wl,--gc-sections -static --specs=nano.specs -mfpu=fpv4-sp-d16 -mfloat-abi=hard -mthumb -Wl,--start-group -lc -lm -Wl,--end-group
Finished building target: ESC_G4.elf
 
arm-none-eabi-size   ESC_G4.elf 
arm-none-eabi-objdump -h -S  ESC_G4.elf  > "ESC_G4.list"
   text	   data	    bss	    dec	    hex	filename
  30264	     20	  22172	  52456	   cce8	ESC_G4.elf
Finished building: default.size.stdout
 
Finished building: ESC_G4.list
 
22:26:21 **** Incremental Build of configuration Debug for project ESC_G4 ****
make -j20 all 
arm-none-eabi-gcc "../Core/Src/main.c" -mcpu=cortex-m4 -std=gnu11 -g3 -DDEBUG -DUSE_HAL_DRIVER -DSTM32G431xx -c -I../Core/Inc -I../Drivers/STM32G4xx_HAL_Driver/Inc -I../Drivers/STM32G4xx_HAL_Driver/Inc/Legacy -I../Drivers/CMSIS/Device/ST/STM32G4xx/Include -I../Drivers/CMSIS/Include -O0 -ffunction-sections -fdata-sections -Wall -fstack-usage -MMD -MP -MF"Core/Src/main.d" -MT"Core/Src/main.o" --specs=nano.specs -mfpu=fpv4-sp-d16 -mfloat-abi=hard -mthumb -o "Core/Src/main.o"
../Core/Src/main.c: In function 'main':
../Core/Src/main.c:448:7: warning: implicit declaration of function 'snprintf' [-Wimplicit-function-declaration]
  448 |   c = snprintf(temp, sizeof(temp),"%d\n", save[i]);
      |       ^~~~~~~~
../Core/Src/main.c:448:7: warning: incompatible implicit declaration of built-in function 'snprintf'
../Core/Src/main.c:21:1: note: include '<stdio.h>' or provide a declaration of 'snprintf'
   20 | #include "main.h"
  +++ |+#include <stdio.h>
   21 | 
../Core/Src/main.c:448:16: warning: pointer targets in passing argument 1 of 'snprintf' differ in signedness [-Wpointer-sign]
  448 |   c = snprintf(temp, sizeof(temp),"%d\n", save[i]);
      |                ^~~~
      |                |
      |                unsigned char *
../Core/Src/main.c:448:16: note: expected 'char *' but argument is of type 'unsigned char *'
../Core/Src/main.c:305:49: warning: unused variable 'max_time' [-Wunused-variable]
  305 |  unsigned int c = 0, d = 0, t = 2000, tt = 100, max_time = 50000;
      |                                                 ^~~~~~~~
../Core/Src/main.c:305:39: warning: unused variable 'tt' [-Wunused-variable]
  305 |  unsigned int c = 0, d = 0, t = 2000, tt = 100, max_time = 50000;
      |                                       ^~
../Core/Src/main.c:268:27: warning: unused variable 'save_i' [-Wunused-variable]
  268 |  unsigned int save[5000], save_i = 0;
      |                           ^~~~~~
../Core/Src/main.c: In function 'MX_ADC1_Init':
../Core/Src/main.c:514:24: warning: unused variable 'multimode' [-Wunused-variable]
  514 |   ADC_MultiModeTypeDef multimode = {0};
      |                        ^~~~~~~~~
At top level:
../Core/Src/main.c:826:13: warning: 'MX_TIM6_Init' defined but not used [-Wunused-function]
  826 | static void MX_TIM6_Init(void)
      |             ^~~~~~~~~~~~
arm-none-eabi-gcc -o "ESC_G4.elf" @"objects.list"   -mcpu=cortex-m4 -T"D:\Projects\STM32-Projects\ESC_G4\STM32G431KBUX_FLASH.ld" --specs=nosys.specs -Wl,-Map="ESC_G4.map" -Wl,--gc-sections -static --specs=nano.specs -mfpu=fpv4-sp-d16 -mfloat-abi=hard -mthumb -Wl,--start-group -lc -lm -Wl,--end-group
Finished building target: ESC_G4.elf
 
arm-none-eabi-size   ESC_G4.elf 
arm-none-eabi-objdump -h -S  ESC_G4.elf  > "ESC_G4.list"
   text	   data	    bss	    dec	    hex	filename
  30264	     20	  22172	  52456	   cce8	ESC_G4.elf
Finished building: default.size.stdout
 
Finished building: ESC_G4.list
 
22:27:15 **** Incremental Build of configuration Debug for project ESC_G4 ****
make -j20 all 
arm-none-eabi-gcc "../Core/Src/main.c" -mcpu=cortex-m4 -std=gnu11 -g3 -DDEBUG -DUSE_HAL_DRIVER -DSTM32G431xx -c -I../Core/Inc -I../Drivers/STM32G4xx_HAL_Driver/Inc -I../Drivers/STM32G4xx_HAL_Driver/Inc/Legacy -I../Drivers/CMSIS/Device/ST/STM32G4xx/Include -I../Drivers/CMSIS/Include -O0 -ffunction-sections -fdata-sections -Wall -fstack-usage -MMD -MP -MF"Core/Src/main.d" -MT"Core/Src/main.o" --specs=nano.specs -mfpu=fpv4-sp-d16 -mfloat-abi=hard -mthumb -o "Core/Src/main.o"
../Core/Src/main.c: In function 'main':
../Core/Src/main.c:448:7: warning: implicit declaration of function 'snprintf' [-Wimplicit-function-declaration]
  448 |   c = snprintf(temp, sizeof(temp),"%d\n", save[i]);
      |       ^~~~~~~~
../Core/Src/main.c:448:7: warning: incompatible implicit declaration of built-in function 'snprintf'
../Core/Src/main.c:21:1: note: include '<stdio.h>' or provide a declaration of 'snprintf'
   20 | #include "main.h"
  +++ |+#include <stdio.h>
   21 | 
../Core/Src/main.c:448:16: warning: pointer targets in passing argument 1 of 'snprintf' differ in signedness [-Wpointer-sign]
  448 |   c = snprintf(temp, sizeof(temp),"%d\n", save[i]);
      |                ^~~~
      |                |
      |                unsigned char *
../Core/Src/main.c:448:16: note: expected 'char *' but argument is of type 'unsigned char *'
../Core/Src/main.c:305:49: warning: unused variable 'max_time' [-Wunused-variable]
  305 |  unsigned int c = 0, d = 0, t = 2000, tt = 100, max_time = 50000;
      |                                                 ^~~~~~~~
../Core/Src/main.c:305:39: warning: unused variable 'tt' [-Wunused-variable]
  305 |  unsigned int c = 0, d = 0, t = 2000, tt = 100, max_time = 50000;
      |                                       ^~
../Core/Src/main.c:268:27: warning: unused variable 'save_i' [-Wunused-variable]
  268 |  unsigned int save[5000], save_i = 0;
      |                           ^~~~~~
../Core/Src/main.c: In function 'MX_ADC1_Init':
../Core/Src/main.c:514:24: warning: unused variable 'multimode' [-Wunused-variable]
  514 |   ADC_MultiModeTypeDef multimode = {0};
      |                        ^~~~~~~~~
At top level:
../Core/Src/main.c:826:13: warning: 'MX_TIM6_Init' defined but not used [-Wunused-function]
  826 | static void MX_TIM6_Init(void)
      |             ^~~~~~~~~~~~
arm-none-eabi-gcc -o "ESC_G4.elf" @"objects.list"   -mcpu=cortex-m4 -T"D:\Projects\STM32-Projects\ESC_G4\STM32G431KBUX_FLASH.ld" --specs=nosys.specs -Wl,-Map="ESC_G4.map" -Wl,--gc-sections -static --specs=nano.specs -mfpu=fpv4-sp-d16 -mfloat-abi=hard -mthumb -Wl,--start-group -lc -lm -Wl,--end-group
Finished building target: ESC_G4.elf
 
arm-none-eabi-size   ESC_G4.elf 
arm-none-eabi-objdump -h -S  ESC_G4.elf  > "ESC_G4.list"
   text	   data	    bss	    dec	    hex	filename
  30264	     20	  22172	  52456	   cce8	ESC_G4.elf
Finished building: default.size.stdout
 
Finished building: ESC_G4.list
 
22:27:47 **** Incremental Build of configuration Debug for project ESC_G4 ****
make -j20 all 
arm-none-eabi-gcc "../Core/Src/main.c" -mcpu=cortex-m4 -std=gnu11 -g3 -DDEBUG -DUSE_HAL_DRIVER -DSTM32G431xx -c -I../Core/Inc -I../Drivers/STM32G4xx_HAL_Driver/Inc -I../Drivers/STM32G4xx_HAL_Driver/Inc/Legacy -I../Drivers/CMSIS/Device/ST/STM32G4xx/Include -I../Drivers/CMSIS/Include -O0 -ffunction-sections -fdata-sections -Wall -fstack-usage -MMD -MP -MF"Core/Src/main.d" -MT"Core/Src/main.o" --specs=nano.specs -mfpu=fpv4-sp-d16 -mfloat-abi=hard -mthumb -o "Core/Src/main.o"
../Core/Src/main.c: In function 'main':
../Core/Src/main.c:448:7: warning: implicit declaration of function 'snprintf' [-Wimplicit-function-declaration]
  448 |   c = snprintf(temp, sizeof(temp),"%d\n", save[i]);
      |       ^~~~~~~~
../Core/Src/main.c:448:7: warning: incompatible implicit declaration of built-in function 'snprintf'
../Core/Src/main.c:21:1: note: include '<stdio.h>' or provide a declaration of 'snprintf'
   20 | #include "main.h"
  +++ |+#include <stdio.h>
   21 | 
../Core/Src/main.c:448:16: warning: pointer targets in passing argument 1 of 'snprintf' differ in signedness [-Wpointer-sign]
  448 |   c = snprintf(temp, sizeof(temp),"%d\n", save[i]);
      |                ^~~~
      |                |
      |                unsigned char *
../Core/Src/main.c:448:16: note: expected 'char *' but argument is of type 'unsigned char *'
../Core/Src/main.c:305:49: warning: unused variable 'max_time' [-Wunused-variable]
  305 |  unsigned int c = 0, d = 0, t = 2000, tt = 100, max_time = 50000;
      |                                                 ^~~~~~~~
../Core/Src/main.c:305:39: warning: unused variable 'tt' [-Wunused-variable]
  305 |  unsigned int c = 0, d = 0, t = 2000, tt = 100, max_time = 50000;
      |                                       ^~
../Core/Src/main.c:268:27: warning: unused variable 'save_i' [-Wunused-variable]
  268 |  unsigned int save[5000], save_i = 0;
      |                           ^~~~~~
../Core/Src/main.c: In function 'MX_ADC1_Init':
../Core/Src/main.c:514:24: warning: unused variable 'multimode' [-Wunused-variable]
  514 |   ADC_MultiModeTypeDef multimode = {0};
      |                        ^~~~~~~~~
At top level:
../Core/Src/main.c:826:13: warning: 'MX_TIM6_Init' defined but not used [-Wunused-function]
  826 | static void MX_TIM6_Init(void)
      |             ^~~~~~~~~~~~
arm-none-eabi-gcc -o "ESC_G4.elf" @"objects.list"   -mcpu=cortex-m4 -T"D:\Projects\STM32-Projects\ESC_G4\STM32G431KBUX_FLASH.ld" --specs=nosys.specs -Wl,-Map="ESC_G4.map" -Wl,--gc-sections -static --specs=nano.specs -mfpu=fpv4-sp-d16 -mfloat-abi=hard -mthumb -Wl,--start-group -lc -lm -Wl,--end-group
Finished building target: ESC_G4.elf
 
arm-none-eabi-size   ESC_G4.elf 
arm-none-eabi-objdump -h -S  ESC_G4.elf  > "ESC_G4.list"
   text	   data	    bss	    dec	    hex	filename
  30264	     20	  22172	  52456	   cce8	ESC_G4.elf
Finished building: default.size.stdout
 
Finished building: ESC_G4.list
 
17:11:57 **** Incremental Build of configuration Debug for project ESC_G4 ****
make -j20 all 
arm-none-eabi-gcc "../Core/Src/main.c" -mcpu=cortex-m4 -std=gnu11 -g3 -DDEBUG -DUSE_HAL_DRIVER -DSTM32G431xx -c -I../Core/Inc -I../Drivers/STM32G4xx_HAL_Driver/Inc -I../Drivers/STM32G4xx_HAL_Driver/Inc/Legacy -I../Drivers/CMSIS/Device/ST/STM32G4xx/Include -I../Drivers/CMSIS/Include -O0 -ffunction-sections -fdata-sections -Wall -fstack-usage -MMD -MP -MF"Core/Src/main.d" -MT"Core/Src/main.o" --specs=nano.specs -mfpu=fpv4-sp-d16 -mfloat-abi=hard -mthumb -o "Core/Src/main.o"
../Core/Src/main.c: In function 'main':
../Core/Src/main.c:448:7: warning: implicit declaration of function 'snprintf' [-Wimplicit-function-declaration]
  448 |   c = snprintf(temp, sizeof(temp),"%d\n", save[i]);
      |       ^~~~~~~~
../Core/Src/main.c:448:7: warning: incompatible implicit declaration of built-in function 'snprintf'
../Core/Src/main.c:21:1: note: include '<stdio.h>' or provide a declaration of 'snprintf'
   20 | #include "main.h"
  +++ |+#include <stdio.h>
   21 | 
../Core/Src/main.c:448:16: warning: pointer targets in passing argument 1 of 'snprintf' differ in signedness [-Wpointer-sign]
  448 |   c = snprintf(temp, sizeof(temp),"%d\n", save[i]);
      |                ^~~~
      |                |
      |                unsigned char *
../Core/Src/main.c:448:16: note: expected 'char *' but argument is of type 'unsigned char *'
../Core/Src/main.c:305:49: warning: unused variable 'max_time' [-Wunused-variable]
  305 |  unsigned int c = 0, d = 0, t = 2000, tt = 100, max_time = 50000;
      |                                                 ^~~~~~~~
../Core/Src/main.c:305:39: warning: unused variable 'tt' [-Wunused-variable]
  305 |  unsigned int c = 0, d = 0, t = 2000, tt = 100, max_time = 50000;
      |                                       ^~
../Core/Src/main.c:268:27: warning: unused variable 'save_i' [-Wunused-variable]
  268 |  unsigned int save[5000], save_i = 0;
      |                           ^~~~~~
../Core/Src/main.c: In function 'MX_ADC1_Init':
../Core/Src/main.c:514:24: warning: unused variable 'multimode' [-Wunused-variable]
  514 |   ADC_MultiModeTypeDef multimode = {0};
      |                        ^~~~~~~~~
At top level:
../Core/Src/main.c:826:13: warning: 'MX_TIM6_Init' defined but not used [-Wunused-function]
  826 | static void MX_TIM6_Init(void)
      |             ^~~~~~~~~~~~
arm-none-eabi-gcc -o "ESC_G4.elf" @"objects.list"   -mcpu=cortex-m4 -T"D:\Projects\STM32-Projects\ESC_G4\STM32G431KBUX_FLASH.ld" --specs=nosys.specs -Wl,-Map="ESC_G4.map" -Wl,--gc-sections -static --specs=nano.specs -mfpu=fpv4-sp-d16 -mfloat-abi=hard -mthumb -Wl,--start-group -lc -lm -Wl,--end-group
Finished building target: ESC_G4.elf
 
arm-none-eabi-size   ESC_G4.elf 
arm-none-eabi-objdump -h -S  ESC_G4.elf  > "ESC_G4.list"
   text	   data	    bss	    dec	    hex	filename
  30244	     20	  22172	  52436	   ccd4	ESC_G4.elf
Finished building: default.size.stdout
 
Finished building: ESC_G4.list
 
17:13:30 **** Incremental Build of configuration Debug for project ESC_G4 ****
make -j20 all 
arm-none-eabi-gcc "../Core/Src/main.c" -mcpu=cortex-m4 -std=gnu11 -g3 -DDEBUG -DUSE_HAL_DRIVER -DSTM32G431xx -c -I../Core/Inc -I../Drivers/STM32G4xx_HAL_Driver/Inc -I../Drivers/STM32G4xx_HAL_Driver/Inc/Legacy -I../Drivers/CMSIS/Device/ST/STM32G4xx/Include -I../Drivers/CMSIS/Include -O0 -ffunction-sections -fdata-sections -Wall -fstack-usage -MMD -MP -MF"Core/Src/main.d" -MT"Core/Src/main.o" --specs=nano.specs -mfpu=fpv4-sp-d16 -mfloat-abi=hard -mthumb -o "Core/Src/main.o"
../Core/Src/main.c: In function 'main':
../Core/Src/main.c:448:7: warning: implicit declaration of function 'snprintf' [-Wimplicit-function-declaration]
  448 |   c = snprintf(temp, sizeof(temp),"%d\n", save[i]);
      |       ^~~~~~~~
../Core/Src/main.c:448:7: warning: incompatible implicit declaration of built-in function 'snprintf'
../Core/Src/main.c:21:1: note: include '<stdio.h>' or provide a declaration of 'snprintf'
   20 | #include "main.h"
  +++ |+#include <stdio.h>
   21 | 
../Core/Src/main.c:448:16: warning: pointer targets in passing argument 1 of 'snprintf' differ in signedness [-Wpointer-sign]
  448 |   c = snprintf(temp, sizeof(temp),"%d\n", save[i]);
      |                ^~~~
      |                |
      |                unsigned char *
../Core/Src/main.c:448:16: note: expected 'char *' but argument is of type 'unsigned char *'
../Core/Src/main.c:305:49: warning: unused variable 'max_time' [-Wunused-variable]
  305 |  unsigned int c = 0, d = 0, t = 2000, tt = 100, max_time = 50000;
      |                                                 ^~~~~~~~
../Core/Src/main.c:305:39: warning: unused variable 'tt' [-Wunused-variable]
  305 |  unsigned int c = 0, d = 0, t = 2000, tt = 100, max_time = 50000;
      |                                       ^~
../Core/Src/main.c:268:27: warning: unused variable 'save_i' [-Wunused-variable]
  268 |  unsigned int save[5000], save_i = 0;
      |                           ^~~~~~
../Core/Src/main.c: In function 'MX_ADC1_Init':
../Core/Src/main.c:514:24: warning: unused variable 'multimode' [-Wunused-variable]
  514 |   ADC_MultiModeTypeDef multimode = {0};
      |                        ^~~~~~~~~
At top level:
../Core/Src/main.c:826:13: warning: 'MX_TIM6_Init' defined but not used [-Wunused-function]
  826 | static void MX_TIM6_Init(void)
      |             ^~~~~~~~~~~~
arm-none-eabi-gcc -o "ESC_G4.elf" @"objects.list"   -mcpu=cortex-m4 -T"D:\Projects\STM32-Projects\ESC_G4\STM32G431KBUX_FLASH.ld" --specs=nosys.specs -Wl,-Map="ESC_G4.map" -Wl,--gc-sections -static --specs=nano.specs -mfpu=fpv4-sp-d16 -mfloat-abi=hard -mthumb -Wl,--start-group -lc -lm -Wl,--end-group
Finished building target: ESC_G4.elf
 
arm-none-eabi-size   ESC_G4.elf 
arm-none-eabi-objdump -h -S  ESC_G4.elf  > "ESC_G4.list"
   text	   data	    bss	    dec	    hex	filename
  30244	     20	  22172	  52436	   ccd4	ESC_G4.elf
Finished building: default.size.stdout
 
Finished building: ESC_G4.list
 
